07-07 21:57:45.410   265   265 I Parcel  : ~Parcel 0xbee47e88:363 (pid=265) Entry
07-07 21:57:45.410   265   265 I Parcel  : freeDataNoInit 0xbee47e88:2540 (pid=265) mOwner is Null Entry
07-07 21:57:45.410   265   265 I Parcel  : Parcel constructing 0xbee47e88:357 (pid=265) Entry
07-07 21:57:45.411   265   265 I Parcel  : Parcel constructing 0xbee47e54:357 (pid=265) Entry
07-07 21:57:45.411   265   265 I         : BC_TRANSACTION thr 0xb47d34a4 / hand 2 / code 0x00000001: Parcel(
07-07 21:57:45.411   265   265 I         :     0x00000000: 00400000 00000025 006e0061 00720064 '..@.%...a.n.d.r.'
07-07 21:57:45.411   265   265 I         :     0x00000010: 0069006f 002e0064 0073006f 0049002e 'o.i.d...o.s...I.'
07-07 21:57:45.411   265   265 I         :     0x00000020: 00610042 00740074 00720065 00500079 'B.a.t.t.e.r.y.P.'
07-07 21:57:45.411   265   265 I         :     0x00000030: 006f0072 00650070 00740072 00650069 'r.o.p.e.r.t.i.e.'
07-07 21:57:45.411   265   265 I         :     0x00000040: 004c0073 00730069 00650074 0065006e 's.L.i.s.t.e.n.e.'
07-07 21:57:45.411   265   265 I         :     0x00000050: 00000072 00000001 00000001 00000000 'r...............'
07-07 21:57:45.411   265   265 I         :     0x00000060: 00000000 00000000 00000000 00000005 '................'
07-07 21:57:45.411   265   265 I         :     0x00000070: 00000002 00000001 00000064 00001063 '........d...c...'
07-07 21:57:45.411   265   265 I         :     0x00000080: 000000fa 00000000 001cfde0 00000006 '................'
07-07 21:57:45.411   265   265 I         :     0x00000090: 0069004c 0069002d 006e006f 00000000 'L.i.-.i.o.n.....')
07-07 21:57:45.412   265   265 I         : Sending commands to driver: 
07-07 21:57:45.412   265   265 I         :   0x00000000: 40286300 00000002 00000000 00000001 '.c(@............'
07-07 21:57:45.412   265   265 I         :   0x00000010: 00000011 00000000 00000000 000000a0 '................'
07-07 21:57:45.412   265   265 I         :   0x00000020: 00000000 b3e370c0 00000000          '.....p......    '
07-07 21:57:45.412   265   265 I         :   BC_TRANSACTION: target.desc=2 (cookie 0)
07-07 21:57:45.412   265   265 I         :     code=0x00000001, flags=0x11
07-07 21:57:45.412   265   265 I         :     data=3018027200 (0xa0 bytes)
07-07 21:57:45.412   265   265 I         :     offsets=0 (0x0 bytes)
07-07 21:57:45.412   265   265 I         : Size of receive buffer: 256, needRead: true, doReceive: true
07-07 21:57:45.412   265   265 I         : About to read/write, write size = 44
07-07 21:57:45.412   498  1302 I         : Finished read/write, write size = 8
07-07 21:57:45.412   498  1302 I         : Our err: 0x0, write consumed: 8 (of 8), read consumed: 48
07-07 21:57:45.413   498  1302 I         : Remaining data size: 0
07-07 21:57:45.413   498  1302 I         : Received commands from driver: 
07-07 21:57:45.413   498  1302 I         :   0x00000000: 0000720c 80287202 8db2e720 9c6c5a20 '.r...r(. ... Zl.'
07-07 21:57:45.413   498  1302 I         :   0x00000010: 00000001 00000011 00000000 00000000 '................'
07-07 21:57:45.413   498  1302 I         :   0x00000020: 000000a0 00000000 9224f05c 9224f0fc '........\.$...$.'
07-07 21:57:45.413   498  1302 I         :   BR_NOOP
07-07 21:57:45.413   498  1302 I         :   BR_TRANSACTION: target.ptr=2377312032 (cookie 2624346656)
07-07 21:57:45.413   498  1302 I         :     code=0x00000001, flags=0x11
07-07 21:57:45.413   498  1302 I         :     data=2451894364 (0xa0 bytes)
07-07 21:57:45.413   498  1302 I         :     offsets=2451894524 (0x0 bytes)
07-07 21:57:45.413   498  1302 I         : Processing top-level Command: BR_NOOP
07-07 21:57:45.413   498  1302 I         : Size of receive buffer: 0, needRead: false, doReceive: true
07-07 21:57:45.413   498  1302 I         : Processing top-level Command: BR_TRANSACTION
07-07 21:57:45.413   498  1302 I Parcel  : Parcel constructing 0x86ac1810:357 (pid=498) Entry
07-07 21:57:45.413   498  1302 I Parcel  : freeDataNoInit 0x86ac1810:2540 (pid=498) mOwner is Null Entry
07-07 21:57:45.413   498  1302 I Parcel  : setDataReference Setting data size of 0x86ac1810 to 160 (pid=498)
07-07 21:57:45.413   498  1302 I Parcel  : Parcel constructing 0x86ac17dc:357 (pid=498) Entry
07-07 21:57:45.414   498  1302 I         : BR_TRANSACTION thr 0x86ac1970 / obj 2377312032 / code 0x00000001: Parcel(
07-07 21:57:45.414   498  1302 I         :     0x00000000: 00400000 00000025 006e0061 00720064 '..@.%...a.n.d.r.'
07-07 21:57:45.414   498  1302 I         :     0x00000010: 0069006f 002e0064 0073006f 0049002e 'o.i.d...o.s...I.'
07-07 21:57:45.414   498  1302 I         :     0x00000020: 00610042 00740074 00720065 00500079 'B.a.t.t.e.r.y.P.'
07-07 21:57:45.414   498  1302 I         :     0x00000030: 006f0072 00650070 00740072 00650069 'r.o.p.e.r.t.i.e.'
07-07 21:57:45.414   498  1302 I         :     0x00000040: 004c0073 00730069 00650074 0065006e 's.L.i.s.t.e.n.e.'
07-07 21:57:45.414   498  1302 I         :     0x00000050: 00000072 00000001 00000001 00000000 'r...............'
07-07 21:57:45.414   498  1302 I         :     0x00000060: 00000000 00000000 00000000 00000005 '................'
07-07 21:57:45.414   498  1302 I         :     0x00000070: 00000002 00000001 00000064 00001063 '........d...c...'
07-07 21:57:45.414   498  1302 I         :     0x00000080: 000000fa 00000000 001cfde0 00000006 '................'
07-07 21:57:45.414   498  1302 I         :     0x00000090: 0069004c 0069002d 006e006f 00000000 'L.i.-.i.o.n.....')
07-07 21:57:45.414   498  1302 I         : Data addr = , offsets addr=0x9224f0fc
07-07 21:57:45.414   498  1302 I         : BC_REPLY thr 0x86ac1970 / obj 2377312032: Parcel(NULL)
07-07 21:57:45.414   498  1302 I Parcel  : ~Parcel 0x86ac17dc:363 (pid=498) Entry
07-07 21:57:45.414   498  1302 I Parcel  : freeDataNoInit 0x86ac17dc:2540 (pid=498) mOwner is Null Entry
07-07 21:57:45.414   498  1302 I Parcel  : ~Parcel 0x86ac1810:363 (pid=498) Entry
07-07 21:57:45.414   498  1302 I Parcel  : freeDataNoInit 0x86ac1810:2535 (pid=498) mOwner isNot Null Entry
07-07 21:57:45.414   498  1302 I         : Writing BC_FREE_BUFFER for 
07-07 21:57:45.415   498  1302 I         : Sending commands to driver: 40046303 9224f05c   '.c.@\.$.'
07-07 21:57:45.415   498  1302 I         :   BC_FREE_BUFFER: buffer=0x9224f05c
07-07 21:57:45.415   498  1302 I         : Size of receive buffer: 256, needRead: true, doReceive: true
07-07 21:57:45.415   498  1302 I         : About to read/write, write size = 8
07-07 21:57:45.416   265   265 I         : Finished read/write, write size = 44
07-07 21:57:45.416   265   265 I         : Our err: 0x0, write consumed: 44 (of 44), read consumed: 8
07-07 21:57:45.416   265   265 I         : Remaining data size: 0
07-07 21:57:45.416   265   265 I         : Received commands from driver: 0000720c 00007206   '.r...r..'
07-07 21:57:45.416   265   265 I         :   BR_NOOP
07-07 21:57:45.416   265   265 I         :   BR_TRANSACTION_COMPLETE
07-07 21:57:45.416   265   265 I         : Processing waitForResponse Command: BR_NOOP
07-07 21:57:45.416   265   265 I         : Size of receive buffer: 0, needRead: false, doReceive: true
07-07 21:57:45.417   265   265 I         : Processing waitForResponse Command: BR_TRANSACTION_COMPLETE
07-07 21:57:45.417   265   265 I Parcel  : ~Parcel 0xbee47e54:363 (pid=265) Entry
07-07 21:57:45.417   265   265 I Parcel  : freeDataNoInit 0xbee47e54:2540 (pid=265) mOwner is Null Entry
07-07 21:57:45.417   265   265 I Parcel  : ~Parcel 0xbee47e88:363 (pid=265) Entry
07-07 21:57:45.417   265   265 I Parcel  : freeDataNoInit 0xbee47e88:2540 (pid=265) mOwner is Null Entry
07-07 21:57:45.417   265   265 I         : Size of receive buffer: 0, needRead: true, doReceive: false
07-07 21:57:45.418   351   430 I         : Finished read/write, write size = 8
07-07 21:57:45.418   351   430 I         : Our err: 0x0, write consumed: 8 (of 8), read consumed: 48
07-07 21:57:45.418   351   430 I         : Remaining data size: 0
07-07 21:57:45.418   351   430 I         : Received commands from driver: 
07-07 21:57:45.418   351   430 I         :   0x00000000: 0000720c 80287202 a941f190 a9438004 '.r...r(...A...C.'
07-07 21:57:45.418   351   430 I         :   0x00000010: 00000001 00000011 00000000 00000000 '................'
07-07 21:57:45.418   351   430 I         :   0x00000020: 000000a0 00000000 a91e5000 a91e50a0 '.........P...P..'
07-07 21:57:45.418   351   430 I         :   BR_NOOP
07-07 21:57:45.418   351   430 I         :   BR_TRANSACTION: target.ptr=2839671184 (cookie 2839773188)
07-07 21:57:45.418   351   430 I         :     code=0x00000001, flags=0x11
07-07 21:57:45.418   351   430 I         :     data=2837336064 (0xa0 bytes)
07-07 21:57:45.418   351   430 I         :     offsets=2837336224 (0x0 bytes)
07-07 21:57:45.419   351   430 I         : Processing top-level Command: BR_NOOP
07-07 21:57:45.419   351   430 I         : Size of receive buffer: 0, needRead: false, doReceive: true
07-07 21:57:45.419   351   430 I         : Processing top-level Command: BR_TRANSACTION
07-07 21:57:45.419   351   430 I Parcel  : Parcel constructing 0xa91e4838:357 (pid=351) Entry
07-07 21:57:45.419   351   430 I Parcel  : freeDataNoInit 0xa91e4838:2540 (pid=351) mOwner is Null Entry
07-07 21:57:45.420   351   430 I Parcel  : setDataReference Setting data size of 0xa91e4838 to 160 (pid=351)
07-07 21:57:45.420   351   430 I Parcel  : Parcel constructing 0xa91e4804:357 (pid=351) Entry
07-07 21:57:45.420   351   430 I         : BR_TRANSACTION thr 0xa91e4970 / obj 2839671184 / code 0x00000001: Parcel(
07-07 21:57:45.420   351   430 I         :     0x00000000: 00400000 00000025 006e0061 00720064 '..@.%...a.n.d.r.'
07-07 21:57:45.420   351   430 I         :     0x00000010: 0069006f 002e0064 0073006f 0049002e 'o.i.d...o.s...I.'
07-07 21:57:45.420   351   430 I         :     0x00000020: 00610042 00740074 00720065 00500079 'B.a.t.t.e.r.y.P.'
07-07 21:57:45.420   351   430 I         :     0x00000030: 006f0072 00650070 00740072 00650069 'r.o.p.e.r.t.i.e.'
07-07 21:57:45.420   351   430 I         :     0x00000040: 004c0073 00730069 00650074 0065006e 's.L.i.s.t.e.n.e.'
07-07 21:57:45.420   351   430 I         :     0x00000050: 00000072 00000001 00000001 00000000 'r...............'
07-07 21:57:45.420   351   430 I         :     0x00000060: 00000000 00000000 00000000 00000005 '................'
07-07 21:57:45.420   351   430 I         :     0x00000070: 00000002 00000001 00000064 00001063 '........d...c...'
07-07 21:57:45.420   351   430 I         :     0x00000080: 000000fa 00000000 001cfde0 00000006 '................'
07-07 21:57:45.420   351   430 I         :     0x00000090: 0069004c 0069002d 006e006f 00000000 'L.i.-.i.o.n.....')
07-07 21:57:45.420   351   430 I         : Data addr = , offsets addr=0xa91e50a0
07-07 21:57:45.420   351   430 I         : BC_REPLY thr 0xa91e4970 / obj 2839671184: Parcel(NULL)
07-07 21:57:45.421   351   430 I Parcel  : ~Parcel 0xa91e4804:363 (pid=351) Entry
07-07 21:57:45.421   351   430 I Parcel  : freeDataNoInit 0xa91e4804:2540 (pid=351) mOwner is Null Entry
07-07 21:57:45.421   351   430 I Parcel  : ~Parcel 0xa91e4838:363 (pid=351) Entry
07-07 21:57:45.421   351   430 I Parcel  : freeDataNoInit 0xa91e4838:2535 (pid=351) mOwner isNot Null Entry
07-07 21:57:45.421   351   430 I         : Writing BC_FREE_BUFFER for 
07-07 21:57:45.422   351   430 I         : Sending commands to driver: 40046303 a91e5000   '.c.@.P..'
07-07 21:57:45.422   351   430 I         :   BC_FREE_BUFFER: buffer=0xa91e5000
07-07 21:57:45.422   351   430 I         : Size of receive buffer: 256, needRead: true, doReceive: true
07-07 21:57:45.422   351   430 I         : About to read/write, write size = 8
07-07 21:57:46.912   265   265 I         : Size of receive buffer: 0, needRead: true, doReceive: false
07-07 21:57:47.034   263   284 I vendor.mediatek.hardware.power@1.1-impl: querySysInfo cmd:6, param:0
07-07 21:57:47.034   263   283 I powerd  : [powerd_req] POWER_MSG_QUERY_INFO: cmd:6, param:0
07-07 21:57:47.034   263   283 I libPerfService: perfUserGetCapability - cmd:6, id:0, value:1333
07-07 21:57:49.035   263   284 I vendor.mediatek.hardware.power@1.1-impl: querySysInfo cmd:6, param:0
07-07 21:57:49.035   263   283 I powerd  : [powerd_req] POWER_MSG_QUERY_INFO: cmd:6, param:0
07-07 21:57:49.036   263   283 I libPerfService: perfUserGetCapability - cmd:6, id:0, value:1333

07-07 21:57:50.023   265   265 I         : Size of receive buffer: 0, needRead: true, doReceive: false


















07-07 21:57:51.036   263   284 I vendor.mediatek.hardware.power@1.1-impl: querySysInfo cmd:6, param:0
07-07 21:57:51.037   263   283 I powerd  : [powerd_req] POWER_MSG_QUERY_INFO: cmd:6, param:0
07-07 21:57:51.037   263   283 I libPerfService: perfUserGetCapability - cmd:6, id:0, value:1333
07-07 21:57:52.521   265   265 I         : Size of receive buffer: 0, needRead: true, doReceive: false
07-07 21:57:52.976  1881  1881 D PQ      : [PQ_PROT] [PQCust] libpq_cust_base.so absent, libpq_cust.so OK
07-07 21:57:52.982  1881  1881 D SharedBuffer: shareBufferServer LINE = 72 
07-07 21:57:52.982  1881  1881 I Parcel  : Parcel constructing 0xbe9f77b0:357 (pid=1881) Entry   processState->getStrongProxyForHandle()->data
07-07 21:57:52.982  1881  1881 I Parcel  : Parcel constructing 0xa406102c:357 (pid=1881) Entry   IPCThreadState->mIn
07-07 21:57:52.982  1881  1881 I Parcel  : Parcel constructing 0xa4061060:357 (pid=1881) Entry   IPCThreadState->mOut
07-07 21:57:52.982  1881  1881 I         : BC_TRANSACTION thr 0xa78934a4 / hand 0 / code '_PNG': Parcel(NULL)
07-07 21:57:52.982  1881  1881 D ipc     : >>>> SEND from pid 1881 uid 0 READ REPLY
07-07 21:57:52.982  1881  1881 I Parcel  : Parcel constructing 0xbe9f7744:357 (pid=1881) Entry	 transact->fakeReply

===================================================> waitForResponse start
07-07 21:57:52.982  1881  1881 I         : Sending commands to driver: 		
07-07 21:57:52.982  1881  1881 I         :   0x00000000: 40286300 00000000 00000000 5f504e47 '.c(@........GNP_'
07-07 21:57:52.982  1881  1881 I         :   0x00000010: 00000010 00000000 00000000 00000000 '................'
07-07 21:57:52.982  1881  1881 I         :   0x00000020: 00000000 00000000 00000000          '............    '
07-07 21:57:52.982  1881  1881 I         :   BC_TRANSACTION: target.desc=0 (cookie 0)
07-07 21:57:52.982  1881  1881 I         :     code='_PNG', flags=0x10
07-07 21:57:52.982  1881  1881 I         :     data=0 (0x0 bytes)
07-07 21:57:52.982  1881  1881 I         :     offsets=0 (0x0 bytes)
07-07 21:57:52.982  1881  1881 I         : Size of receive buffer: 256, needRead: true, doReceive: true
07-07 21:57:52.983  1881  1881 I         : About to read/write, write size = 44
07-07 21:57:52.983  1881  1881 I         : Finished read/write, write size = 44
07-07 21:57:52.983  1881  1881 I         : Our err: 0x0, write consumed: 44 (of 44), read consumed: 8
07-07 21:57:52.983  1881  1881 I         : Remaining data size: 0
07-07 21:57:52.983  1881  1881 I         : Received commands from driver: 0000720c 00007206   '.r...r..'
07-07 21:57:52.983  1881  1881 I         :   BR_NOOP
07-07 21:57:52.983  1881  1881 I         :   BR_TRANSACTION_COMPLETE
07-07 21:57:52.983  1881  1881 I         : Processing waitForResponse Command: BR_NOOP
07-07 21:57:52.983  1881  1881 I         : Size of receive buffer: 0, needRead: false, doReceive: true
07-07 21:57:52.983  1881  1881 I         : Processing waitForResponse Command: BR_TRANSACTION_COMPLETE
07-07 21:57:52.983  1881  1881 I         : Size of receive buffer: 256, needRead: true, doReceive: true
07-07 21:57:52.983  1881  1881 I         : About to read/write, write size = 0
07-07 21:57:52.983   232   232 D Binder  : vnd Sven after ioctl 
07-07 21:57:52.983   232   232 E Binder  : binder_parse(): comand: BR_NOOP 
07-07 21:57:52.983   232   232 E Binder  : binder_parse(): comand: BR_TRANSACTION 
07-07 21:57:52.983   232   232 D Binder  : vnd Sven again ioctl 
07-07 21:57:52.983   232   232 D Binder  : vnd Sven before ioctl 
07-07 21:57:52.984   232   232 D Binder  : vnd Sven after ioctl 
									======================> to send BC_REPLY for PING_TRANSACTION
07-07 21:57:52.984   232   232 E Binder  : binder_parse(): comand: BR_NOOP 
07-07 21:57:52.984   232   232 E Binder  : binder_parse(): comand: BR_TRANSACTION_COMPLETE 
07-07 21:57:52.984   232   232 D Binder  : vnd Sven again ioctl 
07-07 21:57:52.984   232   232 D Binder  : vnd Sven before ioctl 
07-07 21:57:52.984  1881  1881 I         : Finished read/write, write size = 0
07-07 21:57:52.984  1881  1881 I         : Our err: 0x0, write consumed: 0 (of 0), read consumed: 48
07-07 21:57:52.984  1881  1881 I         : Remaining data size: 0
07-07 21:57:52.984  1881  1881 I         : Received commands from driver: 
07-07 21:57:52.984  1881  1881 I         :   0x00000000: 0000720c 80287203 00000000 00000000 '.r...r(.........'
07-07 21:57:52.984  1881  1881 I         :   0x00000010: 00000000 00000000 00000000 000003e8 '................'
07-07 21:57:52.984  1881  1881 I         :   0x00000020: 00000000 00000000 a7455000 a7455000 '.........PE..PE.'
07-07 21:57:52.984  1881  1881 I         :   BR_NOOP
07-07 21:57:52.984  1881  1881 I         :   BR_REPLY: target.desc=0 (cookie 0)
07-07 21:57:52.984  1881  1881 I         :     code=0x00000000, flags=0x0
07-07 21:57:52.984  1881  1881 I         :     data=2806337536 (0x0 bytes)
07-07 21:57:52.984  1881  1881 I         :     offsets=2806337536 (0x0 bytes)
07-07 21:57:52.984  1881  1881 I         : Processing waitForResponse Command: BR_NOOP
07-07 21:57:52.984  1881  1881 I         : Size of receive buffer: 0, needRead: false, doReceive: true
07-07 21:57:52.984  1881  1881 I         : Processing waitForResponse Command: BR_REPLY
07-07 21:57:52.984  1881  1881 I IPCThreadState: waitForResponse reply 0xbe9f7744:778 (pid=1881) Entry
07-07 21:57:52.984  1881  1881 I Parcel  : freeDataNoInit 0xbe9f7744:2540 (pid=1881) mOwner is Null Entry
07-07 21:57:52.984  1881  1881 I Parcel  : setDataReference Setting data size of 0xbe9f7744 to 0 (pid=1881)
07-07 21:57:52.984  1881  1881 I Parcel  : ~Parcel 0xbe9f7744:363 (pid=1881) Entry
07-07 21:57:52.984  1881  1881 I Parcel  : freeDataNoInit 0xbe9f7744:2535 (pid=1881) mOwner isNot Null Entry
07-07 21:57:52.985  1881  1881 I         : Writing BC_FREE_BUFFER for 

07-07 21:57:52.985  1881  1881 I         : BR_REPLY thr 0xa78934a4 / hand 0: (none requested)    
===================================================>  waitForResponse done

07-07 21:57:52.985  1881  1881 I Parcel  : ~Parcel 0xbe9f77b0:363 (pid=1881) Entry		processState->getStrongProxyForHandle()->data  done
07-07 21:57:52.985  1881  1881 I Parcel  : freeDataNoInit 0xbe9f77b0:2540 (pid=1881) mOwner is Null Entry
07-07 21:57:52.985  1881  1881 D remoterefs: IPCThreadState::incWeakHandle(0)
07-07 21:57:52.985  1881  1881 D remoterefs: IPCThreadState::incStrongHandle(0)
07-07 21:57:52.985  1881  1881 D audio_queue: husanzai queue_init queue = [-1485529088]
==================================================>  addServer() start
07-07 21:57:52.985  1881  1881 I Parcel  : Parcel constructing 0xbe9f77fc:357 (pid=1881) Entry		SharedBufferServer->data
07-07 21:57:52.985  1881  1881 I Parcel  : Parcel constructing 0xbe9f77c8:357 (pid=1881) Entry		SharedBufferServer->reply
07-07 21:57:52.986  1881  1881 I         : BC_TRANSACTION thr 0xa78934a4 / hand 0 / code 0x00000003: Parcel(
07-07 21:57:52.986  1881  1881 I         :     0x00000000: 00400000 0000001a 006e0061 00720064 '..@.....a.n.d.r.'
07-07 21:57:52.986  1881  1881 I         :     0x00000010: 0069006f 002e0064 0073006f 0049002e 'o.i.d...o.s...I.'
07-07 21:57:52.986  1881  1881 I         :     0x00000020: 00650053 00760072 00630069 004d0065 'S.e.r.v.i.c.e.M.'
07-07 21:57:52.986  1881  1881 I         :     0x00000030: 006e0061 00670061 00720065 00000000 'a.n.a.g.e.r.....'
07-07 21:57:52.986  1881  1881 I         :     0x00000040: 00000014 00690048 00410064 00640075 '....H.i.d.A.u.d.'
07-07 21:57:52.986  1881  1881 I         :     0x00000050: 006f0069 00680053 00720061 00640065 'i.o.S.h.a.r.e.d.'
07-07 21:57:52.986  1881  1881 I         :     0x00000060: 00750042 00660066 00720065 00000000 'B.u.f.f.e.r.....'
07-07 21:57:52.986  1881  1881 I         :     0x00000070: 73622a85 00000113 a4035fa0 a400ff24 '.*bs....._..$...'
07-07 21:57:52.986  1881  1881 I         :     0x00000080: 00000000                            '....            '
07-07 21:57:52.986  1881  1881 I         :   Object #0 @ 0x70: 'sb*' = 2751684512)
07-07 21:57:52.986  1881  1881 D ipc     : >>>> SEND from pid 1881 uid 0 READ REPLY
07-07 21:57:52.986  1881  1881 I         : Sending commands to driver: 
07-07 21:57:52.986  1881  1881 I         :   0x00000000: 40046303 a7455000 40046304 00000000 '.c.@.PE..c.@....'
07-07 21:57:52.986  1881  1881 I         :   0x00000010: 40046305 00000000 40286300 00000000 '.c.@.....c(@....'
07-07 21:57:52.986  1881  1881 I         :   0x00000020: 00000000 00000003 00000010 00000000 '................'
07-07 21:57:52.986  1881  1881 I         :   0x00000030: 00000000 00000084 00000004 a40610c0 '................'
07-07 21:57:52.986  1881  1881 I         :   0x00000040: a4035fd0                            '._..            '
07-07 21:57:52.986  1881  1881 I         :   BC_FREE_BUFFER: buffer=0xa7455000
07-07 21:57:52.986  1881  1881 I         :   BC_INCREFS: desc=0
07-07 21:57:52.986  1881  1881 I         :   BC_ACQUIRE: desc=0
07-07 21:57:52.986  1881  1881 I         :   BC_TRANSACTION: target.desc=0 (cookie 0)
07-07 21:57:52.986  1881  1881 I         :     code=0x00000003, flags=0x10
07-07 21:57:52.986  1881  1881 I         :     data=2751860928 (0x84 bytes)
07-07 21:57:52.986  1881  1881 I         :     offsets=2751684560 (0x4 bytes)
07-07 21:57:52.986  1881  1881 I         : Size of receive buffer: 256, needRead: true, doReceive: true
07-07 21:57:52.986  1881  1881 I         : About to read/write, write size = 68
07-07 21:57:52.986  1881  1881 I         : Finished read/write, write size = 68
07-07 21:57:52.986  1881  1881 I         : Our err: 0x0, write consumed: 68 (of 68), read consumed: 32
07-07 21:57:52.986  1881  1881 I         : Remaining data size: 0
07-07 21:57:52.986  1881  1881 I         : Received commands from driver: 
07-07 21:57:52.986  1881  1881 I         :   0x00000000: 0000720c 80087207 a4035fa0 a400ff24 '.r...r..._..$...'
07-07 21:57:52.986  1881  1881 I         :   0x00000010: 80087208 a4035fa0 a400ff24 00007206 '.r..._..$....r..'
07-07 21:57:52.986  1881  1881 I         :   BR_NOOP
07-07 21:57:52.986  1881  1881 I         :   BR_INCREFS: target=0xa4035fa0 (cookie 0xa400ff24)
07-07 21:57:52.986  1881  1881 I         :   BR_ACQUIRE: target=0xa4035fa0 (cookie 0xa400ff24)
07-07 21:57:52.986  1881  1881 I         :   BR_TRANSACTION_COMPLETE
07-07 21:57:52.986  1881  1881 I         : Processing waitForResponse Command: BR_NOOP
07-07 21:57:52.986  1881  1881 I         : Size of receive buffer: 0, needRead: false, doReceive: true
07-07 21:57:52.986  1881  1881 I         : Processing waitForResponse Command: BR_INCREFS
07-07 21:57:52.986  1881  1881 I         : Size of receive buffer: 0, needRead: false, doReceive: true
07-07 21:57:52.987  1881  1881 I         : Processing waitForResponse Command: BR_ACQUIRE
07-07 21:57:52.987  1881  1881 D remoterefs: BR_ACQUIRE from driver on 0xa400ff24
07-07 21:57:52.987  1881  1881 I         : Size of receive buffer: 0, needRead: false, doReceive: true
07-07 21:57:52.987  1881  1881 I         : Processing waitForResponse Command: BR_TRANSACTION_COMPLETE
07-07 21:57:52.987  1881  1881 I         : Sending commands to driver: 
07-07 21:57:52.987  1881  1881 I         :   0x00000000: 40086308 a4035fa0 a400ff24 40086309 '.c.@._..$....c.@'
07-07 21:57:52.987  1881  1881 I         :   0x00000010: a4035fa0 a400ff24                   '._..$...        '
07-07 21:57:52.987  1881  1881 I         :   BC_INCREFS_DONE: target=0xa4035fa0 (cookie 0xa400ff24)
07-07 21:57:52.987  1881  1881 I         :   BC_ACQUIRE_DONE: target=0xa4035fa0 (cookie 0xa400ff24)
07-07 21:57:52.987  1881  1881 I         : Size of receive buffer: 256, needRead: true, doReceive: true
07-07 21:57:52.987  1881  1881 I         : About to read/write, write size = 24
07-07 21:57:52.993   232   232 D Binder  : vnd Sven after ioctl 
07-07 21:57:52.993   232   232 E Binder  : binder_parse(): comand: BR_NOOP 
07-07 21:57:52.993   232   232 E Binder  : binder_parse(): comand: BR_TRANSACTION 
07-07 21:57:52.995   232   232 D Binder  : vnd Sven again ioctl 
07-07 21:57:52.995   232   232 D Binder  : vnd Sven before ioctl 
07-07 21:57:52.995   232   232 D Binder  : vnd Sven after ioctl 
                                ==============> TO send BC_REPLY
07-07 21:57:52.995   232   232 E Binder  : binder_parse(): comand: BR_NOOP 
07-07 21:57:52.995   232   232 E Binder  : binder_parse(): comand: BR_TRANSACTION_COMPLETE 
07-07 21:57:52.995   232   232 D Binder  : vnd Sven again ioctl 
07-07 21:57:52.995   232   232 D Binder  : vnd Sven before ioctl 
07-07 21:57:52.995  1881  1881 I         : Finished read/write, write size = 24
07-07 21:57:52.995  1881  1881 I         : Our err: 0x0, write consumed: 24 (of 24), read consumed: 48
07-07 21:57:52.995  1881  1881 I         : Remaining data size: 0
07-07 21:57:52.995  1881  1881 I         : Received commands from driver: 
07-07 21:57:52.995  1881  1881 I         :   0x00000000: 0000720c 80287203 00000000 00000000 '.r...r(.........'
07-07 21:57:52.995  1881  1881 I         :   0x00000010: 00000000 00000000 00000000 000003e8 '................'
07-07 21:57:52.995  1881  1881 I         :   0x00000020: 00000004 00000000 a7455000 a7455004 '.........PE..PE.'
07-07 21:57:52.995  1881  1881 I         :   BR_NOOP
07-07 21:57:52.995  1881  1881 I         :   BR_REPLY: target.desc=0 (cookie 0)
07-07 21:57:52.995  1881  1881 I         :     code=0x00000000, flags=0x0
07-07 21:57:52.995  1881  1881 I         :     data=2806337536 (0x4 bytes)
07-07 21:57:52.995  1881  1881 I         :     offsets=2806337540 (0x0 bytes)
07-07 21:57:52.995  1881  1881 I         : Processing waitForResponse Command: BR_NOOP
07-07 21:57:52.995  1881  1881 I         : Size of receive buffer: 0, needRead: false, doReceive: true
07-07 21:57:52.995  1881  1881 I         : Processing waitForResponse Command: BR_REPLY
07-07 21:57:52.995  1881  1881 I IPCThreadState: waitForResponse reply 0xbe9f77c8:778 (pid=1881) Entry
07-07 21:57:52.996  1881  1881 I Parcel  : freeDataNoInit 0xbe9f77c8:2540 (pid=1881) mOwner is Null Entry
07-07 21:57:52.996  1881  1881 I Parcel  : setDataReference Setting data size of 0xbe9f77c8 to 4 (pid=1881)

07-07 21:57:52.996  1881  1881 I         : BR_REPLY thr 0xa78934a4 / hand 0: Parcel(00000000    '....')

07-07 21:57:52.996  1881  1881 I Parcel  : ~Parcel 0xbe9f77c8:363 (pid=1881) Entry
07-07 21:57:52.996  1881  1881 I Parcel  : freeDataNoInit 0xbe9f77c8:2535 (pid=1881) mOwner isNot Null Entry
07-07 21:57:52.996  1881  1881 I         : Writing BC_FREE_BUFFER for 
07-07 21:57:52.996  1881  1881 I Parcel  : ~Parcel 0xbe9f77fc:363 (pid=1881) Entry
07-07 21:57:52.996  1881  1881 I Parcel  : freeDataNoInit 0xbe9f77fc:2540 (pid=1881) mOwner is Null Entry
==================================================>  addServer() done

07-07 21:57:52.996  1881  1881 D SharedBuffer: shareBufferServer LINE = 77 
07-07 21:57:52.996  1881  1881 D SharedBuffer: main **** THREAD 0xa78934a4 (PID 1881) IS JOINING THE THREAD POOL
07-07 21:57:52.996  1881  1881 D threadpool: **** THREAD 0xa78934a4 (PID 1881) IS JOINING THE THREAD POOL
07-07 21:57:52.996  1881  1881 D threadpool: **** do THREAD 0xa78934a4 (PID 1881) IS JOINING THE THREAD POOL
07-07 21:57:52.996  1881  1881 I         : Sending commands to driver: 40046303 a7455000 0000630c  '.c.@.PE..c..'
07-07 21:57:52.996  1881  1881 I         :   BC_FREE_BUFFER: buffer=0xa7455000
07-07 21:57:52.996  1881  1881 I         :   BC_ENTER_LOOPER
07-07 21:57:52.996  1881  1881 I         : Size of receive buffer: 256, needRead: true, doReceive: true
07-07 21:57:52.996  1881  1881 I         : About to read/write, write size = 12
=====================================================> loop_thread
07-07 21:57:52.997  1881  1882 I Parcel  : Parcel constructing 0xa40610ec:357 (pid=1881) Entry
07-07 21:57:52.997  1881  1882 I Parcel  : Parcel constructing 0xa4061120:357 (pid=1881) Entry
07-07 21:57:52.997  1881  1882 D threadpool: **** THREAD 0xa3fc6970 (PID 1881) IS JOINING THE THREAD POOL
07-07 21:57:52.997  1881  1882 D threadpool: **** do THREAD 0xa3fc6970 (PID 1881) IS JOINING THE THREAD POOL

07-07 21:57:52.997  1881  1882 I         : Sending commands to driver: 0000630c    '.c..'
07-07 21:57:52.997  1881  1882 I         :   BC_ENTER_LOOPER
07-07 21:57:52.997  1881  1882 I         : Size of receive buffer: 256, needRead: true, doReceive: true
07-07 21:57:52.997  1881  1882 I         : About to read/write, write size = 4
07-07 21:57:52.997  1881  1882 I         : Finished read/write, write size = 4
07-07 21:57:52.997  1881  1882 I         : Our err: 0x0, write consumed: 4 (of 4), read consumed: 4
07-07 21:57:52.997  1881  1882 I         : Remaining data size: 0
07-07 21:57:52.997  1881  1882 I         : Received commands from driver: 0000720c    '.r..'
07-07 21:57:52.997  1881  1882 I         :   BR_NOOP
07-07 21:57:52.997  1881  1882 I         : Processing top-level Command: BR_NOOP
07-07 21:57:52.997  1881  1882 D threadpool: **** do THREAD 0xa3fc6970 (PID 1881) IS JOINING THE THREAD POOL
07-07 21:57:52.998  1881  1882 I         : Size of receive buffer: 256, needRead: true, doReceive: true
07-07 21:57:52.998  1881  1882 I         : About to read/write, write size = 0



07-07 21:57:53.040   263   284 I vendor.mediatek.hardware.power@1.1-impl: querySysInfo cmd:6, param:0
07-07 21:57:53.040   263   283 I powerd  : [powerd_req] POWER_MSG_QUERY_INFO: cmd:6, param:0
07-07 21:57:53.041   263   283 I libPerfService: perfUserGetCapability - cmd:6, id:0, value:1333
07-07 21:57:54.523   265   265 I         : Size of receive buffer: 0, needRead: true, doReceive: false


07-07 21:57:55.041   263   284 I vendor.mediatek.hardware.power@1.1-impl: querySysInfo cmd:6, param:0
07-07 21:57:55.042   263   283 I powerd  : [powerd_req] POWER_MSG_QUERY_INFO: cmd:6, param:0
07-07 21:57:55.042   263   283 I libPerfService: perfUserGetCapability - cmd:6, id:0, value:1333
07-07 21:57:55.401   265   265 I Parcel  : Parcel constructing 0xbee47e88:357 (pid=265) Entry
07-07 21:57:55.401   265   265 I Parcel  : Parcel constructing 0xbee47e54:357 (pid=265) Entry
07-07 21:57:55.402   265   265 I         : BC_TRANSACTION thr 0xb47d34a4 / hand 1 / code 0x00000001: Parcel(
07-07 21:57:55.402   265   265 I         :     0x00000000: 00400000 00000025 006e0061 00720064 '..@.%...a.n.d.r.'
07-07 21:57:55.402   265   265 I         :     0x00000010: 0069006f 002e0064 0073006f 0049002e 'o.i.d...o.s...I.'
07-07 21:57:55.402   265   265 I         :     0x00000020: 00610042 00740074 00720065 00500079 'B.a.t.t.e.r.y.P.'
07-07 21:57:55.402   265   265 I         :     0x00000030: 006f0072 00650070 00740072 00650069 'r.o.p.e.r.t.i.e.'
07-07 21:57:55.402   265   265 I         :     0x00000040: 004c0073 00730069 00650074 0065006e 's.L.i.s.t.e.n.e.'
07-07 21:57:55.402   265   265 I         :     0x00000050: 00000072 00000001 00000001 00000000 'r...............'
07-07 21:57:55.402   265   265 I         :     0x00000060: 00000000 00000000 00000000 00000005 '................'
07-07 21:57:55.402   265   265 I         :     0x00000070: 00000002 00000001 00000064 00001063 '........d...c...'
07-07 21:57:55.402   265   265 I         :     0x00000080: 000000fa 00000000 001cfde0 00000006 '................'
07-07 21:57:55.402   265   265 I         :     0x00000090: 0069004c 0069002d 006e006f 00000000 'L.i.-.i.o.n.....')
07-07 21:57:55.402   265   265 D ipc     : >>>> SEND from pid 265 uid 0 ONE WAY
07-07 21:57:55.402   265   265 I         : Sending commands to driver: 
07-07 21:57:55.402   265   265 I         :   0x00000000: 40286300 00000001 00000000 00000001 '.c(@............'
07-07 21:57:55.402   265   265 I         :   0x00000010: 00000011 00000000 00000000 000000a0 '................'
07-07 21:57:55.402   265   265 I         :   0x00000020: 00000000 b3e370c0 00000000          '.....p......    '
07-07 21:57:55.402   265   265 I         :   BC_TRANSACTION: target.desc=1 (cookie 0)
07-07 21:57:55.402   265   265 I         :     code=0x00000001, flags=0x11
07-07 21:57:55.402   265   265 I         :     data=3018027200 (0xa0 bytes)
07-07 21:57:55.402   265   265 I         :     offsets=0 (0x0 bytes)
07-07 21:57:55.402   265   265 I         : Size of receive buffer: 256, needRead: true, doReceive: true
07-07 21:57:55.403   265   265 I         : About to read/write, write size = 44
07-07 21:57:55.403   265   265 I         : Finished read/write, write size = 44
07-07 21:57:55.403   265   265 I         : Our err: 0x0, write consumed: 44 (of 44), read consumed: 8
07-07 21:57:55.404   351   430 I         : Finished read/write, write size = 8
07-07 21:57:55.407   351   430 I         : Our err: 0x0, write consumed: 8 (of 8), read consumed: 48
07-07 21:57:55.408   265   265 I         : Remaining data size: 0
07-07 21:57:55.408   265   265 I         : Received commands from driver: 0000720c 00007206   '.r...r..'
07-07 21:57:55.408   265   265 I         :   BR_NOOP
07-07 21:57:55.408   265   265 I         :   BR_TRANSACTION_COMPLETE
07-07 21:57:55.408   265   265 I         : Processing waitForResponse Command: BR_NOOP
07-07 21:57:55.409   265   265 I         : Size of receive buffer: 0, needRead: false, doReceive: true
07-07 21:57:55.410   265   265 I         : Processing waitForResponse Command: BR_TRANSACTION_COMPLETE
07-07 21:57:55.410   265   265 I Parcel  : ~Parcel 0xbee47e54:363 (pid=265) Entry
07-07 21:57:55.412   265   265 I Parcel  : freeDataNoInit 0xbee47e54:2540 (pid=265) mOwner is Null Entry
07-07 21:57:55.413   265   265 I Parcel  : ~Parcel 0xbee47e88:363 (pid=265) Entry
07-07 21:57:55.414   265   265 I Parcel  : freeDataNoInit 0xbee47e88:2540 (pid=265) mOwner is Null Entry
07-07 21:57:55.415   265   265 I Parcel  : Parcel constructing 0xbee47e88:357 (pid=265) Entry
07-07 21:57:55.417   265   265 I Parcel  : Parcel constructing 0xbee47e54:357 (pid=265) Entry
07-07 21:57:55.419   265   265 I         : BC_TRANSACTION thr 0xb47d34a4 / hand 2 / code 0x00000001: Parcel(
07-07 21:57:55.419   265   265 I         :     0x00000000: 00400000 00000025 006e0061 00720064 '..@.%...a.n.d.r.'
07-07 21:57:55.419   265   265 I         :     0x00000010: 0069006f 002e0064 0073006f 0049002e 'o.i.d...o.s...I.'
07-07 21:57:55.419   265   265 I         :     0x00000020: 00610042 00740074 00720065 00500079 'B.a.t.t.e.r.y.P.'
07-07 21:57:55.419   265   265 I         :     0x00000030: 006f0072 00650070 00740072 00650069 'r.o.p.e.r.t.i.e.'
07-07 21:57:55.419   265   265 I         :     0x00000040: 004c0073 00730069 00650074 0065006e 's.L.i.s.t.e.n.e.'
07-07 21:57:55.419   265   265 I         :     0x00000050: 00000072 00000001 00000001 00000000 'r...............'
07-07 21:57:55.419   265   265 I         :     0x00000060: 00000000 00000000 00000000 00000005 '................'
07-07 21:57:55.419   265   265 I         :     0x00000070: 00000002 00000001 00000064 00001063 '........d...c...'
07-07 21:57:55.419   265   265 I         :     0x00000080: 000000fa 00000000 001cfde0 00000006 '................'
07-07 21:57:55.419   265   265 I         :     0x00000090: 0069004c 0069002d 006e006f 00000000 'L.i.-.i.o.n.....')
07-07 21:57:55.425   265   265 D ipc     : >>>> SEND from pid 265 uid 0 ONE WAY
07-07 21:57:55.429   265   265 I         : Sending commands to driver: 
07-07 21:57:55.429   265   265 I         :   0x00000000: 40286300 00000002 00000000 00000001 '.c(@............'
07-07 21:57:55.429   265   265 I         :   0x00000010: 00000011 00000000 00000000 000000a0 '................'
07-07 21:57:55.429   265   265 I         :   0x00000020: 00000000 b3e370c0 00000000          '.....p......    '
07-07 21:57:55.429   265   265 I         :   BC_TRANSACTION: target.desc=2 (cookie 0)
07-07 21:57:55.429   265   265 I         :     code=0x00000001, flags=0x11
07-07 21:57:55.429   265   265 I         :     data=3018027200 (0xa0 bytes)
07-07 21:57:55.429   265   265 I         :     offsets=0 (0x0 bytes)
07-07 21:57:55.429   265   265 I         : Size of receive buffer: 256, needRead: true, doReceive: true
07-07 21:57:55.430   265   265 I         : About to read/write, write size = 44
07-07 21:57:55.432   498  1302 I         : Finished read/write, write size = 8
07-07 21:57:55.432   498  1302 I         : Our err: 0x0, write consumed: 8 (of 8), read consumed: 48
07-07 21:57:55.433   498  1302 I         : Remaining data size: 0
07-07 21:57:55.433   498  1302 I         : Received commands from driver: 
07-07 21:57:55.433   498  1302 I         :   0x00000000: 0000720c 80287202 8db2e720 9c6c5a20 '.r...r(. ... Zl.'
07-07 21:57:55.433   498  1302 I         :   0x00000010: 00000001 00000011 00000000 00000000 '................'
07-07 21:57:55.433   498  1302 I         :   0x00000020: 000000a0 00000000 9224f05c 9224f0fc '........\.$...$.'
07-07 21:57:55.433   498  1302 I         :   BR_NOOP
07-07 21:57:55.433   498  1302 I         :   BR_TRANSACTION: target.ptr=2377312032 (cookie 2624346656)
07-07 21:57:55.433   498  1302 I         :     code=0x00000001, flags=0x11
07-07 21:57:55.433   498  1302 I         :     data=2451894364 (0xa0 bytes)
07-07 21:57:55.433   498  1302 I         :     offsets=2451894524 (0x0 bytes)
07-07 21:57:55.433   498  1302 I         : Processing top-level Command: BR_NOOP
07-07 21:57:55.433   498  1302 D threadpool: **** do THREAD 0x86ac1970 (PID 498) IS JOINING THE THREAD POOL
07-07 21:57:55.433   498  1302 I         : Size of receive buffer: 0, needRead: false, doReceive: true
07-07 21:57:55.433   498  1302 I         : Processing top-level Command: BR_TRANSACTION
07-07 21:57:55.433   498  1302 I Parcel  : Parcel constructing 0x86ac1810:357 (pid=498) Entry
07-07 21:57:55.433   498  1302 I Parcel  : freeDataNoInit 0x86ac1810:2540 (pid=498) mOwner is Null Entry
07-07 21:57:55.433   498  1302 I Parcel  : setDataReference Setting data size of 0x86ac1810 to 160 (pid=498)
07-07 21:57:55.433   498  1302 I Parcel  : Parcel constructing 0x86ac17dc:357 (pid=498) Entry
07-07 21:57:55.433   498  1302 I         : BR_TRANSACTION thr 0x86ac1970 / obj 2377312032 / code 0x00000001: Parcel(
07-07 21:57:55.433   498  1302 I         :     0x00000000: 00400000 00000025 006e0061 00720064 '..@.%...a.n.d.r.'
07-07 21:57:55.433   498  1302 I         :     0x00000010: 0069006f 002e0064 0073006f 0049002e 'o.i.d...o.s...I.'
07-07 21:57:55.433   498  1302 I         :     0x00000020: 00610042 00740074 00720065 00500079 'B.a.t.t.e.r.y.P.'
07-07 21:57:55.433   498  1302 I         :     0x00000030: 006f0072 00650070 00740072 00650069 'r.o.p.e.r.t.i.e.'
07-07 21:57:55.433   498  1302 I         :     0x00000040: 004c0073 00730069 00650074 0065006e 's.L.i.s.t.e.n.e.'
07-07 21:57:55.433   498  1302 I         :     0x00000050: 00000072 00000001 00000001 00000000 'r...............'
07-07 21:57:55.433   498  1302 I         :     0x00000060: 00000000 00000000 00000000 00000005 '................'
07-07 21:57:55.433   498  1302 I         :     0x00000070: 00000002 00000001 00000064 00001063 '........d...c...'
07-07 21:57:55.433   498  1302 I         :     0x00000080: 000000fa 00000000 001cfde0 00000006 '................'
07-07 21:57:55.433   498  1302 I         :     0x00000090: 0069004c 0069002d 006e006f 00000000 'L.i.-.i.o.n.....')
07-07 21:57:55.433   498  1302 I         : Data addr = , offsets addr=0x9224f0fc
07-07 21:57:55.434   498  1302 D ipc     : NOT sending reply to 0!
07-07 21:57:55.434   498  1302 I         : BC_REPLY thr 0x86ac1970 / obj 2377312032: Parcel(NULL)
07-07 21:57:55.434   498  1302 I Parcel  : ~Parcel 0x86ac17dc:363 (pid=498) Entry
07-07 21:57:55.434   498  1302 I Parcel  : freeDataNoInit 0x86ac17dc:2540 (pid=498) mOwner is Null Entry
07-07 21:57:55.434   498  1302 I Parcel  : ~Parcel 0x86ac1810:363 (pid=498) Entry
07-07 21:57:55.434   498  1302 I Parcel  : freeDataNoInit 0x86ac1810:2535 (pid=498) mOwner isNot Null Entry
07-07 21:57:55.434   498  1302 I         : Writing BC_FREE_BUFFER for 
07-07 21:57:55.434   498  1302 D threadpool: **** do THREAD 0x86ac1970 (PID 498) IS JOINING THE THREAD POOL
07-07 21:57:55.434   498  1302 I         : Sending commands to driver: 40046303 9224f05c   '.c.@\.$.'
07-07 21:57:55.434   498  1302 I         :   BC_FREE_BUFFER: buffer=0x9224f05c
07-07 21:57:55.434   498  1302 I         : Size of receive buffer: 256, needRead: true, doReceive: true
07-07 21:57:55.435   498  1302 I         : About to read/write, write size = 8
07-07 21:57:55.436   265   265 I         : Finished read/write, write size = 44
07-07 21:57:55.438   265   265 I         : Our err: 0x0, write consumed: 44 (of 44), read consumed: 8
07-07 21:57:55.438   265   265 I         : Remaining data size: 0
07-07 21:57:55.438   265   265 I         : Received commands from driver: 0000720c 00007206   '.r...r..'
07-07 21:57:55.438   265   265 I         :   BR_NOOP
07-07 21:57:55.438   265   265 I         :   BR_TRANSACTION_COMPLETE
07-07 21:57:55.440   265   265 I         : Processing waitForResponse Command: BR_NOOP
07-07 21:57:55.440   265   265 I         : Size of receive buffer: 0, needRead: false, doReceive: true
07-07 21:57:55.441   265   265 I         : Processing waitForResponse Command: BR_TRANSACTION_COMPLETE
07-07 21:57:55.442   265   265 I Parcel  : ~Parcel 0xbee47e54:363 (pid=265) Entry
07-07 21:57:55.442   265   265 I Parcel  : freeDataNoInit 0xbee47e54:2540 (pid=265) mOwner is Null Entry
07-07 21:57:55.443   265   265 I Parcel  : ~Parcel 0xbee47e88:363 (pid=265) Entry
07-07 21:57:55.443   265   265 I Parcel  : freeDataNoInit 0xbee47e88:2540 (pid=265) mOwner is Null Entry
07-07 21:57:55.444   265   265 I         : Size of receive buffer: 0, needRead: true, doReceive: false
07-07 21:57:55.448   351   430 I         : Remaining data size: 0
07-07 21:57:55.448   351   430 I         : Received commands from driver: 
07-07 21:57:55.448   351   430 I         :   0x00000000: 0000720c 80287202 a941f190 a9438004 '.r...r(...A...C.'
07-07 21:57:55.448   351   430 I         :   0x00000010: 00000001 00000011 00000000 00000000 '................'
07-07 21:57:55.448   351   430 I         :   0x00000020: 000000a0 00000000 a91e5000 a91e50a0 '.........P...P..'
07-07 21:57:55.448   351   430 I         :   BR_NOOP
07-07 21:57:55.448   351   430 I         :   BR_TRANSACTION: target.ptr=2839671184 (cookie 2839773188)
07-07 21:57:55.448   351   430 I         :     code=0x00000001, flags=0x11
07-07 21:57:55.448   351   430 I         :     data=2837336064 (0xa0 bytes)
07-07 21:57:55.448   351   430 I         :     offsets=2837336224 (0x0 bytes)
07-07 21:57:55.450   351   430 I         : Processing top-level Command: BR_NOOP
07-07 21:57:55.451   351   430 D threadpool: **** do THREAD 0xa91e4970 (PID 351) IS JOINING THE THREAD POOL
07-07 21:57:55.454   351   430 I         : Size of receive buffer: 0, needRead: false, doReceive: true
07-07 21:57:55.455   351   430 I         : Processing top-level Command: BR_TRANSACTION
07-07 21:57:55.456   351   430 I Parcel  : Parcel constructing 0xa91e4838:357 (pid=351) Entry
07-07 21:57:55.457   351   430 I Parcel  : freeDataNoInit 0xa91e4838:2540 (pid=351) mOwner is Null Entry
07-07 21:57:55.458   351   430 I Parcel  : setDataReference Setting data size of 0xa91e4838 to 160 (pid=351)
07-07 21:57:55.459   351   430 I Parcel  : Parcel constructing 0xa91e4804:357 (pid=351) Entry
07-07 21:57:55.463   351   430 I         : BR_TRANSACTION thr 0xa91e4970 / obj 2839671184 / code 0x00000001: Parcel(
07-07 21:57:55.463   351   430 I         :     0x00000000: 00400000 00000025 006e0061 00720064 '..@.%...a.n.d.r.'
07-07 21:57:55.463   351   430 I         :     0x00000010: 0069006f 002e0064 0073006f 0049002e 'o.i.d...o.s...I.'
07-07 21:57:55.463   351   430 I         :     0x00000020: 00610042 00740074 00720065 00500079 'B.a.t.t.e.r.y.P.'
07-07 21:57:55.463   351   430 I         :     0x00000030: 006f0072 00650070 00740072 00650069 'r.o.p.e.r.t.i.e.'
07-07 21:57:55.463   351   430 I         :     0x00000040: 004c0073 00730069 00650074 0065006e 's.L.i.s.t.e.n.e.'
07-07 21:57:55.463   351   430 I         :     0x00000050: 00000072 00000001 00000001 00000000 'r...............'
07-07 21:57:55.463   351   430 I         :     0x00000060: 00000000 00000000 00000000 00000005 '................'
07-07 21:57:55.463   351   430 I         :     0x00000070: 00000002 00000001 00000064 00001063 '........d...c...'
07-07 21:57:55.463   351   430 I         :     0x00000080: 000000fa 00000000 001cfde0 00000006 '................'
07-07 21:57:55.463   351   430 I         :     0x00000090: 0069004c 0069002d 006e006f 00000000 'L.i.-.i.o.n.....')
07-07 21:57:55.463   351   430 I         : Data addr = , offsets addr=0xa91e50a0
07-07 21:57:55.464   351   430 D ipc     : NOT sending reply to 0!
07-07 21:57:55.467   351   430 I         : BC_REPLY thr 0xa91e4970 / obj 2839671184: Parcel(NULL)
07-07 21:57:55.467   351   430 I Parcel  : ~Parcel 0xa91e4804:363 (pid=351) Entry
07-07 21:57:55.468   351   430 I Parcel  : freeDataNoInit 0xa91e4804:2540 (pid=351) mOwner is Null Entry
07-07 21:57:55.469   351   430 I Parcel  : ~Parcel 0xa91e4838:363 (pid=351) Entry
07-07 21:57:55.470   351   430 I Parcel  : freeDataNoInit 0xa91e4838:2535 (pid=351) mOwner isNot Null Entry
07-07 21:57:55.472   351   430 I         : Writing BC_FREE_BUFFER for 
07-07 21:57:55.472   351   430 D threadpool: **** do THREAD 0xa91e4970 (PID 351) IS JOINING THE THREAD POOL
07-07 21:57:55.475   351   430 I         : Sending commands to driver: 40046303 a91e5000   '.c.@.P..'
07-07 21:57:55.475   351   430 I         :   BC_FREE_BUFFER: buffer=0xa91e5000
07-07 21:57:55.475   351   430 I         : Size of receive buffer: 256, needRead: true, doReceive: true
07-07 21:57:55.476   351   430 I         : About to read/write, write size = 8

07-07 21:57:57.044   263   284 I vendor.mediatek.hardware.power@1.1-impl: querySysInfo cmd:6, param:0
07-07 21:57:57.045   263   283 I powerd  : [powerd_req] POWER_MSG_QUERY_INFO: cmd:6, param:0
07-07 21:57:57.045   263   283 I libPerfService: perfUserGetCapability - cmd:6, id:0, value:1333














07-07 21:57:58.689   498   539 I         : Size of receive buffer: 0, needRead: true, doReceive: false
07-07 21:57:59.048   263   284 I vendor.mediatek.hardware.power@1.1-impl: querySysInfo cmd:6, param:0
07-07 21:57:59.048   263   283 I powerd  : [powerd_req] POWER_MSG_QUERY_INFO: cmd:6, param:0
07-07 21:57:59.048   263   283 I libPerfService: perfUserGetCapability - cmd:6, id:0, value:1333
07-07 21:58:00.000   498   591 I         : BC_TRANSACTION thr 0x8d670970 / hand 0 / code 0x00000001: Parcel(
07-07 21:58:00.000   498   591 I         :     0x00000000: 00400000 0000001a 006e0061 00720064 '..@.....a.n.d.r.'
07-07 21:58:00.000   498   591 I         :     0x00000010: 0069006f 002e0064 0073006f 0049002e 'o.i.d...o.s...I.'
07-07 21:58:00.000   498   591 I         :     0x00000020: 00650053 00760072 00630069 004d0065 'S.e.r.v.i.c.e.M.'
07-07 21:58:00.000   498   591 I         :     0x00000030: 006e0061 00670061 00720065 00000000 'a.n.a.g.e.r.....'
07-07 21:58:00.000   498   591 I         :     0x00000040: 0000000c 00610064 00610074 0073005f '....d.a.t.a._.s.'
07-07 21:58:00.000   498   591 I         :     0x00000050: 00610068 00690070 0067006e 00000000 'h.a.p.i.n.g.....')
07-07 21:58:00.001   498   591 D ipc     : >>>> SEND from pid 498 uid 1000 READ REPLY
07-07 21:58:00.001   498   591 I         : Sending commands to driver: 
07-07 21:58:00.001   498   591 I         :   0x00000000: 40046303 9224f000 40286300 00000000 '.c.@..$..c(@....'
07-07 21:58:00.001   498   591 I         :   0x00000010: 00000000 00000001 00000010 00000000 '................'
07-07 21:58:00.001   498   591 I         :   0x00000020: 00000000 00000060 00000000 a6222460 '....`.......`$".'
07-07 21:58:00.001   498   591 I         :   0x00000030: 00000000                            '....            '
07-07 21:58:00.001   498   591 I         :   BC_FREE_BUFFER: buffer=0x9224f000
07-07 21:58:00.001   498   591 I         :   BC_TRANSACTION: target.desc=0 (cookie 0)
07-07 21:58:00.001   498   591 I         :     code=0x00000001, flags=0x10
07-07 21:58:00.001   498   591 I         :     data=2787255392 (0x60 bytes)
07-07 21:58:00.001   498   591 I         :     offsets=0 (0x0 bytes)
07-07 21:58:00.001   498   591 I         : Size of receive buffer: 256, needRead: true, doReceive: true
07-07 21:58:00.001   498   591 I         : About to read/write, write size = 52
07-07 21:58:00.001   498   591 I         : Finished read/write, write size = 52
07-07 21:58:00.002   498   591 I         : Our err: 0x0, write consumed: 52 (of 52), read consumed: 8
07-07 21:58:00.002   498   591 I         : Remaining data size: 0
07-07 21:58:00.002   498   591 I         : Received commands from driver: 0000720c 00007206   '.r...r..'
07-07 21:58:00.002   498   591 I         :   BR_NOOP
07-07 21:58:00.002   498   591 I         :   BR_TRANSACTION_COMPLETE
07-07 21:58:00.002   498   591 I         : Processing waitForResponse Command: BR_NOOP
07-07 21:58:00.002   498   591 I         : Size of receive buffer: 0, needRead: false, doReceive: true
07-07 21:58:00.002   498   591 I         : Processing waitForResponse Command: BR_TRANSACTION_COMPLETE
07-07 21:58:00.002   498   591 I         : Size of receive buffer: 256, needRead: true, doReceive: true
07-07 21:58:00.002   498   591 I         : About to read/write, write size = 0
07-07 21:58:00.007   498   591 I         : Finished read/write, write size = 0
07-07 21:58:00.008   498   591 I         : Our err: 0x0, write consumed: 0 (of 0), read consumed: 48
07-07 21:58:00.009   498   591 I         : Remaining data size: 0
