07-07 21:56:57.252   369   369 I sn      : Fail to access err=2
07-07 21:56:57.252   369   369 I chatty  : uid=1000(system) identical 1 line
07-07 21:56:57.252   369   369 I sn      : Fail to access err=2
07-07 21:56:57.252   369   369 I sn      : Check all possible paths
07-07 21:57:00.041   498   498 I ActivityManager: Killing 1369:com.android.printspooler/u0a40 (adj 906): empty #17
07-07 21:57:07.252   369   369 I sn      : Retry 14
07-07 21:57:07.252   369   369 I sn      : Fail to access err=2
07-07 21:57:07.253   369   369 I chatty  : uid=1000(system) identical 1 line
07-07 21:57:07.253   369   369 I sn      : Fail to access err=2
07-07 21:57:07.253   369   369 I sn      : Check all possible paths
07-07 21:57:25.417   498  1302 I Parcel  : freeDataNoInit 0x86ac1810:2540 (pid=498) mOwner is Null Entry
07-07 21:57:25.417   498  1302 I Parcel  : setDataReference Setting data size of 0x86ac1810 to 160 (pid=498)
07-07 21:57:25.417   498  1302 I Parcel  : Parcel constructing 0x86ac17dc:357 (pid=498) Entry
07-07 21:57:25.417   498  1302 I         : BR_TRANSACTION thr 0x86ac1970 / obj 2377312032 / code 0x00000001: Parcel(
07-07 21:57:25.417   498  1302 I         :     0x00000000: 00400000 00000025 006e0061 00720064 '..@.%...a.n.d.r.'
07-07 21:57:25.417   498  1302 I         :     0x00000010: 0069006f 002e0064 0073006f 0049002e 'o.i.d...o.s...I.'
07-07 21:57:25.417   498  1302 I         :     0x00000020: 00610042 00740074 00720065 00500079 'B.a.t.t.e.r.y.P.'
07-07 21:57:25.417   498  1302 I         :     0x00000030: 006f0072 00650070 00740072 00650069 'r.o.p.e.r.t.i.e.'
07-07 21:57:25.417   498  1302 I         :     0x00000040: 004c0073 00730069 00650074 0065006e 's.L.i.s.t.e.n.e.'
07-07 21:57:25.417   498  1302 I         :     0x00000050: 00000072 00000001 00000001 00000000 'r...............'
07-07 21:57:25.417   498  1302 I         :     0x00000060: 00000000 00000000 00000000 00000005 '................'
07-07 21:57:25.417   498  1302 I         :     0x00000070: 00000002 00000001 00000064 00001063 '........d...c...'
07-07 21:57:25.417   498  1302 I         :     0x00000080: 000000fa 00000000 001cfde0 00000006 '................'
07-07 21:57:25.417   498  1302 I         :     0x00000090: 0069004c 0069002d 006e006f 00000000 'L.i.-.i.o.n.....')
07-07 21:57:25.417   498  1302 I         : Data addr = , offsets addr=0x9224f0fc
07-07 21:57:25.419   498  1302 D ipc     : NOT sending reply to 0!
07-07 21:57:25.420   498  1302 I         : BC_REPLY thr 0x86ac1970 / obj 2377312032: Parcel(NULL)
07-07 21:57:25.420   498  1302 I Parcel  : ~Parcel 0x86ac17dc:363 (pid=498) Entry
07-07 21:57:25.420   498  1302 I Parcel  : freeDataNoInit 0x86ac17dc:2540 (pid=498) mOwner is Null Entry
07-07 21:57:25.420   498  1302 I Parcel  : ~Parcel 0x86ac1810:363 (pid=498) Entry
07-07 21:57:25.420   498  1302 I Parcel  : freeDataNoInit 0x86ac1810:2535 (pid=498) mOwner isNot Null Entry
07-07 21:57:25.420   498  1302 I         : Writing BC_FREE_BUFFER for 
07-07 21:57:25.420   498  1302 D threadpool: **** do THREAD 0x86ac1970 (PID 498) IS JOINING THE THREAD POOL
07-07 21:57:25.420   498  1302 I         : Sending commands to driver: 40046303 9224f05c   '.c.@\.$.'
07-07 21:57:25.420   498  1302 I         :   BC_FREE_BUFFER: buffer=0x9224f05c
07-07 21:57:25.420   498  1302 I         : Size of receive buffer: 256, needRead: true, doReceive: true
07-07 21:57:25.421   498  1302 I         : About to read/write, write size = 8
07-07 21:57:25.421   351   430 I         : Finished read/write, write size = 8
07-07 21:57:25.421   351   430 I         : Our err: 0x0, write consumed: 8 (of 8), read consumed: 48
07-07 21:57:25.422   351   430 I         : Remaining data size: 0
07-07 21:57:25.422   351   430 I         : Received commands from driver: 
07-07 21:57:25.422   351   430 I         :   0x00000000: 0000720c 80287202 a941f190 a9438004 '.r...r(...A...C.'
07-07 21:57:25.422   351   430 I         :   0x00000010: 00000001 00000011 00000000 00000000 '................'
07-07 21:57:25.422   351   430 I         :   0x00000020: 000000a0 00000000 a91e5000 a91e50a0 '.........P...P..'
07-07 21:57:25.422   351   430 I         :   BR_NOOP
07-07 21:57:25.422   351   430 I         :   BR_TRANSACTION: target.ptr=2839671184 (cookie 2839773188)
07-07 21:57:25.422   351   430 I         :     code=0x00000001, flags=0x11
07-07 21:57:25.422   351   430 I         :     data=2837336064 (0xa0 bytes)
07-07 21:57:25.422   351   430 I         :     offsets=2837336224 (0x0 bytes)
07-07 21:57:25.422   351   430 I         : Processing top-level Command: BR_NOOP
07-07 21:57:25.422   351   430 D threadpool: **** do THREAD 0xa91e4970 (PID 351) IS JOINING THE THREAD POOL
07-07 21:57:25.422   351   430 I         : Size of receive buffer: 0, needRead: false, doReceive: true
07-07 21:57:25.422   351   430 I         : Processing top-level Command: BR_TRANSACTION
07-07 21:57:25.422   351   430 I Parcel  : Parcel constructing 0xa91e4838:357 (pid=351) Entry
07-07 21:57:25.422   351   430 I Parcel  : freeDataNoInit 0xa91e4838:2540 (pid=351) mOwner is Null Entry
07-07 21:57:25.422   351   430 I Parcel  : setDataReference Setting data size of 0xa91e4838 to 160 (pid=351)
07-07 21:57:25.422   351   430 I Parcel  : Parcel constructing 0xa91e4804:357 (pid=351) Entry
07-07 21:57:25.423   351   430 I         : BR_TRANSACTION thr 0xa91e4970 / obj 2839671184 / code 0x00000001: Parcel(
07-07 21:57:25.423   351   430 I         :     0x00000000: 00400000 00000025 006e0061 00720064 '..@.%...a.n.d.r.'
07-07 21:57:25.423   351   430 I         :     0x00000010: 0069006f 002e0064 0073006f 0049002e 'o.i.d...o.s...I.'
07-07 21:57:25.423   351   430 I         :     0x00000020: 00610042 00740074 00720065 00500079 'B.a.t.t.e.r.y.P.'
07-07 21:57:25.423   351   430 I         :     0x00000030: 006f0072 00650070 00740072 00650069 'r.o.p.e.r.t.i.e.'
07-07 21:57:25.423   351   430 I         :     0x00000040: 004c0073 00730069 00650074 0065006e 's.L.i.s.t.e.n.e.'
07-07 21:57:25.423   351   430 I         :     0x00000050: 00000072 00000001 00000001 00000000 'r...............'
07-07 21:57:25.423   351   430 I         :     0x00000060: 00000000 00000000 00000000 00000005 '................'
07-07 21:57:25.423   351   430 I         :     0x00000070: 00000002 00000001 00000064 00001063 '........d...c...'
07-07 21:57:25.423   351   430 I         :     0x00000080: 000000fa 00000000 001cfde0 00000006 '................'
07-07 21:57:25.423   351   430 I         :     0x00000090: 0069004c 0069002d 006e006f 00000000 'L.i.-.i.o.n.....')
07-07 21:57:25.423   351   430 I         : Data addr = , offsets addr=0xa91e50a0
07-07 21:57:25.423   351   430 D ipc     : NOT sending reply to 0!
07-07 21:57:25.423   351   430 I         : BC_REPLY thr 0xa91e4970 / obj 2839671184: Parcel(NULL)
07-07 21:57:25.423   351   430 I Parcel  : ~Parcel 0xa91e4804:363 (pid=351) Entry
07-07 21:57:25.423   351   430 I Parcel  : freeDataNoInit 0xa91e4804:2540 (pid=351) mOwner is Null Entry
07-07 21:57:25.423   351   430 I Parcel  : ~Parcel 0xa91e4838:363 (pid=351) Entry
07-07 21:57:25.423   351   430 I Parcel  : freeDataNoInit 0xa91e4838:2535 (pid=351) mOwner isNot Null Entry
07-07 21:57:25.424   351   430 I         : Writing BC_FREE_BUFFER for 
07-07 21:57:25.424   351   430 D threadpool: **** do THREAD 0xa91e4970 (PID 351) IS JOINING THE THREAD POOL
07-07 21:57:25.424   351   430 I         : Sending commands to driver: 40046303 a91e5000   '.c.@.P..'
07-07 21:57:25.424   351   430 I         :   BC_FREE_BUFFER: buffer=0xa91e5000
07-07 21:57:25.424   351   430 I         : Size of receive buffer: 256, needRead: true, doReceive: true
07-07 21:57:25.424   351   430 I         : About to read/write, write size = 8
07-07 21:57:25.431   265   265 I         : Finished read/write, write size = 44
07-07 21:57:25.436   265   265 I         : Our err: 0x0, write consumed: 44 (of 44), read consumed: 8
07-07 21:57:25.437   265   265 I         : Remaining data size: 0
07-07 21:57:25.437   265   265 I         : Received commands from driver: 0000720c 00007206   '.r...r..'
07-07 21:57:25.437   265   265 I         :   BR_NOOP
07-07 21:57:25.437   265   265 I         :   BR_TRANSACTION_COMPLETE
07-07 21:57:25.438   265   265 I         : Processing waitForResponse Command: BR_NOOP
07-07 21:57:25.439   265   265 I         : Size of receive buffer: 0, needRead: false, doReceive: true
07-07 21:57:25.440   265   265 I         : Processing waitForResponse Command: BR_TRANSACTION_COMPLETE
07-07 21:57:25.441   265   265 I Parcel  : ~Parcel 0xbee47e54:363 (pid=265) Entry
07-07 21:57:25.442   265   265 I Parcel  : freeDataNoInit 0xbee47e54:2540 (pid=265) mOwner is Null Entry
07-07 21:57:25.442   265   265 I Parcel  : ~Parcel 0xbee47e88:363 (pid=265) Entry
07-07 21:57:25.443   265   265 I Parcel  : freeDataNoInit 0xbee47e88:2540 (pid=265) mOwner is Null Entry
07-07 21:57:25.444   265   265 I         : Size of receive buffer: 0, needRead: true, doReceive: false
07-07 21:57:27.016   263   284 I vendor.mediatek.hardware.power@1.1-impl: querySysInfo cmd:6, param:0
07-07 21:57:27.016   263   283 I powerd  : [powerd_req] POWER_MSG_QUERY_INFO: cmd:6, param:0
07-07 21:57:27.016   263   283 I libPerfService: perfUserGetCapability - cmd:6, id:0, value:1333
07-07 21:57:28.659   498   539 I         : Size of receive buffer: 0, needRead: true, doReceive: false
07-07 21:57:29.019   263   284 I vendor.mediatek.hardware.power@1.1-impl: querySysInfo cmd:6, param:0
07-07 21:57:29.020   263   283 I powerd  : [powerd_req] POWER_MSG_QUERY_INFO: cmd:6, param:0
07-07 21:57:29.020   263   283 I libPerfService: perfUserGetCapability - cmd:6, id:0, value:1333
07-07 21:57:31.021   263   284 I vendor.mediatek.hardware.power@1.1-impl: querySysInfo cmd:6, param:0
07-07 21:57:31.021   263   283 I powerd  : [powerd_req] POWER_MSG_QUERY_INFO: cmd:6, param:0
07-07 21:57:31.021   263   283 I libPerfService: perfUserGetCapability - cmd:6, id:0, value:1333
07-07 21:57:33.022   263   284 I vendor.mediatek.hardware.power@1.1-impl: querySysInfo cmd:6, param:0
07-07 21:57:33.023   263   283 I powerd  : [powerd_req] POWER_MSG_QUERY_INFO: cmd:6, param:0
07-07 21:57:33.023   263   283 I libPerfService: perfUserGetCapability - cmd:6, id:0, value:1333
07-07 21:57:35.024   263   284 I vendor.mediatek.hardware.power@1.1-impl: querySysInfo cmd:6, param:0
07-07 21:57:35.025   263   283 I powerd  : [powerd_req] POWER_MSG_QUERY_INFO: cmd:6, param:0
07-07 21:57:35.025   263   283 I libPerfService: perfUserGetCapability - cmd:6, id:0, value:1333
07-07 21:57:35.142   498   538 I         : Size of receive buffer: 0, needRead: true, doReceive: false
07-07 21:57:35.401   265   265 I Parcel  : Parcel constructing 0xbee47e88:357 (pid=265) Entry
07-07 21:57:35.402   265   265 I Parcel  : Parcel constructing 0xbee47e54:357 (pid=265) Entry
07-07 21:57:35.402   265   265 I         : BC_TRANSACTION thr 0xb47d34a4 / hand 1 / code 0x00000001: Parcel(
07-07 21:57:35.402   265   265 I         :     0x00000000: 00400000 00000025 006e0061 00720064 '..@.%...a.n.d.r.'
07-07 21:57:35.402   265   265 I         :     0x00000010: 0069006f 002e0064 0073006f 0049002e 'o.i.d...o.s...I.'
07-07 21:57:35.402   265   265 I         :     0x00000020: 00610042 00740074 00720065 00500079 'B.a.t.t.e.r.y.P.'
07-07 21:57:35.402   265   265 I         :     0x00000030: 006f0072 00650070 00740072 00650069 'r.o.p.e.r.t.i.e.'
07-07 21:57:35.402   265   265 I         :     0x00000040: 004c0073 00730069 00650074 0065006e 's.L.i.s.t.e.n.e.'
07-07 21:57:35.402   265   265 I         :     0x00000050: 00000072 00000001 00000001 00000000 'r...............'
07-07 21:57:35.402   265   265 I         :     0x00000060: 00000000 00000000 00000000 00000005 '................'
07-07 21:57:35.402   265   265 I         :     0x00000070: 00000002 00000001 00000064 00001063 '........d...c...'
07-07 21:57:35.402   265   265 I         :     0x00000080: 000000fa 00000000 001cfde0 00000006 '................'
07-07 21:57:35.402   265   265 I         :     0x00000090: 0069004c 0069002d 006e006f 00000000 'L.i.-.i.o.n.....')
07-07 21:57:35.403   265   265 I         : Sending commands to driver: 
07-07 21:57:35.403   265   265 I         :   0x00000000: 40286300 00000001 00000000 00000001 '.c(@............'
07-07 21:57:35.403   265   265 I         :   0x00000010: 00000011 00000000 00000000 000000a0 '................'
07-07 21:57:35.403   265   265 I         :   0x00000020: 00000000 b3e370c0 00000000          '.....p......    '
07-07 21:57:35.403   265   265 I         :   BC_TRANSACTION: target.desc=1 (cookie 0)
07-07 21:57:35.403   265   265 I         :     code=0x00000001, flags=0x11
07-07 21:57:35.403   265   265 I         :     data=3018027200 (0xa0 bytes)
07-07 21:57:35.403   265   265 I         :     offsets=0 (0x0 bytes)
07-07 21:57:35.403   265   265 I         : Size of receive buffer: 256, needRead: true, doReceive: true
07-07 21:57:35.403   265   265 I         : About to read/write, write size = 44
07-07 21:57:35.403   265   265 I         : Finished read/write, write size = 44
07-07 21:57:35.404   351   430 I         : Finished read/write, write size = 8
07-07 21:57:35.404   351   430 I         : Our err: 0x0, write consumed: 8 (of 8), read consumed: 48
07-07 21:57:35.404   265   265 I         : Our err: 0x0, write consumed: 44 (of 44), read consumed: 8
07-07 21:57:35.404   265   265 I         : Remaining data size: 0
07-07 21:57:35.404   265   265 I         : Received commands from driver: 0000720c 00007206   '.r...r..'
07-07 21:57:35.404   265   265 I         :   BR_NOOP
07-07 21:57:35.404   265   265 I         :   BR_TRANSACTION_COMPLETE
07-07 21:57:35.405   265   265 I         : Processing waitForResponse Command: BR_NOOP
07-07 21:57:35.405   265   265 I         : Size of receive buffer: 0, needRead: false, doReceive: true
07-07 21:57:35.405   265   265 I         : Processing waitForResponse Command: BR_TRANSACTION_COMPLETE
07-07 21:57:35.405   265   265 I Parcel  : ~Parcel 0xbee47e54:363 (pid=265) Entry
07-07 21:57:35.405   265   265 I Parcel  : freeDataNoInit 0xbee47e54:2540 (pid=265) mOwner is Null Entry
07-07 21:57:35.406   265   265 I Parcel  : ~Parcel 0xbee47e88:363 (pid=265) Entry
07-07 21:57:35.406   265   265 I Parcel  : freeDataNoInit 0xbee47e88:2540 (pid=265) mOwner is Null Entry
07-07 21:57:35.406   351   430 I         : Remaining data size: 0
07-07 21:57:35.406   351   430 I         : Received commands from driver: 
07-07 21:57:35.406   351   430 I         :   0x00000000: 0000720c 80287202 a941f190 a9438004 '.r...r(...A...C.'
07-07 21:57:35.406   351   430 I         :   0x00000010: 00000001 00000011 00000000 00000000 '................'
07-07 21:57:35.406   351   430 I         :   0x00000020: 000000a0 00000000 a91e5000 a91e50a0 '.........P...P..'
07-07 21:57:35.406   351   430 I         :   BR_NOOP
07-07 21:57:35.406   351   430 I         :   BR_TRANSACTION: target.ptr=2839671184 (cookie 2839773188)
07-07 21:57:35.406   351   430 I         :     code=0x00000001, flags=0x11
07-07 21:57:35.406   351   430 I         :     data=2837336064 (0xa0 bytes)
07-07 21:57:35.406   351   430 I         :     offsets=2837336224 (0x0 bytes)
07-07 21:57:35.407   265   265 I Parcel  : Parcel constructing 0xbee47e88:357 (pid=265) Entry
07-07 21:57:35.407   265   265 I Parcel  : Parcel constructing 0xbee47e54:357 (pid=265) Entry
07-07 21:57:35.407   265   265 I         : BC_TRANSACTION thr 0xb47d34a4 / hand 2 / code 0x00000001: Parcel(
07-07 21:57:35.407   265   265 I         :     0x00000000: 00400000 00000025 006e0061 00720064 '..@.%...a.n.d.r.'
07-07 21:57:35.407   265   265 I         :     0x00000010: 0069006f 002e0064 0073006f 0049002e 'o.i.d...o.s...I.'
07-07 21:57:35.407   265   265 I         :     0x00000020: 00610042 00740074 00720065 00500079 'B.a.t.t.e.r.y.P.'
07-07 21:57:35.407   265   265 I         :     0x00000030: 006f0072 00650070 00740072 00650069 'r.o.p.e.r.t.i.e.'
07-07 21:57:35.407   265   265 I         :     0x00000040: 004c0073 00730069 00650074 0065006e 's.L.i.s.t.e.n.e.'
07-07 21:57:35.407   265   265 I         :     0x00000050: 00000072 00000001 00000001 00000000 'r...............'
07-07 21:57:35.407   265   265 I         :     0x00000060: 00000000 00000000 00000000 00000005 '................'
07-07 21:57:35.407   265   265 I         :     0x00000070: 00000002 00000001 00000064 00001063 '........d...c...'
07-07 21:57:35.407   265   265 I         :     0x00000080: 000000fa 00000000 001cfde0 00000006 '................'
07-07 21:57:35.407   265   265 I         :     0x00000090: 0069004c 0069002d 006e006f 00000000 'L.i.-.i.o.n.....')
07-07 21:57:35.409   265   265 I         : Sending commands to driver: 
07-07 21:57:35.409   265   265 I         :   0x00000000: 40286300 00000002 00000000 00000001 '.c(@............'
07-07 21:57:35.409   265   265 I         :   0x00000010: 00000011 00000000 00000000 000000a0 '................'
07-07 21:57:35.409   265   265 I         :   0x00000020: 00000000 b3e370c0 00000000          '.....p......    '
07-07 21:57:35.409   265   265 I         :   BC_TRANSACTION: target.desc=2 (cookie 0)
07-07 21:57:35.409   265   265 I         :     code=0x00000001, flags=0x11
07-07 21:57:35.409   265   265 I         :     data=3018027200 (0xa0 bytes)
07-07 21:57:35.409   265   265 I         :     offsets=0 (0x0 bytes)
07-07 21:57:35.409   265   265 I         : Size of receive buffer: 256, needRead: true, doReceive: true
07-07 21:57:35.409   265   265 I         : About to read/write, write size = 44
07-07 21:57:35.410   498  1302 I         : Finished read/write, write size = 8
07-07 21:57:35.410   498  1302 I         : Our err: 0x0, write consumed: 8 (of 8), read consumed: 48
07-07 21:57:35.410   498  1302 I         : Remaining data size: 0
07-07 21:57:35.410   498  1302 I         : Received commands from driver: 
07-07 21:57:35.410   498  1302 I         :   0x00000000: 0000720c 80287202 8db2e720 9c6c5a20 '.r...r(. ... Zl.'
07-07 21:57:35.410   498  1302 I         :   0x00000010: 00000001 00000011 00000000 00000000 '................'
07-07 21:57:35.410   498  1302 I         :   0x00000020: 000000a0 00000000 9224f05c 9224f0fc '........\.$...$.'
07-07 21:57:35.410   498  1302 I         :   BR_NOOP
07-07 21:57:35.410   498  1302 I         :   BR_TRANSACTION: target.ptr=2377312032 (cookie 2624346656)
07-07 21:57:35.410   498  1302 I         :     code=0x00000001, flags=0x11
07-07 21:57:35.410   498  1302 I         :     data=2451894364 (0xa0 bytes)
07-07 21:57:35.410   498  1302 I         :     offsets=2451894524 (0x0 bytes)
07-07 21:57:35.410   498  1302 I         : Processing top-level Command: BR_NOOP
07-07 21:57:35.410   498  1302 I         : Size of receive buffer: 0, needRead: false, doReceive: true
07-07 21:57:35.410   498  1302 I         : Processing top-level Command: BR_TRANSACTION
07-07 21:57:35.410   498  1302 I Parcel  : Parcel constructing 0x86ac1810:357 (pid=498) Entry
07-07 21:57:35.410   498  1302 I Parcel  : freeDataNoInit 0x86ac1810:2540 (pid=498) mOwner is Null Entry
07-07 21:57:35.410   498  1302 I Parcel  : setDataReference Setting data size of 0x86ac1810 to 160 (pid=498)
07-07 21:57:35.410   498  1302 I Parcel  : Parcel constructing 0x86ac17dc:357 (pid=498) Entry
07-07 21:57:35.410   498  1302 I         : BR_TRANSACTION thr 0x86ac1970 / obj 2377312032 / code 0x00000001: Parcel(
07-07 21:57:35.410   498  1302 I         :     0x00000000: 00400000 00000025 006e0061 00720064 '..@.%...a.n.d.r.'
07-07 21:57:35.410   498  1302 I         :     0x00000010: 0069006f 002e0064 0073006f 0049002e 'o.i.d...o.s...I.'
07-07 21:57:35.410   498  1302 I         :     0x00000020: 00610042 00740074 00720065 00500079 'B.a.t.t.e.r.y.P.'
07-07 21:57:35.410   498  1302 I         :     0x00000030: 006f0072 00650070 00740072 00650069 'r.o.p.e.r.t.i.e.'
07-07 21:57:35.410   498  1302 I         :     0x00000040: 004c0073 00730069 00650074 0065006e 's.L.i.s.t.e.n.e.'
07-07 21:57:35.410   498  1302 I         :     0x00000050: 00000072 00000001 00000001 00000000 'r...............'
07-07 21:57:35.410   498  1302 I         :     0x00000060: 00000000 00000000 00000000 00000005 '................'
07-07 21:57:35.410   498  1302 I         :     0x00000070: 00000002 00000001 00000064 00001063 '........d...c...'
07-07 21:57:35.410   498  1302 I         :     0x00000080: 000000fa 00000000 001cfde0 00000006 '................'
07-07 21:57:35.410   498  1302 I         :     0x00000090: 0069004c 0069002d 006e006f 00000000 'L.i.-.i.o.n.....')
07-07 21:57:35.410   498  1302 I         : Data addr = , offsets addr=0x9224f0fc
07-07 21:57:35.411   498  1302 I         : BC_REPLY thr 0x86ac1970 / obj 2377312032: Parcel(NULL)
07-07 21:57:35.411   498  1302 I Parcel  : ~Parcel 0x86ac17dc:363 (pid=498) Entry
07-07 21:57:35.411   498  1302 I Parcel  : freeDataNoInit 0x86ac17dc:2540 (pid=498) mOwner is Null Entry
07-07 21:57:35.411   498  1302 I Parcel  : ~Parcel 0x86ac1810:363 (pid=498) Entry
07-07 21:57:35.411   498  1302 I Parcel  : freeDataNoInit 0x86ac1810:2535 (pid=498) mOwner isNot Null Entry
07-07 21:57:35.411   498  1302 I         : Writing BC_FREE_BUFFER for 
07-07 21:57:35.411   498  1302 I         : Sending commands to driver: 40046303 9224f05c   '.c.@\.$.'
07-07 21:57:35.411   498  1302 I         :   BC_FREE_BUFFER: buffer=0x9224f05c
07-07 21:57:35.411   498  1302 I         : Size of receive buffer: 256, needRead: true, doReceive: true
07-07 21:57:35.411   498  1302 I         : About to read/write, write size = 8
07-07 21:57:35.412   265   265 I         : Finished read/write, write size = 44
07-07 21:57:35.412   265   265 I         : Our err: 0x0, write consumed: 44 (of 44), read consumed: 8
07-07 21:57:35.412   265   265 I         : Remaining data size: 0
07-07 21:57:35.412   265   265 I         : Received commands from driver: 0000720c 00007206   '.r...r..'
07-07 21:57:35.412   265   265 I         :   BR_NOOP
07-07 21:57:35.412   265   265 I         :   BR_TRANSACTION_COMPLETE
07-07 21:57:35.412   265   265 I         : Processing waitForResponse Command: BR_NOOP
07-07 21:57:35.412   265   265 I         : Size of receive buffer: 0, needRead: false, doReceive: true
07-07 21:57:35.412   265   265 I         : Processing waitForResponse Command: BR_TRANSACTION_COMPLETE
07-07 21:57:35.412   265   265 I Parcel  : ~Parcel 0xbee47e54:363 (pid=265) Entry
07-07 21:57:35.412   265   265 I Parcel  : freeDataNoInit 0xbee47e54:2540 (pid=265) mOwner is Null Entry
07-07 21:57:35.412   265   265 I Parcel  : ~Parcel 0xbee47e88:363 (pid=265) Entry
07-07 21:57:35.412   265   265 I Parcel  : freeDataNoInit 0xbee47e88:2540 (pid=265) mOwner is Null Entry
07-07 21:57:35.413   265   265 I         : Size of receive buffer: 0, needRead: true, doReceive: false
07-07 21:57:35.414   351   430 I         : Processing top-level Command: BR_NOOP
07-07 21:57:35.414   351   430 I         : Size of receive buffer: 0, needRead: false, doReceive: true
07-07 21:57:35.415   351   430 I         : Processing top-level Command: BR_TRANSACTION
07-07 21:57:35.415   351   430 I Parcel  : Parcel constructing 0xa91e4838:357 (pid=351) Entry
07-07 21:57:35.415   351   430 I Parcel  : freeDataNoInit 0xa91e4838:2540 (pid=351) mOwner is Null Entry
07-07 21:57:35.415   351   430 I Parcel  : setDataReference Setting data size of 0xa91e4838 to 160 (pid=351)
07-07 21:57:35.415   351   430 I Parcel  : Parcel constructing 0xa91e4804:357 (pid=351) Entry
07-07 21:57:35.415   351   430 I         : BR_TRANSACTION thr 0xa91e4970 / obj 2839671184 / code 0x00000001: Parcel(
07-07 21:57:35.415   351   430 I         :     0x00000000: 00400000 00000025 006e0061 00720064 '..@.%...a.n.d.r.'
07-07 21:57:35.415   351   430 I         :     0x00000010: 0069006f 002e0064 0073006f 0049002e 'o.i.d...o.s...I.'
07-07 21:57:35.415   351   430 I         :     0x00000020: 00610042 00740074 00720065 00500079 'B.a.t.t.e.r.y.P.'
07-07 21:57:35.415   351   430 I         :     0x00000030: 006f0072 00650070 00740072 00650069 'r.o.p.e.r.t.i.e.'
07-07 21:57:35.415   351   430 I         :     0x00000040: 004c0073 00730069 00650074 0065006e 's.L.i.s.t.e.n.e.'
07-07 21:57:35.415   351   430 I         :     0x00000050: 00000072 00000001 00000001 00000000 'r...............'
07-07 21:57:35.415   351   430 I         :     0x00000060: 00000000 00000000 00000000 00000005 '................'
07-07 21:57:35.415   351   430 I         :     0x00000070: 00000002 00000001 00000064 00001063 '........d...c...'
07-07 21:57:35.415   351   430 I         :     0x00000080: 000000fa 00000000 001cfde0 00000006 '................'
07-07 21:57:35.415   351   430 I         :     0x00000090: 0069004c 0069002d 006e006f 00000000 'L.i.-.i.o.n.....')
07-07 21:57:35.415   351   430 I         : Data addr = , offsets addr=0xa91e50a0
07-07 21:57:35.415   351   430 I         : BC_REPLY thr 0xa91e4970 / obj 2839671184: Parcel(NULL)
07-07 21:57:35.415   351   430 I Parcel  : ~Parcel 0xa91e4804:363 (pid=351) Entry
07-07 21:57:35.415   351   430 I Parcel  : freeDataNoInit 0xa91e4804:2540 (pid=351) mOwner is Null Entry
07-07 21:57:35.415   351   430 I Parcel  : ~Parcel 0xa91e4838:363 (pid=351) Entry
07-07 21:57:35.416   351   430 I Parcel  : freeDataNoInit 0xa91e4838:2535 (pid=351) mOwner isNot Null Entry
07-07 21:57:35.416   351   430 I         : Writing BC_FREE_BUFFER for 
07-07 21:57:35.416   351   430 I         : Sending commands to driver: 40046303 a91e5000   '.c.@.P..'
07-07 21:57:35.416   351   430 I         :   BC_FREE_BUFFER: buffer=0xa91e5000
07-07 21:57:35.416   351   430 I         : Size of receive buffer: 256, needRead: true, doReceive: true
07-07 21:57:35.416   351   430 I         : About to read/write, write size = 8
07-07 21:57:35.680   498   591 I         : BC_TRANSACTION thr 0x8d670970 / hand 0 / code 0x00000001: Parcel(
07-07 21:57:35.680   498   591 I         :     0x00000000: 00400000 0000001a 006e0061 00720064 '..@.....a.n.d.r.'
07-07 21:57:35.680   498   591 I         :     0x00000010: 0069006f 002e0064 0073006f 0049002e 'o.i.d...o.s...I.'
07-07 21:57:35.680   498   591 I         :     0x00000020: 00650053 00760072 00630069 004d0065 'S.e.r.v.i.c.e.M.'
07-07 21:57:35.680   498   591 I         :     0x00000030: 006e0061 00670061 00720065 00000000 'a.n.a.g.e.r.....'
07-07 21:57:35.680   498   591 I         :     0x00000040: 0000000c 00610064 00610074 0073005f '....d.a.t.a._.s.'
07-07 21:57:35.680   498   591 I         :     0x00000050: 00610068 00690070 0067006e 00000000 'h.a.p.i.n.g.....')
07-07 21:57:35.680   498   591 I         : Sending commands to driver: 
07-07 21:57:35.680   498   591 I         :   0x00000000: 40046303 9224f000 40286300 00000000 '.c.@..$..c(@....'
07-07 21:57:35.680   498   591 I         :   0x00000010: 00000000 00000001 00000010 00000000 '................'
07-07 21:57:35.680   498   591 I         :   0x00000020: 00000000 00000060 00000000 a6222460 '....`.......`$".'
07-07 21:57:35.680   498   591 I         :   0x00000030: 00000000                            '....            '
07-07 21:57:35.680   498   591 I         :   BC_FREE_BUFFER: buffer=0x9224f000
07-07 21:57:35.680   498   591 I         :   BC_TRANSACTION: target.desc=0 (cookie 0)
07-07 21:57:35.680   498   591 I         :     code=0x00000001, flags=0x10
07-07 21:57:35.680   498   591 I         :     data=2787255392 (0x60 bytes)
07-07 21:57:35.680   498   591 I         :     offsets=0 (0x0 bytes)
07-07 21:57:35.680   498   591 I         : Size of receive buffer: 256, needRead: true, doReceive: true
07-07 21:57:35.680   498   591 I         : About to read/write, write size = 52
07-07 21:57:35.681   498   591 I         : Finished read/write, write size = 52
07-07 21:57:35.681   498   591 I         : Our err: 0x0, write consumed: 52 (of 52), read consumed: 8
07-07 21:57:35.681   498   591 I         : Remaining data size: 0
07-07 21:57:35.681   498   591 I         : Received commands from driver: 0000720c 00007206   '.r...r..'
07-07 21:57:35.681   498   591 I         :   BR_NOOP
07-07 21:57:35.681   498   591 I         :   BR_TRANSACTION_COMPLETE
07-07 21:57:35.681   498   591 I         : Processing waitForResponse Command: BR_NOOP
07-07 21:57:35.681   498   591 I         : Size of receive buffer: 0, needRead: false, doReceive: true
07-07 21:57:35.681   498   591 I         : Processing waitForResponse Command: BR_TRANSACTION_COMPLETE
07-07 21:57:35.682   498   591 I         : Size of receive buffer: 256, needRead: true, doReceive: true
07-07 21:57:35.682   498   591 I         : About to read/write, write size = 0
07-07 21:57:35.682   498   591 I         : Finished read/write, write size = 0
07-07 21:57:35.683   498   591 I         : Our err: 0x0, write consumed: 0 (of 0), read consumed: 48
07-07 21:57:35.683   498   591 I         : Remaining data size: 0
07-07 21:57:35.683   498   591 I         : Received commands from driver: 
07-07 21:57:35.683   498   591 I         :   0x00000000: 0000720c 80287203 00000000 00000000 '.r...r(.........'
07-07 21:57:35.683   498   591 I         :   0x00000010: 00000000 00000000 00000000 000003e8 '................'
07-07 21:57:35.683   498   591 I         :   0x00000020: 00000004 00000000 9224f000 9224f004 '..........$...$.'
07-07 21:57:35.683   498   591 I         :   BR_NOOP
07-07 21:57:35.683   498   591 I         :   BR_REPLY: target.desc=0 (cookie 0)
07-07 21:57:35.683   498   591 I         :     code=0x00000000, flags=0x0
07-07 21:57:35.683   498   591 I         :     data=2451894272 (0x4 bytes)
07-07 21:57:35.683   498   591 I         :     offsets=2451894276 (0x0 bytes)
07-07 21:57:35.683   498   591 I         : Processing waitForResponse Command: BR_NOOP
07-07 21:57:35.684   498   591 I         : Size of receive buffer: 0, needRead: false, doReceive: true
07-07 21:57:35.684   498   591 I         : Processing waitForResponse Command: BR_REPLY
07-07 21:57:35.684   498   591 I IPCThreadState: waitForResponse reply 0xa621e698:778 (pid=498) Entry
07-07 21:57:35.684   498   591 I Parcel  : freeDataNoInit 0xa621e698:2540 (pid=498) mOwner is Null Entry
07-07 21:57:35.684   498   591 I Parcel  : setDataReference Setting data size of 0xa621e698 to 4 (pid=498)
07-07 21:57:35.685   498   591 I         : BR_REPLY thr 0x8d670970 / hand 0: Parcel(00000000    '....')
07-07 21:57:35.685   498   591 I Parcel  : freeData 0xa621e698:2526 (pid=498) Entry
07-07 21:57:35.685   498   591 I Parcel  : freeDataNoInit 0xa621e698:2535 (pid=498) mOwner isNot Null Entry
07-07 21:57:35.685   498   591 I         : Writing BC_FREE_BUFFER for 
07-07 21:57:35.686   498   591 I Parcel  : freeData 0x8db33988:2526 (pid=498) Entry
07-07 21:57:35.686   498   591 I Parcel  : freeDataNoInit 0x8db33988:2540 (pid=498) mOwner is Null Entry
07-07 21:57:35.690   498   662 I         : BC_TRANSACTION thr 0x8c44d970 / hand 24 / code 0x00000006: Parcel(
07-07 21:57:35.690   498   662 I         :     0x00000000: 00400000 00000021 006e0061 00720064 '..@.!...a.n.d.r.'
07-07 21:57:35.690   498   662 I         :     0x00000010: 0069006f 002e0064 0065006e 002e0074 'o.i.d...n.e.t...'
07-07 21:57:35.690   498   662 I         :     0x00000020: 00690077 00690066 0049002e 00690057 'w.i.f.i...I.W.i.'
07-07 21:57:35.690   498   662 I         :     0x00000030: 00690066 00630053 006e0061 0065006e 'f.i.S.c.a.n.n.e.'
07-07 21:57:35.690   498   662 I         :     0x00000040: 00490072 0070006d 0000006c 00000001 'r.I.m.p.l.......'
07-07 21:57:35.690   498   662 I         :     0x00000050: 00000000 00000000                   '........        ')
07-07 21:57:35.690   498   662 I         : Sending commands to driver: 
07-07 21:57:35.690   498   662 I         :   0x00000000: 40286300 00000018 00000000 00000006 '.c(@............'
07-07 21:57:35.690   498   662 I         :   0x00000010: 00000010 00000000 00000000 00000058 '............X...'
07-07 21:57:35.690   498   662 I         :   0x00000020: 00000000 9c241300 00000000          '......$.....    '
07-07 21:57:35.690   498   662 I         :   BC_TRANSACTION: target.desc=24 (cookie 0)
07-07 21:57:35.690   498   662 I         :     code=0x00000006, flags=0x10
07-07 21:57:35.690   498   662 I         :     data=2619609856 (0x58 bytes)
07-07 21:57:35.690   498   662 I         :     offsets=0 (0x0 bytes)
07-07 21:57:35.690   498   662 I         : Size of receive buffer: 256, needRead: true, doReceive: true
07-07 21:57:35.690   498   662 I         : About to read/write, write size = 44
07-07 21:57:35.691   352   352 I         : Size of receive buffer: 256, needRead: true, doReceive: true
07-07 21:57:35.691   352   352 I         : About to read/write, write size = 0
07-07 21:57:35.691   352   352 I         : Finished read/write, write size = 0
07-07 21:57:35.691   352   352 I         : Our err: 0x0, write consumed: 0 (of 0), read consumed: 48
07-07 21:57:35.692   352   352 I         : Remaining data size: 0
07-07 21:57:35.692   352   352 I         : Received commands from driver: 
07-07 21:57:35.692   352   352 I         :   0x00000000: 0000720c 80287202 a771f250 a770b204 '.r...r(.P.q...p.'
07-07 21:57:35.692   352   352 I         :   0x00000010: 00000006 00000010 000001f2 000003e8 '................'
07-07 21:57:35.692   352   352 I         :   0x00000020: 00000058 00000000 a75e0000 a75e0058 'X.........^.X.^.'
07-07 21:57:35.692   352   352 I         :   BR_NOOP
07-07 21:57:35.692   352   352 I         :   BR_TRANSACTION: target.ptr=2809262672 (cookie 2809180676)
07-07 21:57:35.692   352   352 I         :     code=0x00000006, flags=0x10
07-07 21:57:35.692   352   352 I         :     data=2807955456 (0x58 bytes)
07-07 21:57:35.692   352   352 I         :     offsets=2807955544 (0x0 bytes)
07-07 21:57:35.692   352   352 I         : Processing top-level Command: BR_NOOP
07-07 21:57:35.692   352   352 I         : Size of receive buffer: 0, needRead: false, doReceive: true
07-07 21:57:35.692   352   352 I         : Processing top-level Command: BR_TRANSACTION
07-07 21:57:35.692   352   352 I Parcel  : Parcel constructing 0xbeb76610:357 (pid=352) Entry
07-07 21:57:35.692   352   352 I Parcel  : freeDataNoInit 0xbeb76610:2540 (pid=352) mOwner is Null Entry
07-07 21:57:35.692   352   352 I Parcel  : setDataReference Setting data size of 0xbeb76610 to 88 (pid=352)
07-07 21:57:35.692   352   352 I Parcel  : Parcel constructing 0xbeb765dc:357 (pid=352) Entry
07-07 21:57:35.693   352   352 I         : BR_TRANSACTION thr 0xa825a4a4 / obj 2809262672 / code 0x00000006: Parcel(
07-07 21:57:35.693   352   352 I         :     0x00000000: 00400000 00000021 006e0061 00720064 '..@.!...a.n.d.r.'
07-07 21:57:35.693   352   352 I         :     0x00000010: 0069006f 002e0064 0065006e 002e0074 'o.i.d...n.e.t...'
07-07 21:57:35.693   352   352 I         :     0x00000020: 00690077 00690066 0049002e 00690057 'w.i.f.i...I.W.i.'
07-07 21:57:35.693   352   352 I         :     0x00000030: 00690066 00630053 006e0061 0065006e 'f.i.S.c.a.n.n.e.'
07-07 21:57:35.693   352   352 I         :     0x00000040: 00490072 0070006d 0000006c 00000001 'r.I.m.p.l.......'
07-07 21:57:35.693   352   352 I         :     0x00000050: 00000000 00000000                   '........        ')
07-07 21:57:35.693   352   352 I         : Data addr = , offsets addr=0xa75e0058
07-07 21:57:35.695   498   662 I         : Finished read/write, write size = 44
07-07 21:57:35.695   498   662 I         : Our err: 0x0, write consumed: 44 (of 44), read consumed: 8
07-07 21:57:35.695   498   662 I         : Remaining data size: 0
07-07 21:57:35.695   498   662 I         : Received commands from driver: 0000720c 00007206   '.r...r..'
07-07 21:57:35.695   498   662 I         :   BR_NOOP
07-07 21:57:35.695   498   662 I         :   BR_TRANSACTION_COMPLETE
07-07 21:57:35.696   498   662 I         : Processing waitForResponse Command: BR_NOOP
07-07 21:57:35.696   498   662 I         : Size of receive buffer: 0, needRead: false, doReceive: true
07-07 21:57:35.696   498   662 I         : Processing waitForResponse Command: BR_TRANSACTION_COMPLETE
07-07 21:57:35.696   498   662 I         : Size of receive buffer: 256, needRead: true, doReceive: true
07-07 21:57:35.696   498   662 I         : About to read/write, write size = 0
07-07 21:57:35.697   352   352 I         : Sending commands to driver: 
07-07 21:57:35.697   352   352 I         :   0x00000000: 40286301 ffffffff 00000000 00000000 '.c(@............'
07-07 21:57:35.697   352   352 I         :   0x00000010: 00000000 00000000 00000000 00000008 '................'
07-07 21:57:35.697   352   352 I         :   0x00000020: 00000000 a771f2e0 00000000          '......q.....    '
07-07 21:57:35.697   352   352 I         :   BC_REPLY: target.ptr=4294967295 (cookie 0)
07-07 21:57:35.697   352   352 I         :     code=0x00000000, flags=0x0
07-07 21:57:35.697   352   352 I         :     data=2809262816 (0x8 bytes)
07-07 21:57:35.697   352   352 I         :     offsets=0 (0x0 bytes)
07-07 21:57:35.697   352   352 I         : Size of receive buffer: 256, needRead: true, doReceive: true
07-07 21:57:35.698   352   352 I         : About to read/write, write size = 44
07-07 21:57:35.698   352   352 I         : Finished read/write, write size = 44
07-07 21:57:35.698   498   662 I         : Finished read/write, write size = 0
07-07 21:57:35.699   498   662 I         : Our err: 0x0, write consumed: 0 (of 0), read consumed: 48
07-07 21:57:35.699   352   352 I         : Our err: 0x0, write consumed: 44 (of 44), read consumed: 8
07-07 21:57:35.699   498   662 I         : Remaining data size: 0
07-07 21:57:35.699   498   662 I         : Received commands from driver: 
07-07 21:57:35.699   498   662 I         :   0x00000000: 0000720c 80287203 00000000 00000000 '.r...r(.........'
07-07 21:57:35.699   498   662 I         :   0x00000010: 00000000 00000000 00000000 000003f2 '................'
07-07 21:57:35.699   498   662 I         :   0x00000020: 00000008 00000000 9224f00c 9224f014 '..........$...$.'
07-07 21:57:35.699   498   662 I         :   BR_NOOP
07-07 21:57:35.699   498   662 I         :   BR_REPLY: target.desc=0 (cookie 0)
07-07 21:57:35.699   498   662 I         :     code=0x00000000, flags=0x0
07-07 21:57:35.699   498   662 I         :     data=2451894284 (0x8 bytes)
07-07 21:57:35.699   498   662 I         :     offsets=2451894292 (0x0 bytes)
07-07 21:57:35.700   352   352 I         : Remaining data size: 0
07-07 21:57:35.700   352   352 I         : Received commands from driver: 0000720c 00007206   '.r...r..'
07-07 21:57:35.700   352   352 I         :   BR_NOOP
07-07 21:57:35.700   352   352 I         :   BR_TRANSACTION_COMPLETE
07-07 21:57:35.700   498   662 I         : Processing waitForResponse Command: BR_NOOP
07-07 21:57:35.700   352   352 I         : Processing waitForResponse Command: BR_NOOP
07-07 21:57:35.700   352   352 I         : Size of receive buffer: 0, needRead: false, doReceive: true
07-07 21:57:35.701   498   662 I         : Size of receive buffer: 0, needRead: false, doReceive: true
07-07 21:57:35.701   352   352 I         : Processing waitForResponse Command: BR_TRANSACTION_COMPLETE
07-07 21:57:35.701   498   662 I         : Processing waitForResponse Command: BR_REPLY
07-07 21:57:35.701   352   352 I         : BC_REPLY thr 0xa825a4a4 / obj 2809262672: Parcel(00000000 00000001   '........')
07-07 21:57:35.702   498   662 I IPCThreadState: waitForResponse reply 0x8db33988:778 (pid=498) Entry
07-07 21:57:35.702   498   662 I Parcel  : freeDataNoInit 0x8db33988:2540 (pid=498) mOwner is Null Entry
07-07 21:57:35.702   352   352 I Parcel  : ~Parcel 0xbeb765dc:363 (pid=352) Entry
07-07 21:57:35.702   498   662 I Parcel  : setDataReference Setting data size of 0x8db33988 to 8 (pid=498)
07-07 21:57:35.702   352   352 I Parcel  : freeDataNoInit 0xbeb765dc:2540 (pid=352) mOwner is Null Entry
07-07 21:57:35.703   498   662 I         : BR_REPLY thr 0x8c44d970 / hand 24: Parcel(00000000 00000001   '........')
07-07 21:57:35.703   352   352 I Parcel  : ~Parcel 0xbeb76610:363 (pid=352) Entry
07-07 21:57:35.704   352   352 I Parcel  : freeDataNoInit 0xbeb76610:2535 (pid=352) mOwner isNot Null Entry
07-07 21:57:35.704   498   498 I         : Size of receive buffer: 0, needRead: true, doReceive: false
07-07 21:57:35.704   498   662 I Parcel  : freeData 0x8db33988:2526 (pid=498) Entry
07-07 21:57:35.704   352   352 I         : Writing BC_FREE_BUFFER for 
07-07 21:57:35.705   498   662 I Parcel  : freeDataNoInit 0x8db33988:2535 (pid=498) mOwner isNot Null Entry
07-07 21:57:35.705   352   352 I         : Sending commands to driver: 40046303 a75e0000   '.c.@..^.'
07-07 21:57:35.705   352   352 I         :   BC_FREE_BUFFER: buffer=0xa75e0000
07-07 21:57:35.705   352   352 I         : Size of receive buffer: 0, needRead: true, doReceive: false
07-07 21:57:35.705   498   662 I         : Writing BC_FREE_BUFFER for 
07-07 21:57:35.706   498   545 I         : Size of receive buffer: 0, needRead: true, doReceive: false
07-07 21:57:35.706   498   498 I         : Size of receive buffer: 0, needRead: true, doReceive: false
07-07 21:57:35.707   352   352 I         : About to read/write, write size = 8
07-07 21:57:35.707   498   662 I Parcel  : freeData 0xa621e698:2526 (pid=498) Entry
07-07 21:57:35.708   498   498 I         : Size of receive buffer: 0, needRead: true, doReceive: false
07-07 21:57:35.709   498   545 I         : Size of receive buffer: 0, needRead: true, doReceive: false
07-07 21:57:35.709   498   660 I         : Size of receive buffer: 0, needRead: true, doReceive: false
07-07 21:57:35.710   352   352 I         : Finished read/write, write size = 8
07-07 21:57:35.710   498   662 I Parcel  : freeDataNoInit 0xa621e698:2540 (pid=498) mOwner is Null Entry
07-07 21:57:35.711   352   352 I         : Our err: 0x0, write consumed: 8 (of 8), read consumed: 0
07-07 21:57:35.711   352   352 I         : Remaining data size: 0
07-07 21:57:35.711   352   352 I         : Received commands from driver: 0000720c 00007206   '.r...r..'
07-07 21:57:35.711   352   352 I         :   BR_NOOP
07-07 21:57:35.711   352   352 I         :   BR_TRANSACTION_COMPLETE
07-07 21:57:35.711   498   662 I         : Sending commands to driver: 40046303 9224f00c   '.c.@..$.'
07-07 21:57:35.711   498   662 I         :   BC_FREE_BUFFER: buffer=0x9224f00c
07-07 21:57:35.711   498   662 I         : Size of receive buffer: 0, needRead: true, doReceive: false
07-07 21:57:35.711   498   662 I         : About to read/write, write size = 8
07-07 21:57:35.711   498   662 I         : Finished read/write, write size = 8
07-07 21:57:35.711   498   662 I         : Our err: 0x0, write consumed: 8 (of 8), read consumed: 0
07-07 21:57:35.712   498   662 I         : Remaining data size: 0
07-07 21:57:35.712   498   662 I         : Received commands from driver: 
07-07 21:57:35.712   498   662 I         :   0x00000000: 0000720c 80287203 00000000 00000000 '.r...r(.........'
07-07 21:57:35.712   498   662 I         :   0x00000010: 00000000 00000000 00000000 000003f2 '................'
07-07 21:57:35.712   498   662 I         :   0x00000020: 00000008 00000000 9224f00c 9224f014 '..........$...$.'
07-07 21:57:35.712   498   662 I         :   BR_NOOP
07-07 21:57:35.712   498   662 I         :   BR_REPLY: target.desc=0 (cookie 0)
07-07 21:57:35.712   498   662 I         :     code=0x00000000, flags=0x0
07-07 21:57:35.712   498   662 I         :     data=2451894284 (0x8 bytes)
07-07 21:57:35.712   498   662 I         :     offsets=2451894292 (0x0 bytes)
07-07 21:57:37.026   263   284 I vendor.mediatek.hardware.power@1.1-impl: querySysInfo cmd:6, param:0
07-07 21:57:37.026   263   283 I powerd  : [powerd_req] POWER_MSG_QUERY_INFO: cmd:6, param:0
07-07 21:57:37.026   263   283 I libPerfService: perfUserGetCapability - cmd:6, id:0, value:1333
07-07 21:57:37.467   361   361 E agps    :  ERR: [WIFI2AGPS] sendto dest=[/data/agps_supl/wifi_2_agps] len=7952 reason=[No such file or directory]
07-07 21:57:37.467   361   361 E agps    :  ERR: [WIFI2AGPS] external_snd_cmd safe_sendto failed
07-07 21:57:37.477   498   538 I         : Size of receive buffer: 0, needRead: true, doReceive: false
07-07 21:57:37.477   498   682 I         : Size of receive buffer: 0, needRead: true, doReceive: false
07-07 21:57:37.481   352   352 I Parcel  : Parcel constructing 0xbeb76548:357 (pid=352) Entry
07-07 21:57:37.484   352   352 I Parcel  : Parcel constructing 0xbeb76514:357 (pid=352) Entry
07-07 21:57:37.485   352   352 I         : BC_TRANSACTION thr 0xa825a4a4 / hand 1 / code 0x00000001: Parcel(
07-07 21:57:37.485   352   352 I         :     0x00000000: 00400000 0000001b 006e0061 00720064 '..@.....a.n.d.r.'
07-07 21:57:37.485   352   352 I         :     0x00000010: 0069006f 002e0064 0065006e 002e0074 'o.i.d...n.e.t...'
07-07 21:57:37.485   352   352 I         :     0x00000020: 00690077 00690066 0049002e 00630053 'w.i.f.i...I.S.c.'
07-07 21:57:37.485   352   352 I         :     0x00000030: 006e0061 00760045 006e0065 00000074 'a.n.E.v.e.n.t...')
07-07 21:57:37.486   352   352 I         : Sending commands to driver: 
07-07 21:57:37.486   352   352 I         :   0x00000000: 40286300 00000001 00000000 00000001 '.c(@............'
07-07 21:57:37.486   352   352 I         :   0x00000010: 00000011 00000000 00000000 00000040 '............@...'
07-07 21:57:37.486   352   352 I         :   0x00000020: 00000000 a77207e0 00000000          '......r.....    '
07-07 21:57:37.486   352   352 I         :   BC_TRANSACTION: target.desc=1 (cookie 0)
07-07 21:57:37.486   352   352 I         :     code=0x00000001, flags=0x11
07-07 21:57:37.486   352   352 I         :     data=2809268192 (0x40 bytes)
07-07 21:57:37.486   352   352 I         :     offsets=0 (0x0 bytes)
07-07 21:57:37.486   352   352 I         : Size of receive buffer: 256, needRead: true, doReceive: true
07-07 21:57:37.486   352   352 I         : About to read/write, write size = 44
07-07 21:57:37.486   498  1302 I         : Finished read/write, write size = 8
07-07 21:57:37.486   498  1302 I         : Our err: 0x0, write consumed: 8 (of 8), read consumed: 48
07-07 21:57:37.487   498  1302 I         : Remaining data size: 0
07-07 21:57:37.487   498  1302 I         : Received commands from driver: 
07-07 21:57:37.487   498  1302 I         :   0x00000000: 0000720c 80287202 8db5c430 9c6be8a0 '.r...r(.0.....k.'
07-07 21:57:37.487   498  1302 I         :   0x00000010: 00000001 00000011 00000000 000003f2 '................'
07-07 21:57:37.487   498  1302 I         :   0x00000020: 00000040 00000000 9224f00c 9224f04c '@.........$.L.$.'
07-07 21:57:37.487   498  1302 I         :   BR_NOOP
07-07 21:57:37.487   498  1302 I         :   BR_TRANSACTION: target.ptr=2377499696 (cookie 2624317600)
07-07 21:57:37.487   498  1302 I         :     code=0x00000001, flags=0x11
07-07 21:57:37.487   498  1302 I         :     data=2451894284 (0x40 bytes)
07-07 21:57:37.487   498  1302 I         :     offsets=2451894348 (0x0 bytes)
07-07 21:57:37.487   498  1302 I         : Processing top-level Command: BR_NOOP
07-07 21:57:37.487   498  1302 I         : Size of receive buffer: 0, needRead: false, doReceive: true
07-07 21:57:37.487   498  1302 I         : Processing top-level Command: BR_TRANSACTION
07-07 21:57:37.487   498  1302 I Parcel  : Parcel constructing 0x86ac1810:357 (pid=498) Entry
07-07 21:57:37.487   498  1302 I Parcel  : freeDataNoInit 0x86ac1810:2540 (pid=498) mOwner is Null Entry
07-07 21:57:37.487   498  1302 I Parcel  : setDataReference Setting data size of 0x86ac1810 to 64 (pid=498)
07-07 21:57:37.488   498  1302 I Parcel  : Parcel constructing 0x86ac17dc:357 (pid=498) Entry
07-07 21:57:37.488   498  1302 I         : BR_TRANSACTION thr 0x86ac1970 / obj 2377499696 / code 0x00000001: Parcel(
07-07 21:57:37.488   498  1302 I         :     0x00000000: 00400000 0000001b 006e0061 00720064 '..@.....a.n.d.r.'
07-07 21:57:37.488   498  1302 I         :     0x00000010: 0069006f 002e0064 0065006e 002e0074 'o.i.d...n.e.t...'
07-07 21:57:37.488   498  1302 I         :     0x00000020: 00690077 00690066 0049002e 00630053 'w.i.f.i...I.S.c.'
07-07 21:57:37.488   498  1302 I         :     0x00000030: 006e0061 00760045 006e0065 00000074 'a.n.E.v.e.n.t...')
07-07 21:57:37.488   498  1302 I         : Data addr = , offsets addr=0x9224f04c
07-07 21:57:37.490   498   660 I         : BC_TRANSACTION thr 0x8c713970 / hand 24 / code 0x00000004: Parcel(
07-07 21:57:37.490   498   660 I         :     0x00000000: 00400000 00000021 006e0061 00720064 '..@.!...a.n.d.r.'
07-07 21:57:37.490   498   660 I         :     0x00000010: 0069006f 002e0064 0065006e 002e0074 'o.i.d...n.e.t...'
07-07 21:57:37.490   498   660 I         :     0x00000020: 00690077 00690066 0049002e 00690057 'w.i.f.i...I.W.i.'
07-07 21:57:37.490   498   660 I         :     0x00000030: 00690066 00630053 006e0061 0065006e 'f.i.S.c.a.n.n.e.'
07-07 21:57:37.490   498   660 I         :     0x00000040: 00490072 0070006d 0000006c          'r.I.m.p.l...    ')
07-07 21:57:37.490   498   660 I         : Sending commands to driver: 
07-07 21:57:37.490   498   660 I         :   0x00000000: 40286300 00000018 00000000 00000004 '.c(@............'
07-07 21:57:37.490   498   660 I         :   0x00000010: 00000010 00000000 00000000 0000004c '............L...'
07-07 21:57:37.490   498   660 I         :   0x00000020: 00000000 9c241900 00000000          '......$.....    '
07-07 21:57:37.490   498   660 I         :   BC_TRANSACTION: target.desc=24 (cookie 0)
07-07 21:57:37.490   498   660 I         :     code=0x00000004, flags=0x10
07-07 21:57:37.490   498   660 I         :     data=2619611392 (0x4c bytes)
07-07 21:57:37.490   498   660 I         :     offsets=0 (0x0 bytes)
07-07 21:57:37.490   498   660 I         : Size of receive buffer: 256, needRead: true, doReceive: true
07-07 21:57:37.490   498   660 I         : About to read/write, write size = 44
07-07 21:57:37.490   498   660 I         : Finished read/write, write size = 44
07-07 21:57:37.490   498   660 I         : Our err: 0x0, write consumed: 44 (of 44), read consumed: 8
07-07 21:57:37.490   498   660 I         : Remaining data size: 0
07-07 21:57:37.490   498   660 I         : Received commands from driver: 0000720c 00007206   '.r...r..'
