07-10 15:53:00.043   620   620 I         : Finished read/write, write size = 44
07-10 15:53:00.043   620   620 I         : Our err: 0x0, write consumed: 44 (of 44), read consumed: 8
07-10 15:53:00.043   620   620 I         : Remaining data size: 0
07-10 15:53:00.043   620   620 I         : Received commands from driver: 0000720c 00007206   '.r...r..'
07-10 15:53:00.043   620   620 I         :   BR_NOOP
07-10 15:53:00.043   620   620 I         :   BR_TRANSACTION_COMPLETE
07-10 15:53:00.043   620   620 I         : Processing waitForResponse Command: BR_NOOP
07-10 15:53:00.043   620   620 I         : Size of receive buffer: 0, needRead: false, doReceive: true
07-10 15:53:00.043   620   620 I         : Processing waitForResponse Command: BR_TRANSACTION_COMPLETE
07-10 15:53:00.043   620   620 I         : Size of receive buffer: 256, needRead: true, doReceive: true
07-10 15:53:00.043   620   620 I         : About to read/write, write size = 0
07-10 15:53:00.043   620   652 I         : Finished read/write, write size = 8
07-10 15:53:00.044   620   652 I         : Our err: 0x0, write consumed: 8 (of 8), read consumed: 48
07-10 15:53:00.044   620   652 I         : Remaining data size: 0
07-10 15:53:00.044   620   652 I         : Received commands from driver: 
07-10 15:53:00.044   620   652 I         :   0x00000000: 0000720c 80287202 a30043e0 9a8f8a00 '.r...r(..C......'
07-10 15:53:00.044   620   652 I         :   0x00000010: 00000016 00000011 00000000 000003e8 '................'
07-10 15:53:00.044   620   652 I         :   0x00000020: 00000140 00000004 8b419070 8b4191b0 '@.......p.A...A.'
07-10 15:53:00.044   620   652 I         :   BR_NOOP
07-10 15:53:00.044   620   652 I         :   BR_TRANSACTION: target.ptr=2734703584 (cookie 2593098240)
07-10 15:53:00.044   620   652 I         :     code=0x00000016, flags=0x11
07-10 15:53:00.044   620   652 I         :     data=2336329840 (0x140 bytes)
07-10 15:53:00.044   620   652 I         :     offsets=2336330160 (0x4 bytes)
07-10 15:53:00.044   620   652 I         : Processing top-level Command: BR_NOOP
07-10 15:53:00.044   620   652 D threadpool: **** do THREAD 0x8b21e970 (PID 620) IS JOINING THE THREAD POOL
07-10 15:53:00.044   620   652 I         : Size of receive buffer: 0, needRead: false, doReceive: true
07-10 15:53:00.044   620   652 I         : Processing top-level Command: BR_TRANSACTION
07-10 15:53:00.044   620   652 I Parcel  : Parcel constructing 0x8b21e810:357 (pid=620) Entry
07-10 15:53:00.044   620   652 I Parcel  : freeDataNoInit 0x8b21e810:2540 (pid=620) mOwner is Null Entry
07-10 15:53:00.044   620   652 I Parcel  : setDataReference Setting data size of 0x8b21e810 to 320 (pid=620)
07-10 15:53:00.044   620   652 I Parcel  : Parcel constructing 0x8b21e7dc:357 (pid=620) Entry
07-10 15:53:00.045   620   652 I         : BR_TRANSACTION thr 0x8b21e970 / obj 2734703584 / code 0x00000016: Parcel(
07-10 15:53:00.045   620   652 I         :     0x00000000: 00400000 0000001e 006e0061 00720064 '..@.....a.n.d.r.'
07-10 15:53:00.045   620   652 I         :     0x00000010: 0069006f 002e0064 00700061 002e0070 'o.i.d...a.p.p...'
07-10 15:53:00.045   620   652 I         :     0x00000020: 00410049 00700070 0069006c 00610063 'I.A.p.p.l.i.c.a.'
07-10 15:53:00.045   620   652 I         :     0x00000030: 00690074 006e006f 00680054 00650072 't.i.o.n.T.h.r.e.'
07-10 15:53:00.045   620   652 I         :     0x00000040: 00640061 00000000 73622a85 00000100 'a.d......*bs....'
07-10 15:53:00.045   620   652 I         :     0x00000050: 88418260 884162c0 00000001 0000001f '`.A..bA.........'
07-10 15:53:00.045   620   652 I         :     0x00000060: 006e0061 00720064 0069006f 002e0064 'a.n.d.r.o.i.d...'
07-10 15:53:00.045   620   652 I         :     0x00000070: 006e0069 00650074 0074006e 0061002e 'i.n.t.e.n.t...a.'
07-10 15:53:00.045   620   652 I         :     0x00000080: 00740063 006f0069 002e006e 00490054 'c.t.i.o.n...T.I.'
07-10 15:53:00.045   620   652 I         :     0x00000090: 0045004d 0054005f 00430049 0000004b 'M.E._.T.I.C.K...'
07-10 15:53:00.045   620   652 I         :     0x000000a0: 00000000 ffffffff 50200014 ffffffff '.......... P....'
07-10 15:53:00.045   620   652 I         :     0x000000b0: ffffffff 00000000 00000000 00000000 '................'
07-10 15:53:00.045   620   652 I         :     0x000000c0: 00000000 fffffffe 00000054 4c444e42 '........T...BNDL'
07-10 15:53:00.045   620   652 I         :     0x000000d0: 00000001 0
07-10 15:53:00.045   620   652 I Parcel  : Parcel constructing 0x889330d0:357 (pid=620) Entry
07-10 15:53:00.045   620   977 I Parcel  : Parcel constructing 0x88933108:357 (pid=620) Entry
07-10 15:53:00.045   620   977 I         : BC_TRANSACTION thr 0x886ff970 / hand 1 / code 0x0000000a: Parcel(
07-10 15:53:00.045   620   977 I         :     0x00000000: 00400000 0000001c 006e0061 00720064 '..@.....a.n.d.r.'
07-10 15:53:00.045   620   977 I         :     0x00000010: 0069006f 002e0064 00700061 002e0070 'o.i.d...a.p.p...'
07-10 15:53:00.045   620   977 I         :     0x00000020: 00410049 00740063 00760069 00740069 'I.A.c.t.i.v.i.t.'
07-10 15:53:00.045   620   977 I         :     0x00000030: 004d0079 006e0061 00670061 00720065 'y.M.a.n.a.g.e.r.'
07-10 15:53:00.045   620   977 I         :     0x00000040: 00000000 73622a85 00000113 88418260 '.....*bs....`.A.'
07-10 15:53:00.045   620   977 I         :     0x00000050: 884162c0 00000000 ffffffff 00000000 '.bA.............'
07-10 15:53:00.045   620   977 I         :     0x00000060: 00000000 50200014                   '...... P        '
07-10 15:53:00.045   620   977 I         :   Object #0 @ 0x44: 'sb*' = 2285994592)
07-10 15:53:00.046   620   977 D ipc     : >>>> SEND from pid 620 uid 10014 ONE WAY
07-10 15:53:00.046   620   977 I         : Sending commands to driver: 
07-10 15:53:00.046   620   977 I         :   0x00000000: 40286300 00000001 00000000 0000000a '.c(@............'
07-10 15:53:00.046   620   977 I         :   0x00000010: 00000011 00000000 00000000 00000068 '............h...'
07-10 15:53:00.046   620   977 I         :   0x00000020: 00000004 89352140 8825e8f0          '....@!5...%.    '
07-10 15:53:00.046   620   977 I         :   BC_TRANSACTION: target.desc=1 (cookie 0)
07-10 15:53:00.046   620   977 I         :     code=0x0000000a, flags=0x11
07-10 15:53:00.046   620   977 I         :     data=2301960512 (0x68 bytes)
07-10 15:53:00.046   620   977 I         :     offsets=2284185840 (0x4 bytes)
07-10 15:53:00.046   620   977 I         : Size of receive buffer: 256, needRead: true, doReceive: true
07-10 15:53:00.046   620   977 I         : About to read/write, write size = 44
07-10 15:53:00.046   620   977 I         : Finished read/write, write size = 44
07-10 15:53:00.046   620   977 I         : Our err: 0x0, write consumed: 44 (of 44), read consumed: 8
07-10 15:53:00.046   620   977 I         : Remaining data size: 0
07-10 15:53:00.046   620   977 I         : Received commands from driver: 0000720c 00007206   '.r...r..'
07-10 15:53:00.046   620   977 I         :   BR_NOOP
07-10 15:53:00.046   620   977 I         :   BR_TRANSACTION_COMPLETE
07-10 15:53:00.046   620   977 I         : Processing waitForResponse Command: BR_NOOP
07-10 15:53:00.046   620   977 I         : Size of receive buffer: 0, needRead: false, doReceive: true
07-10 15:53:00.046   620   977 I         : Processing waitForResponse Command: BR_TRANSACTION_COMPLETE
07-10 15:53:00.046   620   977 I Parcel  : freeData 0x88933108:2526 (pid=620) Entry
07-10 15:53:00.046   620   977 I Parcel  : freeDataNoInit 0x88933108:2540 (pid=620) mOwner is Null Entry
07-10 15:53:00.046   620   977 I         : Size of receive buffer: 0, needRead: true, doReceive: false
07-10 15:53:00.047   620   652 D ipc     : NOT sending reply to 0!
07-10 15:53:00.047   620   652 I         : BC_REPLY thr 0x8b21e970 / obj 2734703584: Parcel(NULL)
07-10 15:53:00.047   620   652 I Parcel  : ~Parcel 0x8b21e7dc:363 (pid=620) Entry
07-10 15:53:00.047   620   652 I Parcel  : freeDataNoInit 0x8b21e7dc:2540 (pid=620) mOwner is Null Entry
07-10 15:53:00.047   620   652 I Parcel  : ~Parcel 0x8b21e810:363 (pid=620) Entry
07-10 15:53:00.047   620   652 I Parcel  : freeDataNoInit 0x8b21e810:2535 (pid=620) mOwner isNot Null Entry
07-10 15:53:00.047   620   652 I         : Writing BC_FREE_BUFFER for 
07-10 15:53:00.047   620   652 D threadpool: **** do THREAD 0x8b21e970 (PID 620) IS JOINING THE THREAD POOL
07-10 15:53:00.047   620   652 I         : Sending commands to driver: 40046303 8b419070   '.c.@p.A.'
07-10 15:53:00.047   620   652 I         :   BC_FREE_BUFFER: buffer=0x8b419070
07-10 15:53:00.047   620   652 I         : Size of receive buffer: 256, needRead: true, doReceive: true
07-10 15:53:00.047   620   652 I         : About to read/write, write size = 8
07-10 15:53:00.047   411  1241 I         : Finished read/write, write size = 0
07-10 15:53:00.047   411  1241 I         : Our err: 0x0, write consumed: 0 (of 0), read consumed: 48
07-10 15:53:00.048   411  1241 I         : Remaining data size: 0
07-10 15:53:00.048   411  1241 I         : Received commands from driver: 
07-10 15:53:00.048   411  1241 I         :   0x00000000: 0000720c 80287203 00000000 00000000 '.r...r(.........'
07-10 15:53:00.048   411  1241 I         :   0x00000010: 00000000 00000000 00000000 000003e8 '................'
07-10 15:53:00.048   411  1241 I         :   0x00000020: 00000010 00000004 8f5160d4 8f5160e4 '.........`Q..`Q.'
07-10 15:53:00.048   411  1241 I         :   BR_NOOP
07-10 15:53:00.048   411  1241 I         :   BR_REPLY: target.desc=0 (cookie 0)
07-10 15:53:00.048   411  1241 I         :     code=0x00000000, flags=0x0
07-10 15:53:00.048   411  1241 I         :     data=2404475092 (0x10 bytes)
07-10 15:53:00.048   411  1241 I         :     offsets=2404475108 (0x4 bytes)
07-10 15:53:00.048   411  1241 I         : Processing waitForResponse Command: BR_NOOP
07-10 15:53:00.048   411  1241 I         : Size of receive buffer: 0, needRead: false, doReceive: true
07-10 15:53:00.048   411  1241 I         : Processing waitForResponse Command: BR_REPLY
07-10 15:53:00.048   411  1241 I IPCThreadState: waitForResponse reply 0xa361ecf0:778 (pid=411) Entry
07-10 15:53:00.048   411  1241 I Parcel  : freeDataNoInit 0xa361ecf0:2540 (pid=411) mOwner is Null Entry
07-10 15:53:00.048   411  1241 I Parcel  : setDataReference Setting data size of 0xa361ecf0 to 16 (pid=411)
07-10 15:53:00.048   411  1241 I         : BR_REPLY thr 0x83002970 / hand 0: Parcel(73622a85 0000017f 9991c510 99654d60 '.*bs........`Me.'
07-10 15:53:00.048   411  1241 I         :   Object #0 @ 0x0: 'sb*' = 2576467216)
07-10 15:53:00.048   411  1241 I Parcel  : freeData 0xa361ecf0:2526 (pid=411) Entry
07-10 15:53:00.048   411  1241 I Parcel  : freeDataNoInit 0xa361ecf0:2535 (pid=411) mOwner isNot Null Entry
07-10 15:53:00.048   411  1241 I         : Writing BC_FREE_BUFFER for bs
07-10 15:53:00.048   411  1241 I Parcel  : freeData 0xa361ed98:2526 (pid=411) Entry
07-10 15:53:00.048   411  1241 I Parcel  : freeDataNoInit 0xa361ed98:2540 (pid=411) mOwner is Null Entry
07-10 15:53:00.049   411  1241 D ipc     : Sending reply to 620!
07-10 15:53:00.049   411  1241 I         : Sending commands to driver: 
07-10 15:53:00.049   411  1241 I         :   0x00000000: 40046303 8f5160d4 40286301 ffffffff '.c.@.`Q..c(@....'
07-10 15:53:00.049   411  1241 I         :   0x00000010: 00000000 00000000 00000000 00000000 '................'
07-10 15:53:00.049   411  1241 I         :   0x00000020: 00000000 00000008 00000000 89ae25d0 '.............%..'
07-10 15:53:00.049   411  1241 I         :   0x00000030: 00000000                            '....            '
07-10 15:53:00.049   411  1241 I         :   BC_FREE_BUFFER: buffer=0x8f5160d4
07-10 15:53:00.049   411  1241 I         :   BC_REPLY: target.ptr=4294967295 (cookie 0)
07-10 15:53:00.049   411  1241 I         :     code=0x00000000, flags=0x0
07-10 15:53:00.049   411  1241 I         :     data=2309891536 (0x8 bytes)
07-10 15:53:00.049   411  1241 I         :     offsets=0 (0x0 bytes)
07-10 15:53:00.049   411  1241 I         : Size of receive buffer: 256, needRead: true, doReceive: true
07-10 15:53:00.049   411  1241 I         : About to read/write, write size = 52
07-10 15:53:00.049   411  1241 I         : Finished read/write, write size = 52
07-10 15:53:00.049   411  1241 I         : Our err: 0x0, write consumed: 52 (of 52), read consumed: 8
07-10 15:53:00.049   411  1241 I         : Remaining data size: 0
07-10 15:53:00.049   411  1241 I         : Received commands from driver: 0000720c 00007206   '.r...r..'
07-10 15:53:00.049   411  1241 I         :   BR_NOOP
07-10 15:53:00.049   411  1241 I         :   BR_TRANSACTION_COMPLETE
07-10 15:53:00.049   411  1241 I         : Processing waitForResponse Command: BR_NOOP
07-10 15:53:00.049   411  1241 I         : Size of receive buffer: 0, needRead: false, doReceive: true
07-10 15:53:00.049   411  1241 I         : Processing waitForResponse Command: BR_TRANSACTION_COMPLETE
07-10 15:53:00.050   411  1241 I         : BC_REPLY thr 0x83002970 / obj 2576469792: Parcel(00000000 00000000   '........')
07-10 15:53:00.050   411  1241 I Parcel  : ~Parcel 0x830027dc:363 (pid=411) Entry
07-10 15:53:00.050   411  1241 I Parcel  : freeDataNoInit 0x830027dc:2540 (pid=411) mOwner is Null Entry
07-10 15:53:00.050   411  1241 I Parcel  : ~Parcel 0x83002810:363 (pid=411) Entry
07-10 15:53:00.050   411  1241 I Parcel  : freeDataNoInit 0x83002810:2535 (pid=411) mOwner isNot Null Entry
07-10 15:53:00.050   411   499 I         : Size of receive buffer: 0, needRead: true, doReceive: false
07-10 15:53:00.050   411   642 D ipc     : NOT sending reply to 0!
07-10 15:53:00.051   620   620 I         : Finished read/write, write size = 0
07-10 15:53:00.058   411   642 I         : BC_REPLY thr 0x879cf970 / obj 2576467472: Parcel(NULL)
07-10 15:53:00.058   411   642 I Parcel  : ~Parcel 0x879cf7dc:363 (pid=411) Entry
07-10 15:53:00.058   411   642 I Parcel  : freeDataNoInit 0x879cf7dc:2540 (pid=411) mOwner is Null Entry
07-10 15:53:00.058   411   642 I Parcel  : ~Parcel 0x879cf810:363 (pid=411) Entry
07-10 15:53:00.058   411   642 I Parcel  : freeDataNoInit 0x879cf810:2535 (pid=411) mOwner isNot Null Entry
07-10 15:53:00.058   411   642 I         : Writing BC_FREE_BUFFER for 
07-10 15:53:00.058   411   642 D threadpool: **** do THREAD 0x879cf970 (PID 411) IS JOINING THE THREAD POOL
07-10 15:53:00.058   411   642 I         : Sending commands to driver: 40046303 8f516028   '.c.@(`Q.'
07-10 15:53:00.058   411   642 I         :   BC_FREE_BUFFER: buffer=0x8f516028
07-10 15:53:00.058   411   642 I         : Size of receive buffer: 256, needRead: true, doReceive: true
07-10 15:53:00.058   411   642 I         : About to read/write, write size = 8
07-10 15:53:00.058   411  1119 I         : Finished read/write, write size = 8
07-10 15:53:00.058   411  1119 I         : Our err: 0x0, write consumed: 8 (of 8), read consumed: 48
07-10 15:53:00.059   411  1119 I         : Remaining data size: 0
07-10 15:53:00.059   411  1119 I         : Received commands from driver: 
07-10 15:53:00.059   411  1119 I         :   0x00000000: 0000720c 80287202 9991c610 9993b7e0 '.r...r(.........'
07-10 15:53:00.059   411  1119 I         :   0x00000010: 0000000a 00000011 00000000 0000271e '.............'..'
07-10 15:53:00.059   411  1119 I         :   0x00000020: 00000068 00000004 8f5160e8 8f516150 'h........`Q.PaQ.'
07-10 15:53:00.059   411  1119 I         :   BR_NOOP
07-10 15:53:00.059   411  1119 I         :   BR_TRANSACTION: target.ptr=2576467472 (cookie 2576594912)
07-10 15:53:00.059   411  1119 I         :     code=0x0000000a, flags=0x11
07-10 15:53:00.059   411  1119 I         :     data=2404475112 (0x68 bytes)
07-10 15:53:00.059   411  1119 I         :     offsets=2404475216 (0x4 bytes)
07-10 15:53:00.059   411  1119 I         : Processing top-level Command: BR_NOOP
07-10 15:53:00.059   411  1119 D threadpool: **** do THREAD 0x870ff970 (PID 411) IS JOINING THE THREAD POOL
07-10 15:53:00.059   411  1119 I         : Size of receive buffer: 0, needRead: false, doReceive: true
07-10 15:53:00.059   411  1119 I         : Processing top-level Command: BR_TRANSACTION
07-10 15:53:00.059   411  1119 I Parcel  : Parcel constructing 0x870ff810:357 (pid=411) Entry
07-10 15:53:00.059   411  1119 I Parcel  : freeDataNoInit 0x870ff810:2540 (pid=411) mOwner is Null Entry
07-10 15:53:00.059   411  1119 I Parcel  : setDataReference Setting data size of 0x870ff810 to 104 (pid=411)
07-10 15:53:00.059   411  1119 I Parcel  : Parcel constructing 0x870ff7dc:357 (pid=411) Entry
07-10 15:53:00.059   411  1119 I         : BR_TRANSACTION thr 0x870ff970 / obj 2576467472 / code 0x0000000a: Parcel(
07-10 15:53:00.059   411  1119 I         :     0x00000000: 00400000 0000001c 006e0061 00720064 '..@.....a.n.d.r.'
07-10 15:53:00.059   411  1119 I         :     0x00000010: 0069006f 002e0064 00700061 002e0070 'o.i.d...a.p.p...'
07-10 15:53:00.059   411  1119 I         :     0x00000020: 00410049 00740063 00760069 00740069 'I.A.c.t.i.v.i.t.'
07-10 15:53:00.059   411  1119 I         :     0x00000030: 004d0079 006e0061 00670061 00720065 'y.M.a.n.a.g.e.r.'
07-10 15:53:00.059   411  1119 I         :     0x00000040: 00000000 73682a85 00000113 0000007f '.....*hs........'
07-10 15:53:00.059   411  1119 I         :     0x00000050: 00000000 00000000 ffffffff 00000000 '................'
07-10 15:53:00.059   411  1119 I         :     0x00000060: 00000000 50200014                   '...... P        '
07-10 15:53:00.059   411  1119 I         :   Object #0 @ 0x44: 'sh*' = 127)
07-10 15:53:00.059   411  1119 I         : Data addr = , offsets addr=0x8f516150
07-10 15:53:00.060   411  1119 I         : BC_TRANSACTION thr 0x870ff970 / hand 22 / code 0x00000016: Parcel(
07-10 15:53:00.060   411  1119 I         :     0x00000000: 00400000 0000001e 006e0061 00720064 '..@.....a.n.d.r.'
07-10 15:53:00.060   411  1119 I         :     0x00000010: 0069006f 002e0064 00700061 002e0070 'o.i.d...a.p.p...'
07-10 15:53:00.060   411  1119 I         :     0x00000020: 00410049 00700070 0069006c 00610063 'I.A.p.p.l.i.c.a.'
07-10 15:53:00.060   411  1119 I         :     0x00000030: 00690074 006e006f 00680054 00650072 't.i.o.n.T.h.r.e.'
07-10 15:53:00.060   411  1119 I         :     0x00000040: 00640061 00000000 73682a85 00000100 'a.d......*hs....'
07-10 15:53:00.060   411  1119 I         :     0x00000050: 00000117 00000000 00000001 0000001f '................'
07-10 15:53:00.060   411  1119 I         :     0x00000060: 006e0061 00720064 0069006f 002e0064 'a.n.d.r.o.i.d...'
07-10 15:53:00.060   411  1119 I         :     0x00000070: 006e0069 00650074 0074006e 0061002e 'i.n.t.e.n.t...a.'
07-10 15:53:00.060   411  1119 I         :     0x00000080: 00740063 006f0069 002e006e 00490054 'c.t.i.o.n...T.I.'
07-10 15:53:00.060   411  1119 I         :     0x00000090: 0045004d 0054005f 00430049 0000004b 'M.E._.T.I.C.K...'
07-10 15:53:00.060   411  1119 I         :     0x000000a0: 00000000 ffffffff 50200014 ffffffff '.......... P....'
07-10 15:53:00.060   411  1119 I         :     0x000000b0: ffffffff 00000000 00000000 00000000 '................'
07-10 15:53:00.060   411  1119 I         :     0x000000c0: 00000000 fffffffe 00000054 4c444e42 '........T...BNDL'
07-10 15:53:00.060   411  1119 I         :     0x000000d0: 00000001 00000020
07-10 15:53:00.060   411  1119 D ipc     : >>>> SEND from pid 411 uid 1000 ONE WAY
07-10 15:53:00.061   411  1119 I         : Sending commands to driver: 
07-10 15:53:00.061   411  1119 I         :   0x00000000: 40286300 00000016 00000000 00000016 '.c(@............'
07-10 15:53:00.061   411  1119 I         :   0x00000010: 00000011 00000000 00000000 00000140 '............@...'
07-10 15:53:00.061   411  1119 I         :   0x00000020: 00000004 a3674a80 89ae25d0          '.....Jg..%..    '
07-10 15:53:00.061   411  1119 I         :   BC_TRANSACTION: target.desc=22 (cookie 0)
07-10 15:53:00.061   411  1119 I         :     code=0x00000016, flags=0x11
07-10 15:53:00.061   411  1119 I         :     data=2741455488 (0x140 bytes)
07-10 15:53:00.061   411  1119 I         :     offsets=2309891536 (0x4 bytes)
07-10 15:53:00.061   411  1119 I         : Size of receive buffer: 256, needRead: true, doReceive: true
07-10 15:53:00.061   411  1119 I         : About to read/write, write size = 44
07-10 15:53:00.061   411  1119 I         : Finished read/write, write size = 44
07-10 15:53:00.061   411  1119 I         : Our err: 0x0, write consumed: 44 (of 44), read consumed: 8
07-10 15:53:00.061   411  1119 I         : Remaining data size: 0
07-10 15:53:00.061   411  1119 I         : Received commands from driver: 0000720c 00007206   '.r...r..'
07-10 15:53:00.061   411  1119 I         :   BR_NOOP
07-10 15:53:00.061   411  1119 I         :   BR_TRANSACTION_COMPLETE
07-10 15:53:00.061   411  1119 I         : Processing waitForResponse Command: BR_NOOP
07-10 15:53:00.061   411  1119 I         : Size of receive buffer: 0, needRead: false, doReceive: true
07-10 15:53:00.061   411  1119 I         : Processing waitForResponse Command: BR_TRANSACTION_COMPLETE
07-10 15:53:00.061   411  1119 I Parcel  : freeData 0xa361ecf0:2526 (pid=411) Entry
07-10 15:53:00.061   411  1119 I Parcel  : freeDataNoInit 0xa361ecf0:2540 (pid=411) mOwner is Null Entry
07-10 15:53:00.062   411  1119 D ipc     : NOT sending reply to 0!
07-10 15:53:00.062   411  1119 I         : BC_REPLY thr 0x870ff970 / obj 2576467472: Parcel(NULL)
07-10 15:53:00.062   411  1119 I Parcel  : ~Parcel 0x870ff7dc:363 (pid=411) Entry
07-10 15:53:00.062   411  1119 I Parcel  : freeDataNoInit 0x870ff7dc:2540 (pid=411) mOwner is Null Entry
07-10 15:53:00.062   411  1119 I Parcel  : ~Parcel 0x870ff810:363 (pid=411) Entry
07-10 15:53:00.062   411  1119 I Parcel  : freeDataNoInit 0x870ff810:2535 (pid=411) mOwner isNot Null Entry
07-10 15:53:00.062   411  1119 I         : Writing BC_FREE_BUFFER for 
07-10 15:53:00.062   411  1119 D threadpool: **** do THREAD 0x870ff970 (PID 411) IS JOINING THE THREAD POOL
07-10 15:53:00.062   411  1119 I         : Sending commands to driver: 40046303 8f5160e8   '.c.@.`Q.'
07-10 15:53:00.062   411  1119 I         :   BC_FREE_BUFFER: buffer=0x8f5160e8
07-10 15:53:00.062   411  1119 I         : Size of receive buffer: 256, needRead: true, doReceive: true
07-10 15:53:00.062   411  1119 I         : About to read/write, write size = 8
07-10 15:53:00.062   620   620 I         : Our err: 0x0, write consumed: 0 (of 0), read consumed: 48
07-10 15:53:00.063   620   620 I         : Remaining data size: 0
07-10 15:53:00.063   620   620 I         : Received commands from driver: 
07-10 15:53:00.063   620   620 I         :   0x00000000: 0000720c 80287203 00000000 00000000 '.r...r(.........'
07-10 15:53:00.063   620   620 I         :   0x00000010: 00000000 00000000 00000000 000003e8 '................'
07-10 15:53:00.063   620   620 I         :   0x00000020: 00000008 00000000 8b419008 8b419010 '..........A...A.'
07-10 15:53:00.063   620   620 I         :   BR_NOOP
07-10 15:53:00.063   620   620 I         :   BR_REPLY: target.desc=0 (cookie 0)
07-10 15:53:00.063   620   620 I         :     code=0x00000000, flags=0x0
07-10 15:53:00.063   620   620 I         :     data=2336329736 (0x8 bytes)
07-10 15:53:00.063   620   620 I         :     offsets=2336329744 (0x0 bytes)
07-10 15:53:00.063   620   620 I         : Processing waitForResponse Command: BR_NOOP
07-10 15:53:00.063   620   620 I         : Size of receive buffer: 0, needRead: false, doReceive: true
07-10 15:53:00.063   620   620 I         : Processing waitForResponse Command: BR_REPLY
07-10 15:53:00.063   620   620 I IPCThreadState: waitForResponse reply 0x88933098:778 (pid=620) Entry
07-10 15:53:00.063   620   620 I Parcel  : freeDataNoInit 0x88933098:2540 (pid=620) mOwner is Null Entry
07-10 15:53:00.063   620   620 I Parcel  : setDataReference Setting data size of 0x88933098 to 8 (pid=620)
07-10 15:53:00.063   620   620 I         : BR_REPLY thr 0xa76cf4a4 / hand 3: Parcel(00000000 00000000   '........')
07-10 15:53:00.063   620   620 I Parcel  : freeData 0x88933098:2526 (pid=620) Entry
07-10 15:53:00.063   620   620 I Parcel  : freeDataNoInit 0x88933098:2535 (pid=620) mOwner isNot Null Entry
07-10 15:53:00.063   620   620 I         : Writing BC_FREE_BUFFER for 
07-10 15:53:00.063   620   620 I Parcel  : freeData 0x88932ff0:2526 (pid=620) Entry
07-10 15:53:00.063   620   620 I Parcel  : freeDataNoInit 0x88932ff0:2540 (pid=620) mOwner is Null Entry
07-10 15:53:00.064   620   620 I         : BC_TRANSACTION thr 0xa76cf4a4 / hand 1 / code 0x0000008a: Parcel(
07-10 15:53:00.064   620   620 I         :     0x00000000: 01600004 0000001c 006e0061 00720064 '..`.....a.n.d.r.'
07-10 15:53:00.064   620   620 I         :     0x00000010: 0069006f 002e0064 00700061 002e0070 'o.i.d...a.p.p...'
07-10 15:53:00.064   620   620 I         :     0x00000020: 00410049 00740063 00760069 00740069 'I.A.c.t.i.v.i.t.'
07-10 15:53:00.064   620   620 I         :     0x00000030: 004d0079 006e0061 00670061 00720065 'y.M.a.n.a.g.e.r.'
07-10 15:53:00.064   620   620 I         :     0x00000040: 00000000                            '....            ')
07-10 15:53:00.064   620   620 D ipc     : >>>> SEND from pid 620 uid 10014 READ REPLY
07-10 15:53:00.064   620   620 I         : Sending commands to driver: 
07-10 15:53:00.064   620   620 I         :   0x00000000: 40046303 8b419008 40286300 00000001 '.c.@..A..c(@....'
07-10 15:53:00.064   620   620 I         :   0x00000010: 00000000 0000008a 00000010 00000000 '................'
07-10 15:53:00.064   620   620 I         :   0x00000020: 00000000 00000044 00000000 a3077ca0 '....D........|..'
07-10 15:53:00.064   620   620 I         :   0x00000030: 00000000                            '....            '
07-10 15:53:00.064   620   620 I         :   BC_FREE_BUFFER: buffer=0x8b419008
07-10 15:53:00.064   620   620 I         :   BC_TRANSACTION: target.desc=1 (cookie 0)
07-10 15:53:00.064   620   620 I         :     code=0x0000008a, flags=0x10
07-10 15:53:00.064   620   620 I         :     data=2735176864 (0x44 bytes)
07-10 15:53:00.064   620   620 I         :     offsets=0 (0x0 bytes)
07-10 15:53:00.064   620   620 I         : Size of receive buffer: 256, needRead: true, doReceive: true
07-10 15:53:00.064   620   620 I         : About to read/write, write size = 52
07-10 15:53:00.064   620   620 I         : Finished read/write, write size = 52
07-10 15:53:00.064   620   620 I         : Our err: 0x0, write consumed: 52 (of 52), read consumed: 8
07-10 15:53:00.064   620   620 I         : Remaining data size: 0
07-10 15:53:00.064   620   620 I         : Received commands from driver: 0000720c 00007206   '.r...r..'
07-10 15:53:00.064   620   620 I         :   BR_NOOP
07-10 15:53:00.064   620   620 I         :   BR_TRANSACTION_COMPLETE
07-10 15:53:00.064   620   620 I         : Processing waitForResponse Command: BR_NOOP
07-10 15:53:00.064   620   620 I         : Size of receive buffer: 0, needRead: false, doReceive: true
07-10 15:53:00.064   620   620 I         : Processing waitForResponse Command: BR_TRANSACTION_COMPLETE
07-10 15:53:00.064   620   620 I         : Size of receive buffer: 256, needRead: true, doReceive: true
07-10 15:53:00.065   620   620 I         : About to read/write, write size = 0
07-10 15:53:00.065   411  1119 I         : Finished read/write, write size = 8
07-10 15:53:00.065   411  1119 I         : Our err: 0x0, write consumed: 8 (of 8), read consumed: 48
07-10 15:53:00.065   411  1119 I         : Remaining data size: 0
07-10 15:53:00.065   411  1119 I         : Received commands from driver: 
07-10 15:53:00.065   411  1119 I         :   0x00000000: 0000720c 80287202 9991c610 9993b7e0 '.r...r(.........'
07-10 15:53:00.065   411  1119 I         :   0x00000010: 0000008a 00000010 0000026c 0000271e '........l....'..'
07-10 15:53:00.065   411  1119 I         :   0x00000020: 00000044 00000000 8f5160d4 8f516118 'D........`Q..aQ.'
07-10 15:53:00.065   411  1119 I         :   BR_NOOP
07-10 15:53:00.065   411  1119 I         :   BR_TRANSACTION: target.ptr=2576467472 (cookie 2576594912)
07-10 15:53:00.065   411  1119 I         :     code=0x0000008a, flags=0x10
07-10 15:53:00.065   411  1119 I         :     data=2404475092 (0x44 bytes)
07-10 15:53:00.065   411  1119 I         :     offsets=2404475160 (0x0 bytes)
07-10 15:53:00.065   411  1119 I         : Processing top-level Command: BR_NOOP
07-10 15:53:00.065   411  1119 D threadpool: **** do THREAD 0x870ff970 (PID 411) IS JOINING THE THREAD POOL
07-10 15:53:00.065   411  1119 I         : Size of receive buffer: 0, needRead: false, doReceive: true
07-10 15:53:00.065   411  1119 I         : Processing top-level Command: BR_TRANSACTION
07-10 15:53:00.065   411  1119 I Parcel  : Parcel constructing 0x870ff810:357 (pid=411) Entry
07-10 15:53:00.065   411  1119 I Parcel  : freeDataNoInit 0x870ff810:2540 (pid=411) mOwner is Null Entry
07-10 15:53:00.065   411  1119 I Parcel  : setDataReference Setting data size of 0x870ff810 to 68 (pid=411)
07-10 15:53:00.065   411  1119 I Parcel  : Parcel constructing 0x870ff7dc:357 (pid=411) Entry
07-10 15:53:00.065   411  1119 I         : BR_TRANSACTION thr 0x870ff970 / obj 2576467472 / code 0x0000008a: Parcel(
07-10 15:53:00.065   411  1119 I         :     0x00000000: 01600004 0000001c 006e0061 00720064 '..`.....a.n.d.r.'
07-10 15:53:00.065   411  1119 I         :     0x00000010: 0069006f 002e0064 00700061 002e0070 'o.i.d...a.p.p...'
07-10 15:53:00.065   411  1119 I         :     0x00000020: 00410049 00740063 00760069 00740069 'I.A.c.t.i.v.i.t.'
07-10 15:53:00.065   411  1119 I         :     0x00000030: 004d0079 006e0061 00670061 00720065 'y.M.a.n.a.g.e.r.'
07-10 15:53:00.065   411  1119 I         :     0x00000040: 00000000                            '....            ')
07-10 15:53:00.065   411  1119 I         : Data addr = , offsets addr=0x8f516118
07-10 15:53:00.066   411  1119 I         : BC_TRANSACTION thr 0x870ff970 / hand 0 / code 0x00000001: Parcel(
07-10 15:53:00.066   411  1119 I         :     0x00000000: 01600004 0000001a 006e0061 00720064 '..`.....a.n.d.r.'
07-10 15:53:00.066   411  1119 I         :     0x00000010: 0069006f 002e0064 0073006f 0049002e 'o.i.d...o.s...I.'
07-10 15:53:00.066   411  1119 I         :     0x00000020: 00650053 00760072 00630069 004d0065 'S.e.r.v.i.c.e.M.'
07-10 15:53:00.066   411  1119 I         :     0x00000030: 006e0061 00670061 00720065 00000000 'a.n.a.g.e.r.....'
07-10 15:53:00.066   411  1119 I         :     0x00000040: 0000000b 00650070 006d0072 00650072 '....p.e.r.m.r.e.'
07-10 15:53:00.066   411  1119 I         :     0x00000050: 006f0063 00640072 00000073          'c.o.r.d.s...    ')
07-10 15:53:00.066   411  1119 D ipc     : >>>> SEND from pid 411 uid 1000 READ REPLY
07-10 15:53:00.066   411  1119 I         : Sending commands to driver: 
07-10 15:53:00.066   411  1119 I         :   0x00000000: 40286300 00000000 00000000 00000001 '.c(@............'
07-10 15:53:00.066   411  1119 I         :   0x00000010: 00000010 00000000 00000000 0000005c '............\...'
07-10 15:53:00.066   411  1119 I         :   0x00000020: 00000000 a3622100 00000000          '.....!b.....    '
07-10 15:53:00.066   411  1119 I         :   BC_TRANSACTION: target.desc=0 (cookie 0)
07-10 15:53:00.066   411  1119 I         :     code=0x00000001, flags=0x10
07-10 15:53:00.066   411  1119 I         :     data=2741117184 (0x5c bytes)
07-10 15:53:00.066   411  1119 I         :     offsets=0 (0x0 bytes)
07-10 15:53:00.066   411  1119 I         : Size of receive buffer: 256, needRead: true, doReceive: true
07-10 15:53:00.066   411  1119 I         : About to read/write, write size = 44
07-10 15:53:00.067   411  1119 I         : Finished read/write, write size = 44
07-10 15:53:00.067   411  1119 I         : Our err: 0x0, write consumed: 44 (of 44), read consumed: 52
07-10 15:53:00.067   411  1119 I         : Remaining data size: 0
07-10 15:53:00.067   411  1119 I         : Received commands from driver: 
07-10 15:53:00.067   411  1119 I         :   0x00000000: 0000720c 00007206 80287203 00000000 '.r...r...r(.....'
07-10 15:53:00.067   411  1119 I         :   0x00000010: 00000000 00000000 00000000 00000000 '................'
07-10 15:53:00.067   411  1119 I         :   0x00000020: 000003e8 00000010 00000004 8f516118 '.............aQ.'
07-10 15:53:00.067   411  1119 I         :   0x00000030: 8f516128                            '(aQ.            '
07-10 15:53:00.067   411  1119 I         :   BR_NOOP
07-10 15:53:00.067   411  1119 I         :   BR_TRANSACTION_COMPLETE
07-10 15:53:00.067   411  1119 I         :   BR_REPLY: target.desc=0 (cookie 0)
07-10 15:53:00.067   411  1119 I         :     code=0x00000000, flags=0x0
07-10 15:53:00.067   411  1119 I         :     data=2404475160 (0x10 bytes)
07-10 15:53:00.067   411  1119 I         :     offsets=2404475176 (0x4 bytes)
07-10 15:53:00.067   411  1119 I         : Processing waitForResponse Command: BR_NOOP
07-10 15:53:00.067   411  1119 I         : Size of receive buffer: 0, needRead: false, doReceive: true
07-10 15:53:00.067   411  1119 I         : Processing waitForResponse Command: BR_TRANSACTION_COMPLETE
07-10 15:53:00.067   411  1119 I         : Size of receive buffer: 0, needRead: false, doReceive: true
07-10 15:53:00.067   411  1119 I         : Processing waitForResponse Command: BR_REPLY
07-10 15:53:00.067   411  1119 I IPCThreadState: waitForResponse reply 0xa361ed98:778 (pid=411) Entry
07-10 15:53:00.067   411  1119 I Parcel  : freeDataNoInit 0xa361ed98:2540 (pid=411) mOwner is Null Entry
07-10 15:53:00.068   411  1119 I Parcel  : setDataReference Setting data size of 0xa361ed98 to 16 (pid=411)
07-10 15:53:00.068   411  1119 I         : BR_REPLY thr 0x870ff970 / hand 0: Parcel(73622a85 0000017f 9991c510 99654d60 '.*bs........`Me.'
07-10 15:53:00.068   411  1119 I         :   Object #0 @ 0x0: 'sb*' = 2576467216)
07-10 15:53:00.068   411  1119 I Parcel  : freeData 0xa361ed98:2526 (pid=411) Entry
07-10 15:53:00.068   411  1119 I Parcel  : freeDataNoInit 0xa361ed98:2535 (pid=411) mOwner isNot Null Entry
07-10 15:53:00.068   411  1119 I         : Writing BC_FREE_BUFFER for bs
07-10 15:53:00.068   411  1119 I Parcel  : freeData 0xa361ecf0:2526 (pid=411) Entry
07-10 15:53:00.068   411  1119 I Parcel  : freeDataNoInit 0xa361ecf0:2540 (pid=411) mOwner is Null Entry
07-10 15:53:00.068   411  1119 I         : BC_TRANSACTION thr 0x870ff970 / hand 0 / code 0x00000001: Parcel(
07-10 15:53:00.068   411  1119 I         :     0x00000000: 01600004 0000001a 006e0061 00720064 '..`.....a.n.d.r.'
07-10 15:53:00.068   411  1119 I         :     0x00000010: 0069006f 002e0064 0073006f 0049002e 'o.i.d...o.s...I.'
07-10 15:53:00.068   411  1119 I         :     0x00000020: 00650053 00760072 00630069 004d0065 'S.e.r.v.i.c.e.M.'
07-10 15:53:00.068   411  1119 I         :     0x00000030: 006e0061 00670061 00720065 00000000 'a.n.a.g.e.r.....'
07-10 15:53:00.068   411  1119 I         :     0x00000040: 0000000b 00650070 006d0072 00650072 '....p.e.r.m.r.e.'
07-10 15:53:00.068   411  1119 I         :     0x00000050: 006f0063 00640072 00000073          'c.o.r.d.s...    ')
07-10 15:53:00.068   411  1119 D ipc     : >>>> SEND from pid 411 uid 1000 READ REPLY
07-10 15:53:00.069   411  1119 I         : Sending commands to driver: 
07-10 15:53:00.069   411  1119 I         :   0x00000000: 40046303 8f516118 40286300 00000000 '.c.@.aQ..c(@....'
07-10 15:53:00.069   411  1119 I         :   0x00000010: 00000000 00000001 00000010 00000000 '................'
07-10 15:53:00.069   411  1119 I         :   0x00000020: 00000000 0000005c 00000000 a3622100 '....\........!b.'
07-10 15:53:00.069   411  1119 I         :   0x00000030: 00000000                            '....            '
07-10 15:53:00.069   411  1119 I         :   BC_FREE_BUFFER: buffer=0x8f516118
07-10 15:53:00.069   411  1119 I         :   BC_TRANSACTION: target.desc=0 (cookie 0)
07-10 15:53:00.069   411  1119 I         :     code=0x00000001, flags=0x10
07-10 15:53:00.069   411  1119 I         :     data=2741117184 (0x5c bytes)
07-10 15:53:00.069   411  1119 I         :     offsets=0 (0x0 bytes)
07-10 15:53:00.069   411  1119 I         : Size of receive buffer: 256, needRead: true, doReceive: true
07-10 15:53:00.069   411  1119 I         : About to read/write, write size = 52
07-10 15:53:00.069   620   652 I         : Finished read/write, write size = 8
07-10 15:53:00.069   620   652 I         : Our err: 0x0, write consumed: 8 (of 8), read consumed: 48
07-10 15:53:00.070   620   652 I         : Remaining data size: 0
07-10 15:53:00.070   620   652 I         : Received commands from driver: 
07-10 15:53:00.070   620   652 I         :   0x00000000: 0000720c 80287202 a30043e0 9a8f8a00 '.r...r(..C......'
07-10 15:53:00.070   620   652 I         :   0x00000010: 00000016 00000011 00000000 000003e8 '................'
07-10 15:53:00.070   620   652 I         :   0x00000020: 00000140 00000004 8b419070 8b4191b0 '@.......p.A...A.'
07-10 15:53:00.070   620   652 I         :   BR_NOOP
07-10 15:53:00.070   620   652 I         :   BR_TRANSACTION: target.ptr=2734703584 (cookie 2593098240)
07-10 15:53:00.070   620   652 I         :     code=0x00000016, flags=0x11
07-10 15:53:00.070   620   652 I         :     data=2336329840 (0x140 bytes)
07-10 15:53:00.070   620   652 I         :     offsets=2336330160 (0x4 bytes)
07-10 15:53:00.070   620   652 I         : Processing top-level Command: BR_NOOP
07-10 15:53:00.070   620   652 D threadpool: **** do THREAD 0x8b21e970 (PID 620) IS JOINING THE THREAD POOL
07-10 15:53:00.070   620   652 I         : Size of receive buffer: 0, needRead: false, doReceive: true
07-10 15:53:00.070   620   652 I         : Processing top-level Command: BR_TRANSACTION
07-10 15:53:00.070   620   652 I Parcel  : Parcel constructing 0x8b21e810:357 (pid=620) Entry
07-10 15:53:00.070   620   652 I Parcel  : freeDataNoInit 0x8b21e810:2540 (pid=620) mOwner is Null Entry
07-10 15:53:00.070   620   652 I Parcel  : setDataReference Setting data size of 0x8b21e810 to 320 (pid=620)
07-10 15:53:00.070   620   652 I Parcel  : Parcel constructing 0x8b21e7dc:357 (pid=620) Entry
07-10 15:53:00.071   620   652 I         : BR_TRANSACTION thr 0x8b21e970 / obj 2734703584 / code 0x00000016: Parcel(
07-10 15:53:00.071   620   652 I         :     0x00000000: 00400000 0000001e 006e0061 00720064 '..@.....a.n.d.r.'
07-10 15:53:00.071   620   652 I         :     0x00000010: 0069006f 002e0064 00700061 002e0070 'o.i.d...a.p.p...'
07-10 15:53:00.071   620   652 I         :     0x00000020: 00410049 00700070 0069006c 00610063 'I.A.p.p.l.i.c.a.'
07-10 15:53:00.071   620   652 I         :     0x00000030: 00690074 006e006f 00680054 00650072 't.i.o.n.T.h.r.e.'
07-10 15:53:00.071   620   652 I         :     0x00000040: 00640061 00000000 73622a85 00000100 'a.d......*bs....'
07-10 15:53:00.071   620   652 I         :     0x00000050: 9967f130 99965600 00000001 0000001f '0.g..V..........'
07-10 15:53:00.071   620   652 I         :     0x00000060: 006e0061 00720064 0069006f 002e0064 'a.n.d.r.o.i.d...'
07-10 15:53:00.071   620   652 I         :     0x00000070: 006e0069 00650074 0074006e 0061002e 'i.n.t.e.n.t...a.'
07-10 15:53:00.071   620   652 I         :     0x00000080: 00740063 006f0069 002e006e 00490054 'c.t.i.o.n...T.I.'
07-10 15:53:00.071   620   652 I         :     0x00000090: 0045004d 0054005f 00430049 0000004b 'M.E._.T.I.C.K...'
07-10 15:53:00.071   620   652 I         :     0x000000a0: 00000000 ffffffff 50200014 ffffffff '.......... P....'
07-10 15:53:00.071   620   652 I         :     0x000000b0: ffffffff 00000000 00000000 00000000 '................'
07-10 15:53:00.071   620   652 I         :     0x000000c0: 00000000 fffffffe 00000054 4c444e42 '........T...BNDL'
07-10 15:53:00.071   620   652 I         :     0x000000d0: 00000001 0
07-10 15:53:00.071   411  1241 I         : Writing BC_FREE_BUFFER for 
07-10 15:53:00.071   411  1241 D threadpool: **** do THREAD 0x83002970 (PID 411) IS JOINING THE THREAD POOL
07-10 15:53:00.071   411  1241 I         : Sending commands to driver: 40046303 8f516094   '.c.@.`Q.'
07-10 15:53:00.071   411  1241 I         :   BC_FREE_BUFFER: buffer=0x8f516094
07-10 15:53:00.071   411  1241 I         : Size of receive buffer: 256, needRead: true, doReceive: true
07-10 15:53:00.071   411  1241 I         : About to read/write, write size = 8
07-10 15:53:00.073   620   652 D ipc     : NOT sending reply to 0!
07-10 15:53:00.073   620   652 I         : BC_REPLY thr 0x8b21e970 / obj 2734703584: Parcel(NULL)
07-10 15:53:00.073   620   652 I Parcel  : ~Parcel 0x8b21e7dc:363 (pid=620) Entry
07-10 15:53:00.073   620   652 I Parcel  : freeDataNoInit 0x8b21e7dc:2540 (pid=620) mOwner is Null Entry
07-10 15:53:00.073   620   652 I Parcel  : ~Parcel 0x8b21e810:363 (pid=620) Entry
07-10 15:53:00.073   620   652 I Parcel  : freeDataNoInit 0x8b21e810:2535 (pid=620) mOwner isNot Null Entry
07-10 15:53:00.073   620   652 I         : Writing BC_FREE_BUFFER for 
07-10 15:53:00.073   620   652 D threadpool: **** do THREAD 0x8b21e970 (PID 620) IS JOINING THE THREAD POOL
07-10 15:53:00.073   620   652 I         : Sending commands to driver: 40046303 8b419070   '.c.@p.A.'
07-10 15:53:00.073   620   652 I         :   BC_FREE_BUFFER: buffer=0x8b419070
07-10 15:53:00.073   620   652 I         : Size of receive buffer: 256, needRead: true, doReceive: true
07-10 15:53:00.073   620   652 I         : About to read/write, write size = 8
07-10 15:53:00.079   411  1119 I         : Finished read/write, write size = 52
07-10 15:53:00.079   411  1119 I         : Our err: 0x0, write consumed: 52 (of 52), read consumed: 52
07-10 15:53:00.079   411  1119 I         : Remaining data size: 0
07-10 15:53:00.079   411  1119 I         : Received commands from driver: 
07-10 15:53:00.079   411  1119 I         :   0x00000000: 0000720c 00007206 80287203 00000000 '.r...r...r(.....'
07-10 15:53:00.079   411  1119 I         :   0x00000010: 00000000 00000000 00000000 00000000 '................'
07-10 15:53:00.079   411  1119 I         :   0x00000020: 000003e8 00000010 00000004 8f516118 '.............aQ.'
07-10 15:53:00.079   411  1119 I         :   0x00000030: 8f516128                            '(aQ.            '
07-10 15:53:00.079   411  1119 I         :   BR_NOOP
07-10 15:53:00.079   411  1119 I         :   BR_TRANSACTION_COMPLETE
07-10 15:53:00.079   411  1119 I         :   BR_REPLY: target.desc=0 (cookie 0)
07-10 15:53:00.079   411  1119 I         :     code=0x00000000, flags=0x0
07-10 15:53:00.079   411  1119 I         :     data=2404475160 (0x10 bytes)
07-10 15:53:00.079   411  1119 I         :     offsets=2404475176 (0x4 bytes)
07-10 15:53:00.079   411  1119 I         : Processing waitForResponse Command: BR_NOOP
07-10 15:53:00.079   411  1119 I         : Size of receive buffer: 0, needRead: false, doReceive: true
07-10 15:53:00.079   411  1119 I         : Processing waitForResponse Command: BR_TRANSACTION_COMPLETE
07-10 15:53:00.079   411  1119 I         : Size of receive buffer: 0, needRead: false, doReceive: true
07-10 15:53:00.079   411  1119 I         : Processing waitForResponse Command: BR_REPLY
07-10 15:53:00.079   411  1119 I IPCThreadState: waitForResponse reply 0xa361ecf0:778 (pid=411) Entry
07-10 15:53:00.079   411  1119 I Parcel  : freeDataNoInit 0xa361ecf0:2540 (pid=411) mOwner is Null Entry
07-10 15:53:00.080   411  1119 I Parcel  : setDataReference Setting data size of 0xa361ecf0 to 16 (pid=411)
07-10 15:53:00.080   411  1119 I         : BR_REPLY thr 0x870ff970 / hand 0: Parcel(73622a85 0000017f 9991c510 99654d60 '.*bs........`Me.'
07-10 15:53:00.080   411  1119 I         :   Object #0 @ 0x0: 'sb*' = 2576467216)
07-10 15:53:00.080   411  1119 I Parcel  : freeData 0xa361ecf0:2526 (pid=411) Entry
07-10 15:53:00.084   411  1119 I Parcel  : freeDataNoInit 0xa361ecf0:2535 (pid=411) mOwner isNot Null Entry
07-10 15:53:00.084   411  1119 I         : Writing BC_FREE_BUFFER for bs
07-10 15:53:00.084   411  1119 I Parcel  : freeData 0xa361ed98:2526 (pid=411) Entry
07-10 15:53:00.084   411  1119 I Parcel  : freeDataNoInit 0xa361ed98:2540 (pid=411) mOwner is Null Entry
07-10 15:53:00.084   411  1119 D ipc     : Sending reply to 620!
07-10 15:53:00.085   411  1119 I         : Sending commands to driver: 
07-10 15:53:00.085   411  1119 I         :   0x00000000: 40046303 8f516118 40286301 ffffffff '.c.@.aQ..c(@....'
07-10 15:53:00.085   411  1119 I         :   0x00000010: 00000000 00000000 00000000 00000000 '................'
07-10 15:53:00.085   411  1119 I         :   0x00000020: 00000000 000000f8 00000000 99643e00 '.............>d.'
07-10 15:53:00.085   411  1119 I         :   0x00000030: 00000000                            '....            '
07-10 15:53:00.085   411  1119 I         :   BC_FREE_BUFFER: buffer=0x8f516118
07-10 15:53:00.085   411  1119 I         :   BC_REPLY: target.ptr=4294967295 (cookie 0)
07-10 15:53:00.085   411  1119 I         :     code=0x00000000, flags=0x0
07-10 15:53:00.085   411  1119 I         :     data=2573483520 (0xf8 bytes)
07-10 15:53:00.085   411  1119 I         :     offsets=0 (0x0 bytes)
07-10 15:53:00.085   411  1119 I         : Size of receive buffer: 256, needRead: true, doReceive: true
07-10 15:53:00.085   411  1119 I         : About to read/write, write size = 52
07-10 15:53:00.085   620   620 I         : Finished read/write, write size = 0
07-10 15:53:00.085   620   620 I         : Our err: 0x0, write consumed: 0 (of 0), read consumed: 48
07-10 15:53:00.085   620   620 I         : Remaining data size: 0
07-10 15:53:00.085   620   620 I         : Received commands from driver: 
07-10 15:53:00.085   620   620 I         :   0x00000000: 0000720c 80287203 00000000 00000000 '.r...r(.........'
07-10 15:53:00.085   620   620 I         :   0x00000010: 00000000 00000000 00000000 000003e8 '................'
07-10 15:53:00.085   620   620 I         :   0x00000020: 000000f8 00000000 8b419070 8b419168 '........p.A.h.A.'
07-10 15:53:00.085   620   620 I         :   BR_NOOP
07-10 15:53:00.085   620   620 I         :   BR_REPLY: target.desc=0 (cookie 0)
07-10 15:53:00.085   620   620 I         :     code=0x00000000, flags=0x0
07-10 15:53:00.085   620   620 I         :     data=2336329840 (0xf8 bytes)
07-10 15:53:00.085   620   620 I         :     offsets=2336330088 (0x0 bytes)
07-10 15:53:00.085   620   620 I         : Processing waitForResponse Command: BR_NOOP
07-10 15:53:00.085   620   620 I         : Size of receive buffer: 0, needRead: false, doReceive: true
07-10 15:53:00.085   620   620 I         : Processing waitForResponse Command: BR_REPLY
07-10 15:53:00.085   620   620 I IPCThreadState: waitForResponse reply 0x88933098:778 (pid=620) Entry
07-10 15:53:00.085   620   620 I Parcel  : freeDataNoInit 0x88933098:2540 (pid=620) mOwner is Null Entry
07-10 15:53:00.085   620   620 I Parcel  : setDataReference Setting data size of 0x88933098 to 248 (pid=620)
07-10 15:53:00.086   620   620 I         : BR_REPLY thr 0xa76cf4a4 / hand 1: Parcel(
07-10 15:53:00.086   620   620 I         :     0x00000000: 00000000 00000001 00000000 00000002 '................'
07-10 15:53:00.086   620   620 I         :     0x00000010: 4e3b673a 00000000 ffffffff 00000013 ':g;N............'
07-10 15:53:00.086   620   620 I         :     0x00000020: 00000000 00000000 00000000 37720586 '..............r7'
07-10 15:53:00.086   620   620 I         :     0x00000030: 00000173 00000055 0061006e 00650068 's...U...n.a.h.e.'
07-10 15:53:00.086   620   620 I         :     0x00000040: 00610066 0066002f 006c0075 005f006c 'f.a./.f.u.l.l._.'
07-10 15:53:00.086   620   620 I         :     0x00000050: 00690061 00380076 00360031 00730037 'a.i.v.8.1.6.7.s.'
07-10 15:53:00.086   620   620 I         :     0x00000060: 0033006d 0062005f 00700073 0061002f 'm.3._.b.s.p./.a.'
07-10 15:53:00.086   620   620 I         :     0x00000070: 00760069 00310038 00370036 006d0073 'i.v.8.1.6.7.s.m.'
07-10 15:53:00.086   620   620 I         :     0x00000080: 005f0033 00730062 003a0070 002e0038 '3._.b.s.p.:.8...'
07-10 15:53:00.086   620   620 I         :     0x00000090: 002e0031 002f0030 0031004f 00300031 '1...0./.O.1.1.0.'
07-10 15:53:00.086   620   620 I         :     0x000000a0: 00390031 0031002f 00380035 00390038 '1.9./.1.5.8.8.9.'
07-10 15:53:00.086   620   620 I         :     0x000000b0: 00330034 00340038 003a0036 00730075 '4.3.8.4.6.:.u.s.'
07-10 15:53:00.086   620   620 I         :     0x000000c0: 00720065 00650064 00750062 002f0067 'e.r.d.e.b.u.g./.'
07-10 15:53:00.086   620   620 I         :     0x000000d0: 00650074 00740073 006b002d 00790065 't.e.s
07-10 15:53:00.086   620   620 I Parcel  : freeData 0x88933098:2526 (pid=620) Entry
07-10 15:53:00.086   620   620 I Parcel  : freeDataNoInit 0x88933098:2535 (pid=620) mOwner isNot Null Entry
07-10 15:53:00.086   620   620 I         : Writing BC_FREE_BUFFER for 
07-10 15:53:00.086   620   620 I Parcel  : freeData 0x88933108:2526 (pid=620) Entry
07-10 15:53:00.086   620   620 I Parcel  : freeDataNoInit 0x88933108:2540 (pid=620) mOwner is Null Entry
07-10 15:53:00.086   620   620 I         : BC_TRANSACTION thr 0xa76cf4a4 / hand 1 / code 0x0000008a: Parcel(
07-10 15:53:00.086   620   620 I         :     0x00000000: 01600004 0000001c 006e0061 00720064 '..`.....a.n.d.r.'
07-10 15:53:00.086   620   620 I         :     0x00000010: 0069006f 002e0064 00700061 002e0070 'o.i.d...a.p.p...'
07-10 15:53:00.086   620   620 I         :     0x00000020: 00410049 00740063 00760069 00740069 'I.A.c.t.i.v.i.t.'
07-10 15:53:00.086   620   620 I         :     0x00000030: 004d0079 006e0061 00670061 00720065 'y.M.a.n.a.g.e.r.'
07-10 15:53:00.086   620   620 I         :     0x00000040: 00000000                            '....            ')
07-10 15:53:00.086   620   620 D ipc     : >>>> SEND from pid 620 uid 10014 READ REPLY
07-10 15:53:00.087   620   620 I         : Sending commands to driver: 
07-10 15:53:00.087   620   620 I         :   0x00000000: 40046303 8b419070 40286300 00000001 '.c.@p.A..c(@....'
