1|aiv8167sm3_bsp:/ $ logcat                                                    


07-10 15:51:29.523   267   288 I vendor.mediatek.hardware.power@1.1-impl: querySysInfo cmd:6, param:0
07-10 15:51:29.523   267   287 I powerd  : [powerd_req] POWER_MSG_QUERY_INFO: cmd:6, param:0
07-10 15:51:29.523   267   287 I libPerfService: perfUserGetCapability - cmd:6, id:0, value:1136
07-10 15:51:30.020   411   489 I         : Size of receive buffer: 0, needRead: true, doReceive: false
07-10 15:51:30.772   269   269 I         : Size of receive buffer: 0, needRead: true, doReceive: false
07-10 15:51:31.196  1711  1711 D PQ      : [PQ_PROT] [PQCust] libpq_cust_base.so absent, libpq_cust.so OK
07-10 15:51:31.201  1711  1711 D SharedBuffer: shareBufferServer LINE = 72 
07-10 15:51:31.202  1711  1711 I Parcel  : Parcel constructing 0xbeb387b0:357 (pid=1711) Entry
07-10 15:51:31.202  1711  1711 I Parcel  : Parcel constructing 0xae2e102c:357 (pid=1711) Entry
07-10 15:51:31.202  1711  1711 I Parcel  : Parcel constructing 0xae2e1060:357 (pid=1711) Entry
07-10 15:51:31.202  1711  1711 I         : BC_TRANSACTION thr 0xb1b254a4 / hand 0 / code '_PNG': Parcel(NULL)
07-10 15:51:31.202  1711  1711 D ipc     : >>>> SEND from pid 1711 uid 0 READ REPLY
07-10 15:51:31.202  1711  1711 I Parcel  : Parcel constructing 0xbeb38744:357 (pid=1711) Entry
07-10 15:51:31.202  1711  1711 I         : Sending commands to driver: 
07-10 15:51:31.202  1711  1711 I         :   0x00000000: 40286300 00000000 00000000 5f504e47 '.c(@........GNP_'
07-10 15:51:31.202  1711  1711 I         :   0x00000010: 00000010 00000000 00000000 00000000 '................'
07-10 15:51:31.202  1711  1711 I         :   0x00000020: 00000000 00000000 00000000          '............    '
07-10 15:51:31.202  1711  1711 I         :   BC_TRANSACTION: target.desc=0 (cookie 0)
07-10 15:51:31.202  1711  1711 I         :     code='_PNG', flags=0x10
07-10 15:51:31.202  1711  1711 I         :     data=0 (0x0 bytes)
07-10 15:51:31.202  1711  1711 I         :     offsets=0 (0x0 bytes)
07-10 15:51:31.202  1711  1711 I         : Size of receive buffer: 256, needRead: true, doReceive: true
07-10 15:51:31.202  1711  1711 I         : About to read/write, write size = 44
07-10 15:51:31.202  1711  1711 I         : Finished read/write, write size = 44
07-10 15:51:31.202  1711  1711 I         : Our err: 0x0, write consumed: 44 (of 44), read consumed: 8
07-10 15:51:31.202  1711  1711 I         : Remaining data size: 0
07-10 15:51:31.202  1711  1711 I         : Received commands from driver: 0000720c 00007206   '.r...r..'
07-10 15:51:31.202  1711  1711 I         :   BR_NOOP
07-10 15:51:31.202  1711  1711 I         :   BR_TRANSACTION_COMPLETE
07-10 15:51:31.202  1711  1711 I         : Processing waitForResponse Command: BR_NOOP
07-10 15:51:31.202  1711  1711 I         : Size of receive buffer: 0, needRead: false, doReceive: true
07-10 15:51:31.202  1711  1711 I         : Processing waitForResponse Command: BR_TRANSACTION_COMPLETE
07-10 15:51:31.202   219   219 D Binder  : vnd Sven after ioctl 
07-10 15:51:31.202  1711  1711 I         : Size of receive buffer: 256, needRead: true, doReceive: true
07-10 15:51:31.202  1711  1711 I         : About to read/write, write size = 0
07-10 15:51:31.202   219   219 E Binder  : binder_parse(): comand: BR_NOOP 
07-10 15:51:31.203   219   219 E Binder  : binder_parse(): comand: BR_TRANSACTION 
07-10 15:51:31.203   219   219 D Binder  : vnd Sven again ioctl 
07-10 15:51:31.203   219   219 D Binder  : vnd Sven before ioctl 
07-10 15:51:31.203   219   219 D Binder  : vnd Sven after ioctl 
07-10 15:51:31.203  1711  1711 I         : Finished read/write, write size = 0
07-10 15:51:31.203   219   219 E Binder  : binder_parse(): comand: BR_NOOP 
07-10 15:51:31.203   219   219 E Binder  : binder_parse(): comand: BR_TRANSACTION_COMPLETE 
07-10 15:51:31.203  1711  1711 I         : Our err: 0x0, write consumed: 0 (of 0), read consumed: 48
07-10 15:51:31.203   219   219 D Binder  : vnd Sven again ioctl 
07-10 15:51:31.203   219   219 D Binder  : vnd Sven before ioctl 
07-10 15:51:31.203  1711  1711 I         : Remaining data size: 0
07-10 15:51:31.203  1711  1711 I         : Received commands from driver: 
07-10 15:51:31.203  1711  1711 I         :   0x00000000: 0000720c 80287203 00000000 00000000 '.r...r(.........'
07-10 15:51:31.203  1711  1711 I         :   0x00000010: 00000000 00000000 00000000 000003e8 '................'
07-10 15:51:31.203  1711  1711 I         :   0x00000020: 00000000 00000000 b16e7000 b16e7000 '.........pn..pn.'
07-10 15:51:31.203  1711  1711 I         :   BR_NOOP
07-10 15:51:31.203  1711  1711 I         :   BR_REPLY: target.desc=0 (cookie 0)
07-10 15:51:31.203  1711  1711 I         :     code=0x00000000, flags=0x0
07-10 15:51:31.203  1711  1711 I         :     data=2976804864 (0x0 bytes)
07-10 15:51:31.203  1711  1711 I         :     offsets=2976804864 (0x0 bytes)
07-10 15:51:31.203  1711  1711 I         : Processing waitForResponse Command: BR_NOOP
07-10 15:51:31.203  1711  1711 I         : Size of receive buffer: 0, needRead: false, doReceive: true
07-10 15:51:31.203  1711  1711 I         : Processing waitForResponse Command: BR_REPLY
07-10 15:51:31.203  1711  1711 I IPCThreadState: waitForResponse reply 0xbeb38744:778 (pid=1711) Entry
07-10 15:51:31.203  1711  1711 I Parcel  : freeDataNoInit 0xbeb38744:2540 (pid=1711) mOwner is Null Entry
07-10 15:51:31.203  1711  1711 I Parcel  : setDataReference Setting data size of 0xbeb38744 to 0 (pid=1711)
07-10 15:51:31.203  1711  1711 I Parcel  : ~Parcel 0xbeb38744:363 (pid=1711) Entry
07-10 15:51:31.203  1711  1711 I Parcel  : freeDataNoInit 0xbeb38744:2535 (pid=1711) mOwner isNot Null Entry
07-10 15:51:31.203  1711  1711 I         : Writing BC_FREE_BUFFER for 
07-10 15:51:31.203  1711  1711 I         : BR_REPLY thr 0xb1b254a4 / hand 0: (none requested)
07-10 15:51:31.203  1711  1711 I Parcel  : ~Parcel 0xbeb387b0:363 (pid=1711) Entry
07-10 15:51:31.203  1711  1711 I Parcel  : freeDataNoInit 0xbeb387b0:2540 (pid=1711) mOwner is Null Entry
07-10 15:51:31.203  1711  1711 D remoterefs: IPCThreadState::incWeakHandle(0)
07-10 15:51:31.203  1711  1711 D remoterefs: IPCThreadState::incStrongHandle(0)
07-10 15:51:31.204  1711  1711 D audio_queue: husanzai queue_init queue = [-1315061760]
07-10 15:51:31.204  1711  1711 I Parcel  : Parcel constructing 0xbeb387fc:357 (pid=1711) Entry
07-10 15:51:31.204  1711  1711 I Parcel  : Parcel constructing 0xbeb387c8:357 (pid=1711) Entry
07-10 15:51:31.204  1711  1711 I         : BC_TRANSACTION thr 0xb1b254a4 / hand 0 / code 0x00000003: Parcel(
07-10 15:51:31.204  1711  1711 I         :     0x00000000: 00400000 0000001a 006e0061 00720064 '..@.....a.n.d.r.'
07-10 15:51:31.204  1711  1711 I         :     0x00000010: 0069006f 002e0064 0073006f 0049002e 'o.i.d...o.s...I.'
07-10 15:51:31.204  1711  1711 I         :     0x00000020: 00650053 00760072 00630069 004d0065 'S.e.r.v.i.c.e.M.'
07-10 15:51:31.204  1711  1711 I         :     0x00000030: 006e0061 00670061 00720065 00000000 'a.n.a.g.e.r.....'
07-10 15:51:31.204  1711  1711 I         :     0x00000040: 00000014 00690048 00410064 00640075 '....H.i.d.A.u.d.'
07-10 15:51:31.204  1711  1711 I         :     0x00000050: 006f0069 00680053 00720061 00640065 'i.o.S.h.a.r.e.d.'
07-10 15:51:31.204  1711  1711 I         :     0x00000060: 00750042 00660066 00720065 00000000 'B.u.f.f.e.r.....'
07-10 15:51:31.204  1711  1711 I         :     0x00000070: 73622a85 00000113 ae2b5fa0 ae28ff24 '.*bs....._+.$.(.'
07-10 15:51:31.204  1711  1711 I         :     0x00000080: 00000000                            '....            '
07-10 15:51:31.204  1711  1711 I         :   Object #0 @ 0x70: 'sb*' = 2922078112)
07-10 15:51:31.204  1711  1711 D ipc     : >>>> SEND from pid 1711 uid 0 READ REPLY
07-10 15:51:31.204  1711  1711 I         : Sending commands to driver: 
07-10 15:51:31.204  1711  1711 I         :   0x00000000: 40046303 b16e7000 40046304 00000000 '.c.@.pn..c.@....'
07-10 15:51:31.204  1711  1711 I         :   0x00000010: 40046305 00000000 40286300 00000000 '.c.@.....c(@....'
07-10 15:51:31.204  1711  1711 I         :   0x00000020: 00000000 00000003 00000010 00000000 '................'
07-10 15:51:31.204  1711  1711 I         :   0x00000030: 00000000 00000084 00000004 ae2e10c0 '................'
07-10 15:51:31.204  1711  1711 I         :   0x00000040: ae2b5fd0                            '._+.            '
07-10 15:51:31.204  1711  1711 I         :   BC_FREE_BUFFER: buffer=0xb16e7000
07-10 15:51:31.204  1711  1711 I         :   BC_INCREFS: desc=0
07-10 15:51:31.204  1711  1711 I         :   BC_ACQUIRE: desc=0
07-10 15:51:31.204  1711  1711 I         :   BC_TRANSACTION: target.desc=0 (cookie 0)
07-10 15:51:31.204  1711  1711 I         :     code=0x00000003, flags=0x10
07-10 15:51:31.204  1711  1711 I         :     data=2922254528 (0x84 bytes)
07-10 15:51:31.204  1711  1711 I         :     offsets=2922078160 (0x4 bytes)
07-10 15:51:31.204  1711  1711 I         : Size of receive buffer: 256, needRead: true, doReceive: true
07-10 15:51:31.204  1711  1711 I         : About to read/write, write size = 68
07-10 15:51:31.204  1711  1711 I         : Finished read/write, write size = 68
07-10 15:51:31.204  1711  1711 I         : Our err: 0x0, write consumed: 68 (of 68), read consumed: 32
07-10 15:51:31.205  1711  1711 I         : Remaining data size: 0
07-10 15:51:31.205  1711  1711 I         : Received commands from driver: 
07-10 15:51:31.205  1711  1711 I         :   0x00000000: 0000720c 80087207 ae2b5fa0 ae28ff24 '.r...r..._+.$.(.'
07-10 15:51:31.205  1711  1711 I         :   0x00000010: 80087208 ae2b5fa0 ae28ff24 00007206 '.r..._+.$.(..r..'
07-10 15:51:31.205  1711  1711 I         :   BR_NOOP
07-10 15:51:31.205  1711  1711 I         :   BR_INCREFS: target=0xae2b5fa0 (cookie 0xae28ff24)
07-10 15:51:31.205  1711  1711 I         :   BR_ACQUIRE: target=0xae2b5fa0 (cookie 0xae28ff24)
07-10 15:51:31.205  1711  1711 I         :   BR_TRANSACTION_COMPLETE
07-10 15:51:31.205  1711  1711 I         : Processing waitForResponse Command: BR_NOOP
07-10 15:51:31.205  1711  1711 I         : Size of receive buffer: 0, needRead: false, doReceive: true
07-10 15:51:31.205  1711  1711 I         : Processing waitForResponse Command: BR_INCREFS
07-10 15:51:31.205  1711  1711 I         : Size of receive buffer: 0, needRead: false, doReceive: true
07-10 15:51:31.205  1711  1711 I         : Processing waitForResponse Command: BR_ACQUIRE
07-10 15:51:31.205  1711  1711 D remoterefs: BR_ACQUIRE from driver on 0xae28ff24
07-10 15:51:31.205  1711  1711 I         : Size of receive buffer: 0, needRead: false, doReceive: true
07-10 15:51:31.205  1711  1711 I         : Processing waitForResponse Command: BR_TRANSACTION_COMPLETE
07-10 15:51:31.205  1711  1711 I         : Sending commands to driver: 
07-10 15:51:31.205  1711  1711 I         :   0x00000000: 40086308 ae2b5fa0 ae28ff24 40086309 '.c.@._+.$.(..c.@'
07-10 15:51:31.205  1711  1711 I         :   0x00000010: ae2b5fa0 ae28ff24                   '._+.$.(.        '
07-10 15:51:31.205  1711  1711 I         :   BC_INCREFS_DONE: target=0xae2b5fa0 (cookie 0xae28ff24)
07-10 15:51:31.205  1711  1711 I         :   BC_ACQUIRE_DONE: target=0xae2b5fa0 (cookie 0xae28ff24)
07-10 15:51:31.205  1711  1711 I         : Size of receive buffer: 256, needRead: true, doReceive: true
07-10 15:51:31.205  1711  1711 I         : About to read/write, write size = 24
07-10 15:51:31.206   219   219 D Binder  : vnd Sven after ioctl 
07-10 15:51:31.206   219   219 E Binder  : binder_parse(): comand: BR_NOOP 
07-10 15:51:31.206   219   219 E Binder  : binder_parse(): comand: BR_TRANSACTION 
07-10 15:51:31.207   219   219 D Binder  : vnd Sven again ioctl 
07-10 15:51:31.207  1711  1711 I         : Finished read/write, write size = 24
07-10 15:51:31.207   219   219 D Binder  : vnd Sven before ioctl 
07-10 15:51:31.207  1711  1711 I         : Our err: 0x0, write consumed: 24 (of 24), read consumed: 48
07-10 15:51:31.207   219   219 D Binder  : vnd Sven after ioctl 
07-10 15:51:31.207   219   219 E Binder  : binder_parse(): comand: BR_NOOP 
07-10 15:51:31.207   219   219 E Binder  : binder_parse(): comand: BR_TRANSACTION_COMPLETE 
07-10 15:51:31.207   219   219 D Binder  : vnd Sven again ioctl 
07-10 15:51:31.207   219   219 D Binder  : vnd Sven before ioctl 
07-10 15:51:31.207  1711  1711 I         : Remaining data size: 0
07-10 15:51:31.207  1711  1711 I         : Received commands from driver: 
07-10 15:51:31.207  1711  1711 I         :   0x00000000: 0000720c 80287203 00000000 00000000 '.r...r(.........'
07-10 15:51:31.207  1711  1711 I         :   0x00000010: 00000000 00000000 00000000 000003e8 '................'
07-10 15:51:31.207  1711  1711 I         :   0x00000020: 00000004 00000000 b16e7000 b16e7004 '.........pn..pn.'
07-10 15:51:31.207  1711  1711 I         :   BR_NOOP
07-10 15:51:31.207  1711  1711 I         :   BR_REPLY: target.desc=0 (cookie 0)
07-10 15:51:31.207  1711  1711 I         :     code=0x00000000, flags=0x0
07-10 15:51:31.207  1711  1711 I         :     data=2976804864 (0x4 bytes)
07-10 15:51:31.207  1711  1711 I         :     offsets=2976804868 (0x0 bytes)
07-10 15:51:31.207  1711  1711 I         : Processing waitForResponse Command: BR_NOOP
07-10 15:51:31.207  1711  1711 I         : Size of receive buffer: 0, needRead: false, doReceive: true
07-10 15:51:31.208  1711  1711 I         : Processing waitForResponse Command: BR_REPLY
07-10 15:51:31.208  1711  1711 I IPCThreadState: waitForResponse reply 0xbeb387c8:778 (pid=1711) Entry
07-10 15:51:31.208  1711  1711 I Parcel  : freeDataNoInit 0xbeb387c8:2540 (pid=1711) mOwner is Null Entry
07-10 15:51:31.208  1711  1711 I Parcel  : setDataReference Setting data size of 0xbeb387c8 to 4 (pid=1711)
07-10 15:51:31.208  1711  1711 I         : BR_REPLY thr 0xb1b254a4 / hand 0: Parcel(00000000    '....')
07-10 15:51:31.208  1711  1711 I Parcel  : ~Parcel 0xbeb387c8:363 (pid=1711) Entry
07-10 15:51:31.208  1711  1711 I Parcel  : freeDataNoInit 0xbeb387c8:2535 (pid=1711) mOwner isNot Null Entry
07-10 15:51:31.208  1711  1711 I         : Writing BC_FREE_BUFFER for 
07-10 15:51:31.208  1711  1711 I Parcel  : ~Parcel 0xbeb387fc:363 (pid=1711) Entry
07-10 15:51:31.208  1711  1711 I Parcel  : freeDataNoInit 0xbeb387fc:2540 (pid=1711) mOwner is Null Entry


07-10 15:51:31.208  1711  1711 D SharedBuffer: shareBufferServer LINE = 77 
07-10 15:51:31.209  1711  1712 I Parcel  : Parcel constructing 0xae2e10ec:357 (pid=1711) Entry
07-10 15:51:31.209  1711  1712 I Parcel  : Parcel constructing 0xae2e1120:357 (pid=1711) Entry
07-10 15:51:31.209  1711  1712 D threadpool: **** THREAD 0xae24d970 (PID 1711) IS JOINING THE THREAD POOL
07-10 15:51:31.209  1711  1712 D threadpool: **** do THREAD 0xae24d970 (PID 1711) IS JOINING THE THREAD POOL
07-10 15:51:31.209  1711  1712 I         : Sending commands to driver: 0000630c    '.c..'
07-10 15:51:31.209  1711  1712 I         :   BC_ENTER_LOOPER
07-10 15:51:31.209  1711  1712 I         : Size of receive buffer: 256, needRead: true, doReceive: true
07-10 15:51:31.209  1711  1712 I         : About to read/write, write size = 4
07-10 15:51:31.209  1711  1712 I         : Finished read/write, write size = 4
07-10 15:51:31.209  1711  1712 I         : Our err: 0x0, write consumed: 4 (of 4), read consumed: 4
07-10 15:51:31.209  1711  1712 I         : Remaining data size: 0
07-10 15:51:31.209  1711  1712 I         : Received commands from driver: 0000720d    '.r..'
07-10 15:51:31.209  1711  1712 I         :   BR_SPAWN_LOOPER
07-10 15:51:31.209  1711  1712 I         : Processing top-level Command: BR_SPAWN_LOOPER
07-10 15:51:31.209  1711  1712 D threadpool: **** do THREAD 0xae24d970 (PID 1711) IS JOINING THE THREAD POOL
07-10 15:51:31.209  1711  1712 I         : Size of receive buffer: 256, needRead: true, doReceive: true
07-10 15:51:31.209  1711  1712 I         : About to read/write, write size = 0
07-10 15:51:31.210  1711  1713 I Parcel  : Parcel constructing 0xae2e11ac:357 (pid=1711) Entry
07-10 15:51:31.210  1711  1713 I Parcel  : Parcel constructing 0xae2e11e0:357 (pid=1711) Entry
07-10 15:51:31.210  1711  1713 D threadpool: **** THREAD 0xae150970 (PID 1711) IS JOINING THE THREAD POOL
07-10 15:51:31.210  1711  1713 D threadpool: **** do THREAD 0xae150970 (PID 1711) IS JOINING THE THREAD POOL
07-10 15:51:31.210  1711  1713 I         : Sending commands to driver: 0000630b    '.c..'
07-10 15:51:31.210  1711  1713 I         :   BC_REGISTER_LOOPER
07-10 15:51:31.210  1711  1713 I         : Size of receive buffer: 256, needRead: true, doReceive: true
07-10 15:51:31.210  1711  1713 I         : About to read/write, write size = 4
07-10 15:51:31.210  1711  1713 I         : Finished read/write, write size = 4
07-10 15:51:31.210  1711  1713 I         : Our err: 0x0, write consumed: 4 (of 4), read consumed: 4
07-10 15:51:31.210  1711  1713 I         : Remaining data size: 0
07-10 15:51:31.210  1711  1713 I         : Received commands from driver: 0000720c    '.r..'
07-10 15:51:31.210  1711  1713 I         :   BR_NOOP
07-10 15:51:31.210  1711  1713 I         : Processing top-level Command: BR_NOOP
07-10 15:51:31.210  1711  1713 D threadpool: **** do THREAD 0xae150970 (PID 1711) IS JOINING THE THREAD POOL
07-10 15:51:31.210  1711  1713 I         : Size of receive buffer: 256, needRead: true, doReceive: true
07-10 15:51:31.210  1711  1713 I         : About to read/write, write size = 0
07-10 15:51:31.526   267   288 I vendor.mediatek.hardware.power@1.1-impl: querySysInfo cmd:6, param:0
07-10 15:51:31.526   267   287 I powerd  : [powerd_req] POWER_MSG_QUERY_INFO: cmd:6, param:0
07-10 15:51:31.526   267   287 I libPerfService: perfUserGetCapability - cmd:6, id:0, value:1136
07-10 15:51:32.784   269   269 I         : Size of receive buffer: 0, needRead: true, doReceive: false
07-10 15:51:33.527   267   288 I vendor.mediatek.hardware.power@1.1-impl: querySysInfo cmd:6, param:0
07-10 15:51:33.528   267   287 I powerd  : [powerd_req] POWER_MSG_QUERY_INFO: cmd:6, param:0
07-10 15:51:33.528   267   287 I libPerfService: perfUserGetCapability - cmd:6, id:0, value:1136
07-10 15:51:35.530   267   288 I vendor.mediatek.hardware.power@1.1-impl: querySysInfo cmd:6, param:0
07-10 15:51:35.530   267   287 I powerd  : [powerd_req] POWER_MSG_QUERY_INFO: cmd:6, param:0
07-10 15:51:35.531   267   287 I libPerfService: perfUserGetCapability - cmd:6, id:0, value:1136


07-10 15:51:39.536   267   288 I vendor.mediatek.hardware.power@1.1-impl: querySysInfo cmd:6, param:0
07-10 15:51:39.537   267   287 I powerd  : [powerd_req] POWER_MSG_QUERY_INFO: cmd:6, param:0
07-10 15:51:39.537   267   287 I libPerfService: perfUserGetCapability - cmd:6, id:0, value:1136
07-10 15:51:41.539   267   288 I vendor.mediatek.hardware.power@1.1-impl: querySysInfo cmd:6, param:0
07-10 15:51:41.540   267   287 I powerd  : [powerd_req] POWER_MSG_QUERY_INFO: cmd:6, param:0
07-10 15:51:41.541   267   287 I libPerfService: perfUserGetCapability - cmd:6, id:0, value:1136

==============================================================================================================================
07-10 15:51:43.364  1711  1711 D SharedBuffer: main **** THREAD 0xb1b254a4 (PID 1711) IS JOINING THE THREAD POOL
07-10 15:51:43.365  1711  1711 D threadpool: **** THREAD 0xb1b254a4 (PID 1711) IS JOINING THE THREAD POOL
07-10 15:51:43.365  1711  1711 D threadpool: **** do THREAD 0xb1b254a4 (PID 1711) IS JOINING THE THREAD POOL
07-10 15:51:43.365  1711  1711 I         : Sending commands to driver: 40046303 b16e7000 0000630c  '.c.@.pn..c..'
07-10 15:51:43.365  1711  1711 I         :   BC_FREE_BUFFER: buffer=0xb16e7000
07-10 15:51:43.365  1711  1711 I         :   BC_ENTER_LOOPER
07-10 15:51:43.365  1711  1711 I         : Size of receive buffer: 256, needRead: true, doReceive: true
07-10 15:51:43.365  1711  1711 I         : About to read/write, write size = 12
07-10 15:51:43.543   267   288 I vendor.mediatek.hardware.power@1.1-impl: querySysInfo cmd:6, param:0
07-10 15:51:43.543   267   287 I powerd  : [powerd_req] POWER_MSG_QUERY_INFO: cmd:6, param:0
07-10 15:51:43.543   267   287 I libPerfService: perfUserGetCapability - cmd:6, id:0, value:1136
07-10 15:51:45.546   267   288 I vendor.mediatek.hardware.power@1.1-impl: querySysInfo cmd:6, param:0
07-10 15:51:45.546   267   287 I powerd  : [powerd_req] POWER_MSG_QUERY_INFO: cmd:6, param:0
07-10 15:51:45.547   267   287 I libPerfService: perfUserGetCapability - cmd:6, id:0, value:1136

read: unexpected EOF!
1|aiv8167sm3_bsp:/ $ 
1|aiv8167sm3_bsp:/ $ 
1|aiv8167sm3_bsp:/ $ 
1|aiv8167sm3_bsp:/ $ 
1|aiv8167sm3_bsp:/ $ 
1|aiv8167sm3_bsp:/ $ 
1|aiv8167sm3_bsp:/ $ 
1|aiv8167sm3_bsp:/ $ 
1|aiv8167sm3_bsp:/ $ 
1|aiv8167sm3_bsp:/ $ 
1|aiv8167sm3_bsp:/ $ 
1|aiv8167sm3_bsp:/ $ 
1|aiv8167sm3_bsp:/ $ 
1|aiv8167sm3_bsp:/ $ 
1|aiv8167sm3_bsp:/ $ 
1|aiv8167sm3_bsp:/ $ 
1|aiv8167sm3_bsp:/ $ 
1|aiv8167sm3_bsp:/ $ 
1|aiv8167sm3_bsp:/ $ 
1|aiv8167sm3_bsp:/ $ 
1|aiv8167sm3_bsp:/ $ 
1|aiv8167sm3_bsp:/ $ 
1|aiv8167sm3_bsp:/ $ 
1|aiv8167sm3_bsp:/ $ 
1|aiv8167sm3_bsp:/ $ 
1|aiv8167sm3_bsp:/ $ 
1|aiv8167sm3_bsp:/ $ 
1|aiv8167sm3_bsp:/ $ 
1|aiv8167sm3_bsp:/ $ 
1|aiv8167sm3_bsp:/ $ 
1|aiv8167sm3_bsp:/ $ 
1|aiv8167sm3_bsp:/ $ 
1|aiv8167sm3_bsp:/ $ 
1|aiv8167sm3_bsp:/ $ 
1|aiv8167sm3_bsp:/ $ 
1|aiv8167sm3_bsp:/ $ 
1|aiv8167sm3_bsp:/ $ 
1|aiv8167sm3_bsp:/ $ 
1|aiv8167sm3_bsp:/ $ 
1|aiv8167sm3_bsp:/ $ 
1|aiv8167sm3_bsp:/ $ 
1|aiv8167sm3_bsp:/ $ 
1|aiv8167sm3_bsp:/ $ 
1|aiv8167sm3_bsp:/ $ logcat                                                    
--------- beginning of system


07-10 15:52:16.832  1717  1717 D PQ      : [PQ_PROT] [PQCust] libpq_cust_base.so absent, libpq_cust.so OK
07-10 15:52:16.839  1717  1717 I Parcel  : Parcel constructing 0xbef4e7b0:357 (pid=1717) Entry				processState->getStrongProxyForHandle()->data
07-10 15:52:16.839  1717  1717 I Parcel  : Parcel constructing 0xaea6002c:357 (pid=1717) Entry				IPCThreadState->mIn
07-10 15:52:16.839  1717  1717 I Parcel  : Parcel constructing 0xaea60060:357 (pid=1717) Entry				IPCThreadState->mOut
07-10 15:52:16.839  1717  1717 I         : BC_TRANSACTION thr 0xb22e84a4 / hand 0 / code '_PNG': Parcel(NULL)
07-10 15:52:16.839  1717  1717 D ipc     : >>>> SEND from pid 1717 uid 0 READ REPLY
07-10 15:52:16.839  1717  1717 I Parcel  : Parcel constructing 0xbef4e744:357 (pid=1717) Entry
07-10 15:52:16.840  1717  1717 I         : Sending commands to driver: 
07-10 15:52:16.840  1717  1717 I         :   0x00000000: 40286300 00000000 00000000 5f504e47 '.c(@........GNP_'
07-10 15:52:16.840  1717  1717 I         :   0x00000010: 00000010 00000000 00000000 00000000 '................'
07-10 15:52:16.840  1717  1717 I         :   0x00000020: 00000000 00000000 00000000          '............    '
07-10 15:52:16.840  1717  1717 I         :   BC_TRANSACTION: target.desc=0 (cookie 0)
07-10 15:52:16.840  1717  1717 I         :     code='_PNG', flags=0x10
07-10 15:52:16.840  1717  1717 I         :     data=0 (0x0 bytes)
07-10 15:52:16.840  1717  1717 I         :     offsets=0 (0x0 bytes)
07-10 15:52:16.840  1717  1717 I         : Size of receive buffer: 256, needRead: true, doReceive: true
07-10 15:52:16.840  1717  1717 I         : About to read/write, write size = 44
07-10 15:52:16.840  1717  1717 I         : Finished read/write, write size = 44
07-10 15:52:16.840   219   219 D Binder  : vnd Sven after ioctl 
07-10 15:52:16.840  1717  1717 I         : Our err: 0x0, write consumed: 44 (of 44), read consumed: 8
07-10 15:52:16.840   219   219 E Binder  : binder_parse(): comand: BR_NOOP 
07-10 15:52:16.840   219   219 E Binder  : binder_parse(): comand: BR_TRANSACTION 
07-10 15:52:16.840  1717  1717 I         : Remaining data size: 0
07-10 15:52:16.840  1717  1717 I         : Received commands from driver: 0000720c 00007206   '.r...r..'
07-10 15:52:16.840  1717  1717 I         :   BR_NOOP
07-10 15:52:16.840  1717  1717 I         :   BR_TRANSACTION_COMPLETE
07-10 15:52:16.840  1717  1717 I         : Processing waitForResponse Command: BR_NOOP
07-10 15:52:16.840   219   219 D Binder  : vnd Sven again ioctl 
07-10 15:52:16.840  1717  1717 I         : Size of receive buffer: 0, needRead: false, doReceive: true
07-10 15:52:16.840   219   219 D Binder  : vnd Sven before ioctl 
07-10 15:52:16.840  1717  1717 I         : Processing waitForResponse Command: BR_TRANSACTION_COMPLETE
07-10 15:52:16.840   219   219 D Binder  : vnd Sven after ioctl 
07-10 15:52:16.840   219   219 E Binder  : binder_parse(): comand: BR_NOOP 
07-10 15:52:16.840  1717  1717 I         : Size of receive buffer: 256, needRead: true, doReceive: true
07-10 15:52:16.840   219   219 E Binder  : binder_parse(): comand: BR_TRANSACTION_COMPLETE 
07-10 15:52:16.840   219   219 D Binder  : vnd Sven again ioctl 
07-10 15:52:16.840  1717  1717 I         : About to read/write, write size = 0
07-10 15:52:16.840   219   219 D Binder  : vnd Sven before ioctl 
07-10 15:52:16.840  1717  1717 I         : Finished read/write, write size = 0
07-10 15:52:16.840  1717  1717 I         : Our err: 0x0, write consumed: 0 (of 0), read consumed: 48
07-10 15:52:16.841  1717  1717 I         : Remaining data size: 0
07-10 15:52:16.841  1717  1717 I         : Received commands from driver: 
07-10 15:52:16.841  1717  1717 I         :   0x00000000: 0000720c 80287203 00000000 00000000 '.r...r(.........'
07-10 15:52:16.841  1717  1717 I         :   0x00000010: 00000000 00000000 00000000 000003e8 '................'
07-10 15:52:16.841  1717  1717 I         :   0x00000020: 00000000 00000000 b1ebd000 b1ebd000 '................'
07-10 15:52:16.841  1717  1717 I         :   BR_NOOP
07-10 15:52:16.841  1717  1717 I         :   BR_REPLY: target.desc=0 (cookie 0)
07-10 15:52:16.841  1717  1717 I         :     code=0x00000000, flags=0x0
07-10 15:52:16.841  1717  1717 I         :     data=2985021440 (0x0 bytes)
07-10 15:52:16.841  1717  1717 I         :     offsets=2985021440 (0x0 bytes)
07-10 15:52:16.841  1717  1717 I         : Processing waitForResponse Command: BR_NOOP
07-10 15:52:16.841  1717  1717 I         : Size of receive buffer: 0, needRead: false, doReceive: true
07-10 15:52:16.841  1717  1717 I         : Processing waitForResponse Command: BR_REPLY
07-10 15:52:16.841  1717  1717 I IPCThreadState: waitForResponse reply 0xbef4e744:778 (pid=1717) Entry
07-10 15:52:16.841  1717  1717 I Parcel  : freeDataNoInit 0xbef4e744:2540 (pid=1717) mOwner is Null Entry
07-10 15:52:16.841  1717  1717 I Parcel  : setDataReference Setting data size of 0xbef4e744 to 0 (pid=1717)
07-10 15:52:16.841  1717  1717 I Parcel  : ~Parcel 0xbef4e744:363 (pid=1717) Entry
07-10 15:52:16.841  1717  1717 I Parcel  : freeDataNoInit 0xbef4e744:2535 (pid=1717) mOwner isNot Null Entry
07-10 15:52:16.841  1717  1717 I         : Writing BC_FREE_BUFFER for 
07-10 15:52:16.841  1717  1717 I         : BR_REPLY thr 0xb22e84a4 / hand 0: (none requested)
07-10 15:52:16.841  1717  1717 I Parcel  : ~Parcel 0xbef4e7b0:363 (pid=1717) Entry
07-10 15:52:16.841  1717  1717 I Parcel  : freeDataNoInit 0xbef4e7b0:2540 (pid=1717) mOwner is Null Entry
07-10 15:52:16.841  1717  1717 D remoterefs: IPCThreadState::incWeakHandle(0)
07-10 15:52:16.841  1717  1717 D remoterefs: IPCThreadState::incStrongHandle(0)

==========================================================> checkServer
07-10 15:52:16.841  1717  1717 I Parcel  : Parcel constructing 0xbef4e7c0:357 (pid=1717) Entry
07-10 15:52:16.841  1717  1717 I Parcel  : Parcel constructing 0xbef4e78c:357 (pid=1717) Entry
07-10 15:52:16.841  1717  1717 I         : BC_TRANSACTION thr 0xb22e84a4 / hand 0 / code 0x00000002: Parcel(
07-10 15:52:16.841  1717  1717 I         :     0x00000000: 00400000 0000001a 006e0061 00720064 '..@.....a.n.d.r.'
07-10 15:52:16.841  1717  1717 I         :     0x00000010: 0069006f 002e0064 0073006f 0049002e 'o.i.d...o.s...I.'
07-10 15:52:16.841  1717  1717 I         :     0x00000020: 00650053 00760072 00630069 004d0065 'S.e.r.v.i.c.e.M.'
07-10 15:52:16.841  1717  1717 I         :     0x00000030: 006e0061 00670061 00720065 00000000 'a.n.a.g.e.r.....'
07-10 15:52:16.841  1717  1717 I         :     0x00000040: 00000014 00690048 00410064 00640075 '....H.i.d.A.u.d.'
07-10 15:52:16.841  1717  1717 I         :     0x00000050: 006f0069 00680053 00720061 00640065 'i.o.S.h.a.r.e.d.'
07-10 15:52:16.841  1717  1717 I         :     0x00000060: 00750042 00660066 00720065 00000000 'B.u.f.f.e.r.....')
07-10 15:52:16.841  1717  1717 D ipc     : >>>> SEND from pid 1717 uid 0 READ REPLY
07-10 15:52:16.842  1717  1717 I         : Sending commands to driver: 
07-10 15:52:16.842  1717  1717 I         :   0x00000000: 40046303 b1ebd000 40046304 00000000 '.c.@.....c.@....'
07-10 15:52:16.842  1717  1717 I         :   0x00000010: 40046305 00000000 40286300 00000000 '.c.@.....c(@....'
07-10 15:52:16.842  1717  1717 I         :   0x00000020: 00000000 00000002 00000010 00000000 '................'
07-10 15:52:16.842  1717  1717 I         :   0x00000030: 00000000 00000070 00000000 aea600c0 '....p...........'
07-10 15:52:16.842  1717  1717 I         :   0x00000040: 00000000                            '....            '
07-10 15:52:16.842  1717  1717 I         :   BC_FREE_BUFFER: buffer=0xb1ebd000
07-10 15:52:16.842  1717  1717 I         :   BC_INCREFS: desc=0
07-10 15:52:16.842  1717  1717 I         :   BC_ACQUIRE: desc=0
07-10 15:52:16.842  1717  1717 I         :   BC_TRANSACTION: target.desc=0 (cookie 0)
07-10 15:52:16.842  1717  1717 I         :     code=0x00000002, flags=0x10
07-10 15:52:16.842  1717  1717 I         :     data=2930114752 (0x70 bytes)
07-10 15:52:16.842  1717  1717 I         :     offsets=0 (0x0 bytes)
07-10 15:52:16.842  1717  1717 I         : Size of receive buffer: 256, needRead: true, doReceive: true
07-10 15:52:16.842  1717  1717 I         : About to read/write, write size = 68
07-10 15:52:16.842  1717  1717 I         : Finished read/write, write size = 68
07-10 15:52:16.842   219   219 D Binder  : vnd Sven after ioctl 
07-10 15:52:16.842   219   219 E Binder  : binder_parse(): comand: BR_NOOP 
07-10 15:52:16.842  1717  1717 I         : Our err: 0x0, write consumed: 68 (of 68), read consumed: 8
07-10 15:52:16.842   219   219 E Binder  : binder_parse(): comand: BR_TRANSACTION 
07-10 15:52:16.842  1717  1717 I         : Remaining data size: 0
07-10 15:52:16.842  1717  1717 I         : Received commands from driver: 0000720c 00007206   '.r...r..'
07-10 15:52:16.842  1717  1717 I         :   BR_NOOP
07-10 15:52:16.842  1717  1717 I         :   BR_TRANSACTION_COMPLETE
07-10 15:52:16.842  1717  1717 I         : Processing waitForResponse Command: BR_NOOP
07-10 15:52:16.842  1717  1717 I         : Size of receive buffer: 0, needRead: false, doReceive: true
07-10 15:52:16.842  1717  1717 I         : Processing waitForResponse Command: BR_TRANSACTION_COMPLETE
07-10 15:52:16.842  1717  1717 I         : Size of receive buffer: 256, needRead: true, doReceive: true
07-10 15:52:16.842  1717  1717 I         : About to read/write, write size = 0
07-10 15:52:16.842   219   219 D Binder  : vnd Sven again ioctl 
07-10 15:52:16.842  1717  1717 I         : Finished read/write, write size = 0
07-10 15:52:16.842   219   219 D Binder  : vnd Sven before ioctl 
07-10 15:52:16.842   219   219 D Binder  : vnd Sven after ioctl 
07-10 15:52:16.842   219   219 E Binder  : binder_parse(): comand: BR_NOOP 
07-10 15:52:16.843  1717  1717 I         : Our err: 0x0, write consumed: 0 (of 0), read consumed: 48
07-10 15:52:16.843   219   219 E Binder  : binder_parse(): comand: BR_TRANSACTION_COMPLETE 
07-10 15:52:16.843   219   219 D Binder  : vnd Sven again ioctl 
07-10 15:52:16.843   219   219 D Binder  : vnd Sven before ioctl 
07-10 15:52:16.843  1717  1717 I         : Remaining data size: 0
07-10 15:52:16.843  1717  1717 I         : Received commands from driver: 
07-10 15:52:16.843  1717  1717 I         :   0x00000000: 0000720c 80287203 00000000 00000000 '.r...r(.........'
07-10 15:52:16.843  1717  1717 I         :   0x00000010: 00000000 00000000 00000000 000003e8 '................'
07-10 15:52:16.843  1717  1717 I         :   0x00000020: 00000010 00000004 b1ebd000 b1ebd010 '................'
07-10 15:52:16.843  1717  1717 I         :   BR_NOOP
07-10 15:52:16.843  1717  1717 I         :   BR_REPLY: target.desc=0 (cookie 0)
07-10 15:52:16.843  1717  1717 I         :     code=0x00000000, flags=0x0
07-10 15:52:16.843  1717  1717 I         :     data=2985021440 (0x10 bytes)
07-10 15:52:16.843  1717  1717 I         :     offsets=2985021456 (0x4 bytes)
07-10 15:52:16.843  1717  1717 I         : Processing waitForResponse Command: BR_NOOP
07-10 15:52:16.843  1717  1717 I         : Size of receive buffer: 0, needRead: false, doReceive: true
07-10 15:52:16.843  1717  1717 I         : Processing waitForResponse Command: BR_REPLY
07-10 15:52:16.843  1717  1717 I IPCThreadState: waitForResponse reply 0xbef4e78c:778 (pid=1717) Entry
07-10 15:52:16.843  1717  1717 I Parcel  : freeDataNoInit 0xbef4e78c:2540 (pid=1717) mOwner is Null Entry
07-10 15:52:16.843  1717  1717 I Parcel  : setDataReference Setting data size of 0xbef4e78c to 16 (pid=1717)
07-10 15:52:16.843  1717  1717 I         : BR_REPLY thr 0xb22e84a4 / hand 0: Parcel(73682a85 0000017f 00000001 00000000 '.*hs............'
07-10 15:52:16.843  1717  1717 I         :   Object #0 @ 0x0: 'sh*' = 1)
07-10 15:52:16.843  1717  1717 D remoterefs: IPCThreadState::incWeakHandle(1)
07-10 15:52:16.843  1717  1717 D remoterefs: IPCThreadState::incStrongHandle(1)

07-10 15:52:16.843  1717  1717 I Parcel  : ~Parcel 0xbef4e78c:363 (pid=1717) Entry
07-10 15:52:16.843  1717  1717 I Parcel  : freeDataNoInit 0xbef4e78c:2535 (pid=1717) mOwner isNot Null Entry
07-10 15:52:16.843  1717  1717 I         : Writing BC_FREE_BUFFER for hs
07-10 15:52:16.843  1717  1717 I Parcel  : ~Parcel 0xbef4e7c0:363 (pid=1717) Entry
07-10 15:52:16.843  1717  1717 I Parcel  : freeDataNoInit 0xbef4e7c0:2540 (pid=1717) mOwner is Null Entry
==========================================================> checkServer done

==========================================================> getBuffer()
07-10 15:52:16.843  1717  1717 D SharedBuffer: ISharedBuffer LINE = 30 
07-10 15:52:16.843  1717  1717 I Parcel  : Parcel constructing 0xbef4e804:357 (pid=1717) Entry			ISharedBuffer-> data;
07-10 15:52:16.843  1717  1717 I Parcel  : Parcel constructing 0xbef4e7d0:357 (pid=1717) Entry			ISharedBuffer-> reply
07-10 15:52:16.843  1717  1717 I         : BC_TRANSACTION thr 0xb22e84a4 / hand 1 / code 0x00000001: Parcel(
07-10 15:52:16.843  1717  1717 I         :     0x00000000: 00400000 00000014 00690048 00410064 '..@.....H.i.d.A.'
07-10 15:52:16.843  1717  1717 I         :     0x00000010: 00640075 006f0069 00680053 00720061 'u.d.i.o.S.h.a.r.'
07-10 15:52:16.843  1717  1717 I         :     0x00000020: 00640065 00750042 00660066 00720065 'e.d.B.u.f.f.e.r.'
07-10 15:52:16.843  1717  1717 I         :     0x00000030: 00000000                            '....            ')
07-10 15:52:16.843  1717  1717 D ipc     : >>>> SEND from pid 1717 uid 0 READ REPLY
07-10 15:52:16.844  1717  1717 I         : Sending commands to driver: 
07-10 15:52:16.844  1717  1717 I         :   0x00000000: 40046304 00000001 40046305 00000001 '.c.@.....c.@....'
07-10 15:52:16.844  1717  1717 I         :   0x00000010: 40046303 b1ebd000 40286300 00000001 '.c.@.....c(@....'
07-10 15:52:16.844  1717  1717 I         :   0x00000020: 00000000 00000001 00000010 00000000 '................'
07-10 15:52:16.844  1717  1717 I         :   0x00000030: 00000000 00000034 00000000 aea20dc0 '....4...........'
07-10 15:52:16.844  1717  1717 I         :   0x00000040: 00000000                            '....            '
07-10 15:52:16.844  1717  1717 I         :   BC_INCREFS: desc=1
07-10 15:52:16.844  1717  1717 I         :   BC_ACQUIRE: desc=1
07-10 15:52:16.844  1717  1717 I         :   BC_FREE_BUFFER: buffer=0xb1ebd000
07-10 15:52:16.844  1717  1717 I         :   BC_TRANSACTION: target.desc=1 (cookie 0)
07-10 15:52:16.844  1717  1717 I         :     code=0x00000001, flags=0x10
07-10 15:52:16.844  1717  1717 I         :     data=2929855936 (0x34 bytes)
07-10 15:52:16.844  1717  1717 I         :     offsets=0 (0x0 bytes)
07-10 15:52:16.844  1717  1717 I         : Size of receive buffer: 256, needRead: true, doReceive: true
07-10 15:52:16.844  1717  1717 I         : About to read/write, write size = 68
07-10 15:52:16.844  1717  1717 I         : Finished read/write, write size = 68
07-10 15:52:16.844  1717  1717 I         : Our err: 0x0, write consumed: 68 (of 68), read consumed: 8
07-10 15:52:16.844  1717  1717 I         : Remaining data size: 0
07-10 15:52:16.844  1717  1717 I         : Received commands from driver: 0000720c 00007206   '.r...r..'
07-10 15:52:16.844  1717  1717 I         :   BR_NOOP
07-10 15:52:16.844  1717  1717 I         :   BR_TRANSACTION_COMPLETE
07-10 15:52:16.844  1717  1717 I         : Processing waitForResponse Command: BR_NOOP
07-10 15:52:16.844  1717  1717 I         : Size of receive buffer: 0, needRead: false, doReceive: true
07-10 15:52:16.844  1717  1717 I         : Processing waitForResponse Command: BR_TRANSACTION_COMPLETE
07-10 15:52:16.844  1717  1717 I         : Size of receive buffer: 256, needRead: true, doReceive: true
07-10 15:52:16.844  1717  1717 I         : About to read/write, write size = 0
07-10 15:52:16.845  1711  1711 I         : Finished read/write, write size = 12
07-10 15:52:16.845  1711  1711 I         : Our err: 0x0, write consumed: 12 (of 12), read consumed: 48
07-10 15:52:16.845  1711  1711 I         : Remaining data size: 0
07-10 15:52:16.845  1711  1711 I         : Received commands from driver: 
07-10 15:52:16.845  1711  1711 I         :   0x00000000: 0000720c 80287202 ae2b5fa0 ae28ff24 '.r...r(.._+.$.(.'
07-10 15:52:16.845  1711  1711 I         :   0x00000010: 00000001 00000010 000006b5 00000000 '................'
07-10 15:52:16.845  1711  1711 I         :   0x00000020: 00000034 00000000 b16e7000 b16e7034 '4........pn.4pn.'
07-10 15:52:16.845  1711  1711 I         :   BR_NOOP
07-10 15:52:16.845  1711  1711 I         :   BR_TRANSACTION: target.ptr=2922078112 (cookie 2921922340)
07-10 15:52:16.845  1711  1711 I         :     code=0x00000001, flags=0x10
07-10 15:52:16.845  1711  1711 I         :     data=2976804864 (0x34 bytes)
07-10 15:52:16.845  1711  1711 I         :     offsets=2976804916 (0x0 bytes)
07-10 15:52:16.845  1711  1711 I         : Processing top-level Command: BR_NOOP
07-10 15:52:16.846  1711  1711 D threadpool: **** do THREAD 0xb1b254a4 (PID 1711) IS JOINING THE THREAD POOL
07-10 15:52:16.846  1711  1711 I         : Size of receive buffer: 0, needRead: false, doReceive: true
07-10 15:52:16.846  1711  1711 I         : Processing top-level Command: BR_TRANSACTION
07-10 15:52:16.846  1711  1711 I Parcel  : Parcel constructing 0xbeb38798:357 (pid=1711) Entry
07-10 15:52:16.846  1711  1711 I Parcel  : freeDataNoInit 0xbeb38798:2540 (pid=1711) mOwner is Null Entry
07-10 15:52:16.846  1711  1711 I Parcel  : setDataReference Setting data size of 0xbeb38798 to 52 (pid=1711)
07-10 15:52:16.846  1711  1711 I Parcel  : Parcel constructing 0xbeb38764:357 (pid=1711) Entry
07-10 15:52:16.846  1711  1711 I         : BR_TRANSACTION thr 0xb1b254a4 / obj 2922078112 / code 0x00000001: Parcel(
07-10 15:52:16.846  1711  1711 I         :     0x00000000: 00400000 00000014 00690048 00410064 '..@.....H.i.d.A.'
07-10 15:52:16.846  1711  1711 I         :     0x00000010: 00640075 006f0069 00680053 00720061 'u.d.i.o.S.h.a.r.'
07-10 15:52:16.846  1711  1711 I         :     0x00000020: 00640065 00750042 00660066 00720065 'e.d.B.u.f.f.e.r.'
07-10 15:52:16.846  1711  1711 I         :     0x00000030: 00000000                            '....            ')
07-10 15:52:16.846  1711  1711 I         : Data addr = , offsets addr=0xb16e7034
07-10 15:52:16.846  1711  1711 D SharedBuffer: ISharedBuffer LINE = 59 
07-10 15:52:16.847  1711  1711 D SharedBuffer: shareBufferServer 54 !
07-10 15:52:16.847  1711  1711 D ipc     : Sending reply to 1717!
07-10 15:52:16.847  1711  1711 I         : Sending commands to driver: 
07-10 15:52:16.847  1711  1711 I         :   0x00000000: 40286301 ffffffff 00000000 00000000 '.c(@............'
07-10 15:52:16.847  1711  1711 I         :   0x00000010: 00000000 00000000 00000000 00000010 '................'
07-10 15:52:16.847  1711  1711 I         :   0x00000020: 00000004 ae289668 ae2e5010          '....h.(..P..    '
07-10 15:52:16.847  1711  1711 I         :   BC_REPLY: target.ptr=4294967295 (cookie 0)
07-10 15:52:16.847  1711  1711 I         :     code=0x00000000, flags=0x0
07-10 15:52:16.847  1711  1711 I         :     data=2921895528 (0x10 bytes)
07-10 15:52:16.847  1711  1711 I         :     offsets=2922270736 (0x4 bytes)
07-10 15:52:16.847  1711  1711 I         : Size of receive buffer: 256, needRead: true, doReceive: true
07-10 15:52:16.847  1711  1711 I         : About to read/write, write size = 44
07-10 15:52:16.847  1717  1717 I         : Finished read/write, write size = 0
07-10 15:52:16.847  1711  1711 I         : Finished read/write, write size = 44
07-10 15:52:16.847  1717  1717 I         : Our err: 0x0, write consumed: 0 (of 0), read consumed: 48
07-10 15:52:16.848  1711  1711 I         : Our err: 0x0, write consumed: 44 (of 44), read consumed: 32
07-10 15:52:16.848  1717  1717 I         : Remaining data size: 0
07-10 15:52:16.848  1717  1717 I         : Received commands from driver: 
07-10 15:52:16.848  1717  1717 I         :   0x00000000: 0000720c 80287203 00000000 00000000 '.r...r(.........'
07-10 15:52:16.848  1717  1717 I         :   0x00000010: 00000000 00000000 00000000 00000000 '................'
07-10 15:52:16.848  1717  1717 I         :   0x00000020: 00000010 00000004 b1ebd000 b1ebd010 '................'
07-10 15:52:16.848  1717  1717 I         :   BR_NOOP
07-10 15:52:16.848  1717  1717 I         :   BR_REPLY: target.desc=0 (cookie 0)
07-10 15:52:16.848  1717  1717 I         :     code=0x00000000, flags=0x0
07-10 15:52:16.848  1717  1717 I         :     data=2985021440 (0x10 bytes)
07-10 15:52:16.848  1717  1717 I         :     offsets=2985021456 (0x4 bytes)
07-10 15:52:16.848  1717  1717 I         : Processing waitForResponse Command: BR_NOOP
07-10 15:52:16.848  1717  1717 I         : Size of receive buffer: 0, needRead: false, doReceive: true
07-10 15:52:16.848  1717  1717 I         : Processing waitForResponse Command: BR_REPLY
07-10 15:52:16.848  1717  1717 I IPCThreadState: waitForResponse reply 0xbef4e7d0:778 (pid=1717) Entry
07-10 15:52:16.848  1717  1717 I Parcel  : freeDataNoInit 0xbef4e7d0:2540 (pid=1717) mOwner is Null Entry
07-10 15:52:16.848  1717  1717 I Parcel  : setDataReference Setting data size of 0xbef4e7d0 to 16 (pid=1717)
=====================================================================================================================================
07-10 15:52:16.848  1717  1717 I         : BR_REPLY thr 0xb22e84a4 / hand 1: Parcel(73682a85 00000113 00000002 00000000 '.*hs............'
07-10 15:52:16.848  1717  1717 I         :   Object #0 @ 0x0: 'sh*' = 2)
07-10 15:52:16.848  1717  1717 D remoterefs: IPCThreadState::incWeakHandle(2)		IMemory
07-10 15:52:16.848  1717  1717 D remoterefs: IPCThreadState::incStrongHandle(2)
07-10 15:52:16.848  1717  1717 I Parcel  : ~Parcel 0xbef4e7d0:363 (pid=1717) Entry
07-10 15:52:16.848  1717  1717 I Parcel  : freeDataNoInit 0xbef4e7d0:2535 (pid=1717) mOwner isNot Null Entry
07-10 15:52:16.848  1717  1717 I         : Writing BC_FREE_BUFFER for hs
07-10 15:52:16.848  1717  1717 I Parcel  : ~Parcel 0xbef4e804:363 (pid=1717) Entry
07-10 15:52:16.848  1717  1717 I Parcel  : freeDataNoInit 0xbef4e804:2540 (pid=1717) mOwner is Null Entry


07-10 15:52:16.848  1717  1717 I Parcel  : Parcel constructing 0xbef4e7d4:357 (pid=1717) Entry
07-10 15:52:16.848  1717  1717 I Parcel  : Parcel constructing 0xbef4e7a0:357 (pid=1717) Entry
07-10 15:52:16.848  1717  1717 I         : BC_TRANSACTION thr 0xb22e84a4 / hand 2 / code 0x00000001: Parcel(
07-10 15:52:16.848  1717  1717 I         :     0x00000000: 00400000 00000015 006e0061 00720064 '..@.....a.n.d.r.'
07-10 15:52:16.848  1717  1717 I         :     0x00000010: 0069006f 002e0064 00740075 006c0069 'o.i.d...u.t.i.l.'
07-10 15:52:16.848  1717  1717 I         :     0x00000020: 002e0073 004d0049 006d0065 0072006f 's...I.M.e.m.o.r.'
07-10 15:52:16.848  1717  1717 I         :     0x00000030: 00000079                            'y...            ')
07-10 15:52:16.848  1717  1717 D ipc     : >>>> SEND from pid 1717 uid 0 READ REPLY
07-10 15:52:16.849  1717  1717 I         : Sending commands to driver: 
07-10 15:52:16.849  1717  1717 I         :   0x00000000: 40046304 00000002 40046305 00000002 '.c.@.....c.@....'
07-10 15:52:16.849  1717  1717 I         :   0x00000010: 40046303 b1ebd000 40286300 00000002 '.c.@.....c(@....'
07-10 15:52:16.849  1717  1717 I         :   0x00000020: 00000000 00000001 00000010 00000000 '................'
07-10 15:52:16.849  1717  1717 I         :   0x00000030: 00000000 00000034 00000000 aea20dc0 '....4...........'
07-10 15:52:16.849  1717  1717 I         :   0x00000040: 00000000                            '....            '
07-10 15:52:16.849  1717  1717 I         :   BC_INCREFS: desc=2
07-10 15:52:16.849  1717  1717 I         :   BC_ACQUIRE: desc=2
07-10 15:52:16.849  1717  1717 I         :   BC_FREE_BUFFER: buffer=0xb1ebd000
07-10 15:52:16.849  1717  1717 I         :   BC_TRANSACTION: target.desc=2 (cookie 0)
07-10 15:52:16.849  1717  1717 I         :     code=0x00000001, flags=0x10
07-10 15:52:16.849  1717  1717 I         :     data=2929855936 (0x34 bytes)
07-10 15:52:16.849  1717  1717 I         :     offsets=0 (0x0 bytes)
07-10 15:52:16.849  1717  1717 I         : Size of receive buffer: 256, needRead: true, doReceive: true
07-10 15:52:16.849  1717  1717 I         : About to read/write, write size = 68
07-10 15:52:16.849  1717  1717 I         : Finished read/write, write size = 68
07-10 15:52:16.849  1717  1717 I         : Our err: 0x0, write consumed: 68 (of 68), read consumed: 8
07-10 15:52:16.849  1711  1711 I         : Remaining data size: 0
07-10 15:52:16.849  1711  1711 I         : Received commands from driver: 
07-10 15:52:16.849  1711  1711 I         :   0x00000000: 0000720c 80087207 ae2b5fc0 ae290a54 '.r...r..._+.T.).'
07-10 15:52:16.849  1711  1711 I         :   0x00000010: 80087208 ae2b5fc0 ae290a54 00007206 '.r..._+.T.)..r..'
07-10 15:52:16.849  1711  1711 I         :   BR_NOOP
07-10 15:52:16.849  1711  1711 I         :   BR_INCREFS: target=0xae2b5fc0 (cookie 0xae290a54)
07-10 15:52:16.849  1711  1711 I         :   BR_ACQUIRE: target=0xae2b5fc0 (cookie 0xae290a54)
07-10 15:52:16.849  1711  1711 I         :   BR_TRANSACTION_COMPLETE
07-10 15:52:16.849  1717  1717 I         : Remaining data size: 0
07-10 15:52:16.849  1717  1717 I         : Received commands from driver: 0000720c 00007206   '.r...r..'
07-10 15:52:16.849  1717  1717 I         :   BR_NOOP
07-10 15:52:16.849  1717  1717 I         :   BR_TRANSACTION_COMPLETE
07-10 15:52:16.849  1717  1717 I         : Processing waitForResponse Command: BR_NOOP
07-10 15:52:16.849  1711  1713 I         : Finished read/write, write size = 0
07-10 15:52:16.849  1717  1717 I         : Size of receive buffer: 0, needRead: false, doReceive: true
07-10 15:52:16.849  1717  1717 I         : Processing waitForResponse Command: BR_TRANSACTION_COMPLETE
07-10 15:52:16.849  1711  1713 I         : Our err: 0x0, write consumed: 0 (of 0), read consumed: 48
07-10 15:52:16.849  1717  1717 I         : Size of receive buffer: 256, needRead: true, doReceive: true
07-10 15:52:16.849  1717  1717 I         : About to read/write, write size = 0
07-10 15:52:16.849  1711  1713 I         : Remaining data size: 0
07-10 15:52:16.849  1711  1713 I         : Received commands from driver: 
07-10 15:52:16.849  1711  1713 I         :   0x00000000: 0000720c 80287202 ae2b5fc0 ae290a54 '.r...r(.._+.T.).'
07-10 15:52:16.849  1711  1713 I         :   0x00000010: 00000001 00000010 000006b5 00000000 '................'
07-10 15:52:16.849  1711  1713 I         :   0x00000020: 00000034 00000000 b16e7034 b16e7068 '4.......4pn.hpn.'
07-10 15:52:16.849  1711  1713 I         :   BR_NOOP
07-10 15:52:16.849  1711  1713 I         :   BR_TRANSACTION: target.ptr=2922078144 (cookie 2921925204)
07-10 15:52:16.849  1711  1713 I         :     code=0x00000001, flags=0x10
07-10 15:52:16.849  1711  1713 I         :     data=2976804916 (0x34 bytes)
07-10 15:52:16.849  1711  1713 I         :     offsets=2976804968 (0x0 bytes)
07-10 15:52:16.849  1711  1713 I         : Processing top-level Command: BR_NOOP
07-10 15:52:16.849  1711  1713 D threadpool: **** do THREAD 0xae150970 (PID 1711) IS JOINING THE THREAD POOL
07-10 15:52:16.849  1711  1713 I         : Size of receive buffer: 0, needRead: false, doReceive: true
07-10 15:52:16.849  1711  1713 I         : Processing top-level Command: BR_TRANSACTION
07-10 15:52:16.849  1711  1713 I Parcel  : Parcel constructing 0xae150838:357 (pid=1711) Entry
07-10 15:52:16.849  1711  1711 I         : Processing waitForResponse Command: BR_NOOP
07-10 15:52:16.849  1711  1713 I Parcel  : freeDataNoInit 0xae150838:2540 (pid=1711) mOwner is Null Entry
07-10 15:52:16.849  1711  1713 I Parcel  : setDataReference Setting data size of 0xae150838 to 52 (pid=1711)
07-10 15:52:16.849  1711  1713 I Parcel  : Parcel constructing 0xae150804:357 (pid=1711) Entry
07-10 15:52:16.849  1711  1711 I         : Size of receive buffer: 0, needRead: false, doReceive: true
07-10 15:52:16.850  1711  1713 I         : BR_TRANSACTION thr 0xae150970 / obj 2922078144 / code 0x00000001: Parcel(
07-10 15:52:16.850  1711  1713 I         :     0x00000000: 00400000 00000015 006e0061 00720064 '..@.....a.n.d.r.'
07-10 15:52:16.850  1711  1713 I         :     0x00000010: 0069006f 002e0064 00740075 006c0069 'o.i.d...u.t.i.l.'
07-10 15:52:16.850  1711  1713 I         :     0x00000020: 002e0073 004d0049 006d0065 0072006f 's...I.M.e.m.o.r.'
