07-07 21:58:00.133   498   676 I         :     0x00000020: 00000000 00000000 00000000 298f4dee '.............M.)'
07-07 21:58:00.133   498   676 I         :     0x00000030: 00000173 00000055 0061006e 00650068 's...U...n.a.h.e.'
07-07 21:58:00.133   498   676 I         :     0x00000040: 00610066 0066002f 006c0075 005f006c 'f.a./.f.u.l.l._.'
07-07 21:58:00.133   498   676 I         :     0x00000050: 00690061 00380076 00360031 00730037 'a.i.v.8.1.6.7.s.'
07-07 21:58:00.133   498   676 I         :     0x00000060: 0033006d 0062005f 00700073 0061002f 'm.3._.b.s.p./.a.'
07-07 21:58:00.133   498   676 I         :     0x00000070: 00760069 00310038 00370036 006d0073 'i.v.8.1.6.7.s.m.'
07-07 21:58:00.133   498   676 I         :     0x00000080: 005f0033 00730062 003a0070 002e0038 '3._.b.s.p.:.8...'
07-07 21:58:00.133   498   676 I         :     0x00000090: 002e0031 002f0030 0031004f 00300031 '1...0./.O.1.1.0.'
07-07 21:58:00.133   498   676 I         :     0x000000a0: 00390031 0031002f 00380035 00390038 '1.9./.1.5.8.8.9.'
07-07 21:58:00.133   498   676 I         :     0x000000b0: 00330034 00340038 003a0036 00730075 '4.3.8.4.6.:.u.s.'
07-07 21:58:00.133   498   676 I         :     0x000000c0: 00720065 00650064 00750062 002f0067 'e.r.d.e.b.u.g./.'
07-07 21:58:00.133   498   676 I         :     0x000000d0: 00650074 00740073 006b002d 0079006
07-07 21:58:00.133   498   676 I Parcel  : ~Parcel 0x8b5507dc:363 (pid=498) Entry
07-07 21:58:00.133   711   711 I Parcel  : freeData 0x8bcda910:2526 (pid=711) Entry
07-07 21:58:00.133   498   676 I Parcel  : freeDataNoInit 0x8b5507dc:2540 (pid=498) mOwner is Null Entry
07-07 21:58:00.133   711   711 I Parcel  : freeDataNoInit 0x8bcda910:2535 (pid=711) mOwner isNot Null Entry
07-07 21:58:00.133   498   676 I Parcel  : ~Parcel 0x8b550810:363 (pid=498) Entry
07-07 21:58:00.133   498   676 I Parcel  : freeDataNoInit 0x8b550810:2535 (pid=498) mOwner isNot Null Entry
07-07 21:58:00.133   711   711 I         : Writing BC_FREE_BUFFER for 
07-07 21:58:00.133   498   676 I         : Writing BC_FREE_BUFFER for 
07-07 21:58:00.133   711   711 I Parcel  : freeData 0x8bcdaa28:2526 (pid=711) Entry
07-07 21:58:00.133   711   711 I Parcel  : freeDataNoInit 0x8bcdaa28:2540 (pid=711) mOwner is Null Entry
07-07 21:58:00.133   498   676 D threadpool: **** do THREAD 0x8b550970 (PID 498) IS JOINING THE THREAD POOL
07-07 21:58:00.133   498   676 I         : Sending commands to driver: 40046303 9224f00c   '.c.@..$.'
07-07 21:58:00.133   498   676 I         :   BC_FREE_BUFFER: buffer=0x9224f00c
07-07 21:58:00.133   498   676 I         : Size of receive buffer: 256, needRead: true, doReceive: true
07-07 21:58:00.133   498   676 I         : About to read/write, write size = 8
07-07 21:58:00.133   711   711 I         : BC_TRANSACTION thr 0xaa31b4a4 / hand 1 / code 0x0000000a: Parcel(
07-07 21:58:00.133   711   711 I         :     0x00000000: 01600004 0000001c 006e0061 00720064 '..`.....a.n.d.r.'
07-07 21:58:00.133   711   711 I         :     0x00000010: 0069006f 002e0064 00700061 002e0070 'o.i.d...a.p.p...'
07-07 21:58:00.133   711   711 I         :     0x00000020: 00410049 00740063 00760069 00740069 'I.A.c.t.i.v.i.t.'
07-07 21:58:00.133   711   711 I         :     0x00000030: 004d0079 006e0061 00670061 00720065 'y.M.a.n.a.g.e.r.'
07-07 21:58:00.133   711   711 I         :     0x00000040: 00000000 73622a85 00000113 8bf4f460 '.....*bs....`...'
07-07 21:58:00.133   711   711 I         :     0x00000050: 9c272c60 00000000 ffffffff 00000000 '`,'.............'
07-07 21:58:00.133   711   711 I         :     0x00000060: 00000000 50200014                   '...... P        '
07-07 21:58:00.133   711   711 I         :   Object #0 @ 0x44: 'sb*' = 2348086368)
07-07 21:58:00.133   711   711 D ipc     : >>>> SEND from pid 711 uid 10014 ONE WAY
07-07 21:58:00.134   711   711 I         : Sending commands to driver: 
07-07 21:58:00.134   711   711 I         :   0x00000000: 40046303 8e152054 40286300 00000001 '.c.@T ...c(@....'
07-07 21:58:00.134   711   711 I         :   0x00000010: 00000000 0000000a 00000011 00000000 '................'
07-07 21:58:00.134   711   711 I         :   0x00000020: 00000000 00000068 00000004 8bf438c0 '....h........8..'
07-07 21:58:00.134   711   711 I         :   0x00000030: 8bf4f700                            '....            '
07-07 21:58:00.134   711   711 I         :   BC_FREE_BUFFER: buffer=0x8e152054
07-07 21:58:00.134   711   711 I         :   BC_TRANSACTION: target.desc=1 (cookie 0)
07-07 21:58:00.134   711   711 I         :     code=0x0000000a, flags=0x11
07-07 21:58:00.134   711   711 I         :     data=2348038336 (0x68 bytes)
07-07 21:58:00.134   711   711 I         :     offsets=2348087040 (0x4 bytes)
07-07 21:58:00.134   711   711 I         : Size of receive buffer: 256, needRead: true, doReceive: true
07-07 21:58:00.134   711   711 I         : About to read/write, write size = 52
07-07 21:58:00.134   711   711 I         : Finished read/write, write size = 52
07-07 21:58:00.134   498   676 I         : Finished read/write, write size = 8
07-07 21:58:00.134   711   711 I         : Our err: 0x0, write consumed: 52 (of 52), read consumed: 8
07-07 21:58:00.134   498   676 I         : Our err: 0x0, write consumed: 8 (of 8), read consumed: 48
07-07 21:58:00.134   711   711 I         : Remaining data size: 0
07-07 21:58:00.134   711   711 I         : Received commands from driver: 0000720c 00007206   '.r...r..'
07-07 21:58:00.134   711   711 I         :   BR_NOOP
07-07 21:58:00.134   711   711 I         :   BR_TRANSACTION_COMPLETE
07-07 21:58:00.134   711   711 I         : Processing waitForResponse Command: BR_NOOP
07-07 21:58:00.134   711   711 I         : Size of receive buffer: 0, needRead: false, doReceive: true
07-07 21:58:00.134   498   676 I         : Remaining data size: 0
07-07 21:58:00.134   498   676 I         : Received commands from driver: 
07-07 21:58:00.134   498   676 I         :   0x00000000: 0000720c 80287202 8db15200 9c6c5780 '.r...r(..R...Wl.'
07-07 21:58:00.134   498   676 I         :   0x00000010: 0000000a 00000011 00000000 0000271e '.............'..'
07-07 21:58:00.134   498   676 I         :   0x00000020: 00000068 00000004 9224f05c 9224f0c4 'h.......\.$...$.'
07-07 21:58:00.134   498   676 I         :   BR_NOOP
07-07 21:58:00.134   498   676 I         :   BR_TRANSACTION: target.ptr=2377208320 (cookie 2624345984)
07-07 21:58:00.134   498   676 I         :     code=0x0000000a, flags=0x11
07-07 21:58:00.134   498   676 I         :     data=2451894364 (0x68 bytes)
07-07 21:58:00.134   498   676 I         :     offsets=2451894468 (0x4 bytes)
07-07 21:58:00.134   711   711 I         : Processing waitForResponse Command: BR_TRANSACTION_COMPLETE
07-07 21:58:00.134   498   676 I         : Processing top-level Command: BR_NOOP
07-07 21:58:00.134   711   711 I Parcel  : freeData 0x8bcda910:2526 (pid=711) Entry
07-07 21:58:00.134   498   676 D threadpool: **** do THREAD 0x8b550970 (PID 498) IS JOINING THE THREAD POOL
07-07 21:58:00.134   711   711 I Parcel  : freeDataNoInit 0x8bcda910:2540 (pid=711) mOwner is Null Entry
07-07 21:58:00.134   498   676 I         : Size of receive buffer: 0, needRead: false, doReceive: true
07-07 21:58:00.134   498   676 I         : Processing top-level Command: BR_TRANSACTION
07-07 21:58:00.134   711   711 I         : Size of receive buffer: 0, needRead: true, doReceive: false
07-07 21:58:00.134   498   676 I Parcel  : Parcel constructing 0x8b550810:357 (pid=498) Entry
07-07 21:58:00.134   498   676 I Parcel  : freeDataNoInit 0x8b550810:2540 (pid=498) mOwner is Null Entry
07-07 21:58:00.134   498   676 I Parcel  : setDataReference Setting data size of 0x8b550810 to 104 (pid=498)
07-07 21:58:00.134   498   676 I Parcel  : Parcel constructing 0x8b5507dc:357 (pid=498) Entry
07-07 21:58:00.135   498   676 I         : BR_TRANSACTION thr 0x8b550970 / obj 2377208320 / code 0x0000000a: Parcel(
07-07 21:58:00.135   498   676 I         :     0x00000000: 01600004 0000001c 006e0061 00720064 '..`.....a.n.d.r.'
07-07 21:58:00.135   498   676 I         :     0x00000010: 0069006f 002e0064 00700061 002e0070 'o.i.d...a.p.p...'
07-07 21:58:00.135   498   676 I         :     0x00000020: 00410049 00740063 00760069 00740069 'I.A.c.t.i.v.i.t.'
07-07 21:58:00.135   498   676 I         :     0x00000030: 004d0079 006e0061 00670061 00720065 'y.M.a.n.a.g.e.r.'
07-07 21:58:00.135   498   676 I         :     0x00000040: 00000000 73682a85 00000113 00000118 '.....*hs........'
07-07 21:58:00.135   498   676 I         :     0x00000050: 00000000 00000000 ffffffff 00000000 '................'
07-07 21:58:00.135   498   676 I         :     0x00000060: 00000000 50200014                   '...... P        '
07-07 21:58:00.135   498   676 I         :   Object #0 @ 0x44: 'sh*' = 280)
07-07 21:58:00.135   498   676 I         : Data addr = , offsets addr=0x9224f0c4
07-07 21:58:00.135   498   676 I         : BC_TRANSACTION thr 0x8b550970 / hand 26 / code 0x00000016: Parcel(
07-07 21:58:00.135   498   676 I         :     0x00000000: 00400000 0000001e 006e0061 00720064 '..@.....a.n.d.r.'
07-07 21:58:00.135   498   676 I         :     0x00000010: 0069006f 002e0064 00700061 002e0070 'o.i.d...a.p.p...'
07-07 21:58:00.135   498   676 I         :     0x00000020: 00410049 00700070 0069006c 00610063 'I.A.p.p.l.i.c.a.'
07-07 21:58:00.135   498   676 I         :     0x00000030: 00690074 006e006f 00680054 00650072 't.i.o.n.T.h.r.e.'
07-07 21:58:00.135   498   676 I         :     0x00000040: 00640061 00000000 73682a85 00000100 'a.d......*hs....'
07-07 21:58:00.135   498   676 I         :     0x00000050: 0000011a 00000000 00000001 0000001f '................'
07-07 21:58:00.135   498   676 I         :     0x00000060: 006e0061 00720064 0069006f 002e0064 'a.n.d.r.o.i.d...'
07-07 21:58:00.135   498   676 I         :     0x00000070: 006e0069 00650074 0074006e 0061002e 'i.n.t.e.n.t...a.'
07-07 21:58:00.135   498   676 I         :     0x00000080: 00740063 006f0069 002e006e 00490054 'c.t.i.o.n...T.I.'
07-07 21:58:00.135   498   676 I         :     0x00000090: 0045004d 0054005f 00430049 0000004b 'M.E._.T.I.C.K...'
07-07 21:58:00.135   498   676 I         :     0x000000a0: 00000000 ffffffff 50200014 ffffffff '.......... P....'
07-07 21:58:00.135   498   676 I         :     0x000000b0: ffffffff 00000000 00000000 00000000 '................'
07-07 21:58:00.135   498   676 I         :     0x000000c0: 00000000 fffffffe 00000054 4c444e42 '........T...BNDL'
07-07 21:58:00.135   498   676 I         :     0x000000d0: 00000001 00000020
07-07 21:58:00.135   498   676 D ipc     : >>>> SEND from pid 498 uid 1000 ONE WAY
07-07 21:58:00.135   498   676 I         : Sending commands to driver: 
07-07 21:58:00.135   498   676 I         :   0x00000000: 40286300 0000001a 00000000 00000016 '.c(@............'
07-07 21:58:00.135   498   676 I         :   0x00000010: 00000011 00000000 00000000 00000140 '............@...'
07-07 21:58:00.135   498   676 I         :   0x00000020: 00000004 87bf94c0 87b930e0          '.........0..    '
07-07 21:58:00.135   498   676 I         :   BC_TRANSACTION: target.desc=26 (cookie 0)
07-07 21:58:00.135   498   676 I         :     code=0x00000016, flags=0x11
07-07 21:58:00.135   498   676 I         :     data=2277479616 (0x140 bytes)
07-07 21:58:00.135   498   676 I         :     offsets=2277060832 (0x4 bytes)
07-07 21:58:00.135   498   676 I         : Size of receive buffer: 256, needRead: true, doReceive: true
07-07 21:58:00.135   498   676 I         : About to read/write, write size = 44
07-07 21:58:00.136   498   676 I         : Finished read/write, write size = 44
07-07 21:58:00.136   711  1072 I         : Finished read/write, write size = 8
07-07 21:58:00.136   498   676 I         : Our err: 0x0, write consumed: 44 (of 44), read consumed: 8
07-07 21:58:00.136   711  1072 I         : Our err: 0x0, write consumed: 8 (of 8), read consumed: 48
07-07 21:58:00.136   498   676 I         : Remaining data size: 0
07-07 21:58:00.136   498   676 I         : Received commands from driver: 0000720c 00007206   '.r...r..'
07-07 21:58:00.136   498   676 I         :   BR_NOOP
07-07 21:58:00.136   498   676 I         :   BR_TRANSACTION_COMPLETE
07-07 21:58:00.136   498   676 I         : Processing waitForResponse Command: BR_NOOP
07-07 21:58:00.136   711  1072 I         : Remaining data size: 0
07-07 21:58:00.136   711  1072 I         : Received commands from driver: 
07-07 21:58:00.136   711  1072 I         :   0x00000000: 0000720c 80287202 a5c043f0 9d4f8ca0 '.r...r(..C....O.'
07-07 21:58:00.136   711  1072 I         :   0x00000010: 00000016 00000011 00000000 000003e8 '................'
07-07 21:58:00.136   711  1072 I         :   0x00000020: 00000140 00000004 8e152054 8e152194 '@.......T ...!..'
07-07 21:58:00.136   711  1072 I         :   BR_NOOP
07-07 21:58:00.136   711  1072 I         :   BR_TRANSACTION: target.ptr=2780840944 (cookie 2639236256)
07-07 21:58:00.136   711  1072 I         :     code=0x00000016, flags=0x11
07-07 21:58:00.136   711  1072 I         :     data=2383749204 (0x140 bytes)
07-07 21:58:00.136   711  1072 I         :     offsets=2383749524 (0x4 bytes)
07-07 21:58:00.136   498   676 I         : Size of receive buffer: 0, needRead: false, doReceive: true
07-07 21:58:00.136   711  1072 I         : Processing top-level Command: BR_NOOP
07-07 21:58:00.136   498   676 I         : Processing waitForResponse Command: BR_TRANSACTION_COMPLETE
07-07 21:58:00.136   711  1072 D threadpool: **** do THREAD 0x8ba82970 (PID 711) IS JOINING THE THREAD POOL
07-07 21:58:00.136   498   676 I Parcel  : freeData 0xa621e698:2526 (pid=498) Entry
07-07 21:58:00.136   498   676 I Parcel  : freeDataNoInit 0xa621e698:2540 (pid=498) mOwner is Null Entry
07-07 21:58:00.136   711  1072 I         : Size of receive buffer: 0, needRead: false, doReceive: true
07-07 21:58:00.136   711  1072 I         : Processing top-level Command: BR_TRANSACTION
07-07 21:58:00.136   711  1072 I Parcel  : Parcel constructing 0x8ba82810:357 (pid=711) Entry
07-07 21:58:00.136   711  1072 I Parcel  : freeDataNoInit 0x8ba82810:2540 (pid=711) mOwner is Null Entry
07-07 21:58:00.136   711  1072 I Parcel  : setDataReference Setting data size of 0x8ba82810 to 320 (pid=711)
07-07 21:58:00.136   711  1072 I Parcel  : Parcel constructing 0x8ba827dc:357 (pid=711) Entry
07-07 21:58:00.136   498   676 D ipc     : NOT sending reply to 0!
07-07 21:58:00.136   498   676 I         : BC_REPLY thr 0x8b550970 / obj 2377208320: Parcel(NULL)
07-07 21:58:00.136   498   676 I Parcel  : ~Parcel 0x8b5507dc:363 (pid=498) Entry
07-07 21:58:00.136   711  1072 I         : BR_TRANSACTION thr 0x8ba82970 / obj 2780840944 / code 0x00000016: Parcel(
07-07 21:58:00.136   711  1072 I         :     0x00000000: 00400000 0000001e 006e0061 00720064 '..@.....a.n.d.r.'
07-07 21:58:00.136   711  1072 I         :     0x00000010: 0069006f 002e0064 00700061 002e0070 'o.i.d...a.p.p...'
07-07 21:58:00.136   711  1072 I         :     0x00000020: 00410049 00700070 0069006c 00610063 'I.A.p.p.l.i.c.a.'
07-07 21:58:00.136   711  1072 I         :     0x00000030: 00690074 006e006f 00680054 00650072 't.i.o.n.T.h.r.e.'
07-07 21:58:00.136   711  1072 I         :     0x00000040: 00640061 00000000 73622a85 00000100 'a.d......*bs....'
07-07 21:58:00.136   711  1072 I         :     0x00000050: 8bf4f4c0 9c272cc0 00000001 0000001f '.....,'.........'
07-07 21:58:00.136   711  1072 I         :     0x00000060: 006e0061 00720064 0069006f 002e0064 'a.n.d.r.o.i.d...'
07-07 21:58:00.136   711  1072 I         :     0x00000070: 006e0069 00650074 0074006e 0061002e 'i.n.t.e.n.t...a.'
07-07 21:58:00.136   711  1072 I         :     0x00000080: 00740063 006f0069 002e006e 00490054 'c.t.i.o.n...T.I.'
07-07 21:58:00.136   711  1072 I         :     0x00000090: 0045004d 0054005f 00430049 0000004b 'M.E._.T.I.C.K...'
07-07 21:58:00.136   711  1072 I         :     0x000000a0: 00000000 ffffffff 50200014 ffffffff '.......... P....'
07-07 21:58:00.136   711  1072 I         :     0x000000b0: ffffffff 00000000 00000000 00000000 '................'
07-07 21:58:00.136   711  1072 I         :     0x000000c0: 00000000 fffffffe 00000054 4c444e42 '........T...BNDL'
07-07 21:58:00.136   711  1072 I         :     0x000000d0: 00000001 0
07-07 21:58:00.136   498   676 I Parcel  : freeDataNoInit 0x8b5507dc:2540 (pid=498) mOwner is Null Entry
07-07 21:58:00.136   498   676 I Parcel  : ~Parcel 0x8b550810:363 (pid=498) Entry
07-07 21:58:00.137   498   676 I Parcel  : freeDataNoInit 0x8b550810:2535 (pid=498) mOwner isNot Null Entry
07-07 21:58:00.137   498   676 I         : Writing BC_FREE_BUFFER for 
07-07 21:58:00.137   498   676 D threadpool: **** do THREAD 0x8b550970 (PID 498) IS JOINING THE THREAD POOL
07-07 21:58:00.137   711  1072 D ipc     : NOT sending reply to 0!
07-07 21:58:00.137   711  1072 I         : BC_REPLY thr 0x8ba82970 / obj 2780840944: Parcel(NULL)
07-07 21:58:00.137   498   676 I         : Sending commands to driver: 40046303 9224f05c   '.c.@\.$.'
07-07 21:58:00.137   498   676 I         :   BC_FREE_BUFFER: buffer=0x9224f05c
07-07 21:58:00.137   498   676 I         : Size of receive buffer: 256, needRead: true, doReceive: true
07-07 21:58:00.137   711  1072 I Parcel  : ~Parcel 0x8ba827dc:363 (pid=711) Entry
07-07 21:58:00.137   498   676 I         : About to read/write, write size = 8
07-07 21:58:00.137   711  1072 I Parcel  : freeDataNoInit 0x8ba827dc:2540 (pid=711) mOwner is Null Entry
07-07 21:58:00.137   711  1072 I Parcel  : ~Parcel 0x8ba82810:363 (pid=711) Entry
07-07 21:58:00.137   711  1072 I Parcel  : freeDataNoInit 0x8ba82810:2535 (pid=711) mOwner isNot Null Entry
07-07 21:58:00.137   711  1072 I         : Writing BC_FREE_BUFFER for 
07-07 21:58:00.137   711  1072 D threadpool: **** do THREAD 0x8ba82970 (PID 711) IS JOINING THE THREAD POOL
07-07 21:58:00.137   711  1072 I         : Sending commands to driver: 40046303 8e152054   '.c.@T ..'
07-07 21:58:00.137   711  1072 I         :   BC_FREE_BUFFER: buffer=0x8e152054
07-07 21:58:00.137   711  1072 I         : Size of receive buffer: 256, needRead: true, doReceive: true
07-07 21:58:00.137   711  1072 I         : About to read/write, write size = 8
07-07 21:58:00.138   711   711 I         : Size of receive buffer: 0, needRead: true, doReceive: false
07-07 21:58:00.138   711  1103 I         : BC_TRANSACTION thr 0x8b37a970 / hand 1 / code 0x0000000a: Parcel(
07-07 21:58:00.138   711  1103 I         :     0x00000000: 00400000 0000001c 006e0061 00720064 '..@.....a.n.d.r.'
07-07 21:58:00.138   711  1103 I         :     0x00000010: 0069006f 002e0064 00700061 002e0070 'o.i.d...a.p.p...'
07-07 21:58:00.138   711  1103 I         :     0x00000020: 00410049 00740063 00760069 00740069 'I.A.c.t.i.v.i.t.'
07-07 21:58:00.138   711  1103 I         :     0x00000030: 004d0079 006e0061 00670061 00720065 'y.M.a.n.a.g.e.r.'
07-07 21:58:00.138   711  1103 I         :     0x00000040: 00000000 73622a85 00000113 8bf4f4c0 '.....*bs........'
07-07 21:58:00.138   711  1103 I         :     0x00000050: 9c272cc0 00000000 ffffffff 00000000 '.,'.............'
07-07 21:58:00.138   711  1103 I         :     0x00000060: 00000000 50200014                   '...... P        '
07-07 21:58:00.138   711  1103 I         :   Object #0 @ 0x44: 'sb*' = 2348086464)
07-07 21:58:00.138   711  1103 D ipc     : >>>> SEND from pid 711 uid 10014 ONE WAY
07-07 21:58:00.139   711  1103 I         : Sending commands to driver: 
07-07 21:58:00.139   711  1103 I         :   0x00000000: 40286300 00000001 00000000 0000000a '.c(@............'
07-07 21:58:00.139   711  1103 I         :   0x00000010: 00000011 00000000 00000000 00000068 '............h...'
07-07 21:58:00.139   711  1103 I         :   0x00000020: 00000004 8bf438c0 8bf4f700          '.....8......    '
07-07 21:58:00.139   711  1103 I         :   BC_TRANSACTION: target.desc=1 (cookie 0)
07-07 21:58:00.139   711  1103 I         :     code=0x0000000a, flags=0x11
07-07 21:58:00.139   711  1103 I         :     data=2348038336 (0x68 bytes)
07-07 21:58:00.139   711  1103 I         :     offsets=2348087040 (0x4 bytes)
07-07 21:58:00.139   711  1103 I         : Size of receive buffer: 256, needRead: true, doReceive: true
07-07 21:58:00.139   711  1103 I         : About to read/write, write size = 44
07-07 21:58:00.139   498   676 I         : Finished read/write, write size = 8
07-07 21:58:00.139   498   676 I         : Our err: 0x0, write consumed: 8 (of 8), read consumed: 48
07-07 21:58:00.139   711  1103 I         : Finished read/write, write size = 44
07-07 21:58:00.139   498   676 I         : Remaining data size: 0
07-07 21:58:00.139   498   676 I         : Received commands from driver: 
07-07 21:58:00.139   498   676 I         :   0x00000000: 0000720c 80287202 8db15200 9c6c5780 '.r...r(..R...Wl.'
07-07 21:58:00.139   498   676 I         :   0x00000010: 0000000a 00000011 00000000 0000271e '.............'..'
07-07 21:58:00.139   498   676 I         :   0x00000020: 00000068 00000004 9224f05c 9224f0c4 'h.......\.$...$.'
07-07 21:58:00.139   498   676 I         :   BR_NOOP
07-07 21:58:00.139   498   676 I         :   BR_TRANSACTION: target.ptr=2377208320 (cookie 2624345984)
07-07 21:58:00.139   498   676 I         :     code=0x0000000a, flags=0x11
07-07 21:58:00.139   498   676 I         :     data=2451894364 (0x68 bytes)
07-07 21:58:00.139   498   676 I         :     offsets=2451894468 (0x4 bytes)
07-07 21:58:00.139   711  1103 I         : Our err: 0x0, write consumed: 44 (of 44), read consumed: 8
07-07 21:58:00.139   498   676 I         : Processing top-level Command: BR_NOOP
07-07 21:58:00.139   498   676 D threadpool: **** do THREAD 0x8b550970 (PID 498) IS JOINING THE THREAD POOL
07-07 21:58:00.139   711  1103 I         : Remaining data size: 0
07-07 21:58:00.139   711  1103 I         : Received commands from driver: 0000720c 00007206   '.r...r..'
07-07 21:58:00.139   711  1103 I         :   BR_NOOP
07-07 21:58:00.139   711  1103 I         :   BR_TRANSACTION_COMPLETE
07-07 21:58:00.139   498   676 I         : Size of receive buffer: 0, needRead: false, doReceive: true
07-07 21:58:00.139   498   676 I         : Processing top-level Command: BR_TRANSACTION
07-07 21:58:00.139   498   676 I Parcel  : Parcel constructing 0x8b550810:357 (pid=498) Entry
07-07 21:58:00.139   711  1103 I         : Processing waitForResponse Command: BR_NOOP
07-07 21:58:00.139   498   676 I Parcel  : freeDataNoInit 0x8b550810:2540 (pid=498) mOwner is Null Entry
07-07 21:58:00.140   498   676 I Parcel  : setDataReference Setting data size of 0x8b550810 to 104 (pid=498)
07-07 21:58:00.140   498   676 I Parcel  : Parcel constructing 0x8b5507dc:357 (pid=498) Entry
07-07 21:58:00.140   711  1103 I         : Size of receive buffer: 0, needRead: false, doReceive: true
07-07 21:58:00.140   498   676 I         : BR_TRANSACTION thr 0x8b550970 / obj 2377208320 / code 0x0000000a: Parcel(
07-07 21:58:00.140   498   676 I         :     0x00000000: 00400000 0000001c 006e0061 00720064 '..@.....a.n.d.r.'
07-07 21:58:00.140   498   676 I         :     0x00000010: 0069006f 002e0064 00700061 002e0070 'o.i.d...a.p.p...'
07-07 21:58:00.140   498   676 I         :     0x00000020: 00410049 00740063 00760069 00740069 'I.A.c.t.i.v.i.t.'
07-07 21:58:00.140   498   676 I         :     0x00000030: 004d0079 006e0061 00670061 00720065 'y.M.a.n.a.g.e.r.'
07-07 21:58:00.140   498   676 I         :     0x00000040: 00000000 73682a85 00000113 0000011a '.....*hs........'
07-07 21:58:00.140   498   676 I         :     0x00000050: 00000000 00000000 ffffffff 00000000 '................'
07-07 21:58:00.140   498   676 I         :     0x00000060: 00000000 50200014                   '...... P        '
07-07 21:58:00.140   498   676 I         :   Object #0 @ 0x44: 'sh*' = 282)
07-07 21:58:00.140   498   676 I         : Data addr = , offsets addr=0x9224f0c4
07-07 21:58:00.140   711  1103 I         : Processing waitForResponse Command: BR_TRANSACTION_COMPLETE
07-07 21:58:00.140   711  1103 I Parcel  : freeData 0x8bcdaa28:2526 (pid=711) Entry
07-07 21:58:00.140   711  1103 I Parcel  : freeDataNoInit 0x8bcdaa28:2540 (pid=711) mOwner is Null Entry
07-07 21:58:00.140   711  1103 I         : Size of receive buffer: 0, needRead: true, doReceive: false
07-07 21:58:00.140   498   676 I         : BC_TRANSACTION thr 0x8b550970 / hand 26 / code 0x00000016: Parcel(
07-07 21:58:00.140   498   676 I         :     0x00000000: 00400000 0000001e 006e0061 00720064 '..@.....a.n.d.r.'
07-07 21:58:00.140   498   676 I         :     0x00000010: 0069006f 002e0064 00700061 002e0070 'o.i.d...a.p.p...'
07-07 21:58:00.140   498   676 I         :     0x00000020: 00410049 00700070 0069006c 00610063 'I.A.p.p.l.i.c.a.'
07-07 21:58:00.140   498   676 I         :     0x00000030: 00690074 006e006f 00680054 00650072 't.i.o.n.T.h.r.e.'
07-07 21:58:00.140   498   676 I         :     0x00000040: 00640061 00000000 73682a85 00000100 'a.d......*hs....'
07-07 21:58:00.140   498   676 I         :     0x00000050: 00000120 00000000 00000001 0000001f ' ...............'
07-07 21:58:00.140   498   676 I         :     0x00000060: 006e0061 00720064 0069006f 002e0064 'a.n.d.r.o.i.d...'
07-07 21:58:00.140   498   676 I         :     0x00000070: 006e0069 00650074 0074006e 0061002e 'i.n.t.e.n.t...a.'
07-07 21:58:00.140   498   676 I         :     0x00000080: 00740063 006f0069 002e006e 00490054 'c.t.i.o.n...T.I.'
07-07 21:58:00.140   498   676 I         :     0x00000090: 0045004d 0054005f 00430049 0000004b 'M.E._.T.I.C.K...'
07-07 21:58:00.140   498   676 I         :     0x000000a0: 00000000 ffffffff 50200014 ffffffff '.......... P....'
07-07 21:58:00.140   498   676 I         :     0x000000b0: ffffffff 00000000 00000000 00000000 '................'
07-07 21:58:00.140   498   676 I         :     0x000000c0: 00000000 fffffffe 00000054 4c444e42 '........T...BNDL'
07-07 21:58:00.140   498   676 I         :     0x000000d0: 00000001 00000020
07-07 21:58:00.140   498   676 D ipc     : >>>> SEND from pid 498 uid 1000 ONE WAY
07-07 21:58:00.141   498   676 I         : Sending commands to driver: 
07-07 21:58:00.141   498   676 I         :   0x00000000: 40286300 0000001a 00000000 00000016 '.c(@............'
07-07 21:58:00.141   498   676 I         :   0x00000010: 00000011 00000000 00000000 00000140 '............@...'
07-07 21:58:00.141   498   676 I         :   0x00000020: 00000004 87bf94c0 87b930e0          '.........0..    '
07-07 21:58:00.141   498   676 I         :   BC_TRANSACTION: target.desc=26 (cookie 0)
07-07 21:58:00.141   498   676 I         :     code=0x00000016, flags=0x11
07-07 21:58:00.141   498   676 I         :     data=2277479616 (0x140 bytes)
07-07 21:58:00.141   498   676 I         :     offsets=2277060832 (0x4 bytes)
07-07 21:58:00.141   498   676 I         : Size of receive buffer: 256, needRead: true, doReceive: true
07-07 21:58:00.141   498   676 I         : About to read/write, write size = 44
07-07 21:58:00.141   498   676 I         : Finished read/write, write size = 44
07-07 21:58:00.141   711  1072 I         : Finished read/write, write size = 8
07-07 21:58:00.141   498   676 I         : Our err: 0x0, write consumed: 44 (of 44), read consumed: 8
07-07 21:58:00.141   711  1072 I         : Our err: 0x0, write consumed: 8 (of 8), read consumed: 48
07-07 21:58:00.141   498   676 I         : Remaining data size: 0
07-07 21:58:00.141   498   676 I         : Received commands from driver: 0000720c 00007206   '.r...r..'
07-07 21:58:00.141   498   676 I         :   BR_NOOP
07-07 21:58:00.141   498   676 I         :   BR_TRANSACTION_COMPLETE
07-07 21:58:00.141   498   676 I         : Processing waitForResponse Command: BR_NOOP
07-07 21:58:00.141   498   676 I         : Size of receive buffer: 0, needRead: false, doReceive: true
07-07 21:58:00.141   711  1072 I         : Remaining data size: 0
07-07 21:58:00.141   711  1072 I         : Received commands from driver: 
07-07 21:58:00.141   711  1072 I         :   0x00000000: 0000720c 80287202 a5c043f0 9d4f8ca0 '.r...r(..C....O.'
07-07 21:58:00.141   711  1072 I         :   0x00000010: 00000016 00000011 00000000 000003e8 '................'
07-07 21:58:00.141   711  1072 I         :   0x00000020: 00000140 00000004 8e152054 8e152194 '@.......T ...!..'
07-07 21:58:00.141   711  1072 I         :   BR_NOOP
07-07 21:58:00.141   711  1072 I         :   BR_TRANSACTION: target.ptr=2780840944 (cookie 2639236256)
07-07 21:58:00.141   711  1072 I         :     code=0x00000016, flags=0x11
07-07 21:58:00.141   711  1072 I         :     data=2383749204 (0x140 bytes)
07-07 21:58:00.141   711  1072 I         :     offsets=2383749524 (0x4 bytes)
07-07 21:58:00.141   498   676 I         : Processing waitForResponse Command: BR_TRANSACTION_COMPLETE
07-07 21:58:00.141   711  1072 I         : Processing top-level Command: BR_NOOP
07-07 21:58:00.141   498   676 I Parcel  : freeData 0xa621e698:2526 (pid=498) Entry
07-07 21:58:00.141   711  1072 D threadpool: **** do THREAD 0x8ba82970 (PID 711) IS JOINING THE THREAD POOL
07-07 21:58:00.141   498   676 I Parcel  : freeDataNoInit 0xa621e698:2540 (pid=498) mOwner is Null Entry
07-07 21:58:00.141   711  1072 I         : Size of receive buffer: 0, needRead: false, doReceive: true
07-07 21:58:00.141   711  1072 I         : Processing top-level Command: BR_TRANSACTION
07-07 21:58:00.141   711  1072 I Parcel  : Parcel constructing 0x8ba82810:357 (pid=711) Entry
07-07 21:58:00.141   711  1072 I Parcel  : freeDataNoInit 0x8ba82810:2540 (pid=711) mOwner is Null Entry
07-07 21:58:00.141   711  1072 I Parcel  : setDataReference Setting data size of 0x8ba82810 to 320 (pid=711)
07-07 21:58:00.141   711  1072 I Parcel  : Parcel constructing 0x8ba827dc:357 (pid=711) Entry
07-07 21:58:00.141   498   676 D ipc     : NOT sending reply to 0!
07-07 21:58:00.142   498   676 I         : BC_REPLY thr 0x8b550970 / obj 2377208320: Parcel(NULL)
07-07 21:58:00.142   498   676 I Parcel  : ~Parcel 0x8b5507dc:363 (pid=498) Entry
07-07 21:58:00.142   711  1072 I         : BR_TRANSACTION thr 0x8ba82970 / obj 2780840944 / code 0x00000016: Parcel(
07-07 21:58:00.142   711  1072 I         :     0x00000000: 00400000 0000001e 006e0061 00720064 '..@.....a.n.d.r.'
07-07 21:58:00.142   711  1072 I         :     0x00000010: 0069006f 002e0064 00700061 002e0070 'o.i.d...a.p.p...'
07-07 21:58:00.142   711  1072 I         :     0x00000020: 00410049 00700070 0069006c 00610063 'I.A.p.p.l.i.c.a.'
07-07 21:58:00.142   711  1072 I         :     0x00000030: 00690074 006e006f 00680054 00650072 't.i.o.n.T.h.r.e.'
07-07 21:58:00.142   711  1072 I         :     0x00000040: 00640061 00000000 73622a85 00000100 'a.d......*bs....'
07-07 21:58:00.142   711  1072 I         :     0x00000050: 8bf4fb50 8b567340 00000001 0000001f 'P...@sV.........'
07-07 21:58:00.142   711  1072 I         :     0x00000060: 006e0061 00720064 0069006f 002e0064 'a.n.d.r.o.i.d...'
07-07 21:58:00.142   711  1072 I         :     0x00000070: 006e0069 00650074 0074006e 0061002e 'i.n.t.e.n.t...a.'
07-07 21:58:00.142   711  1072 I         :     0x00000080: 00740063 006f0069 002e006e 00490054 'c.t.i.o.n...T.I.'
07-07 21:58:00.142   711  1072 I         :     0x00000090: 0045004d 0054005f 00430049 0000004b 'M.E._.T.I.C.K...'
07-07 21:58:00.142   711  1072 I         :     0x000000a0: 00000000 ffffffff 50200014 ffffffff '.......... P....'
07-07 21:58:00.142   711  1072 I         :     0x000000b0: ffffffff 00000000 00000000 00000000 '................'
07-07 21:58:00.142   711  1072 I         :     0x000000c0: 00000000 fffffffe 00000054 4c444e42 '........T...BNDL'
07-07 21:58:00.142   711  1072 I         :     0x000000d0: 00000001 0
07-07 21:58:00.142   498   676 I Parcel  : freeDataNoInit 0x8b5507dc:2540 (pid=498) mOwner is Null Entry
07-07 21:58:00.142   498   676 I Parcel  : ~Parcel 0x8b550810:363 (pid=498) Entry
07-07 21:58:00.142   498   676 I Parcel  : freeDataNoInit 0x8b550810:2535 (pid=498) mOwner isNot Null Entry
07-07 21:58:00.142   498   676 I         : Writing BC_FREE_BUFFER for 
07-07 21:58:00.142   498   676 D threadpool: **** do THREAD 0x8b550970 (PID 498) IS JOINING THE THREAD POOL
07-07 21:58:00.142   711  1072 D ipc     : NOT sending reply to 0!
07-07 21:58:00.142   498   676 I         : Sending commands to driver: 40046303 9224f05c   '.c.@\.$.'
07-07 21:58:00.142   498   676 I         :   BC_FREE_BUFFER: buffer=0x9224f05c
07-07 21:58:00.142   498   676 I         : Size of receive buffer: 256, needRead: true, doReceive: true
07-07 21:58:00.142   711  1072 I         : BC_REPLY thr 0x8ba82970 / obj 2780840944: Parcel(NULL)
07-07 21:58:00.142   498   676 I         : About to read/write, write size = 8
07-07 21:58:00.142   711  1072 I Parcel  : ~Parcel 0x8ba827dc:363 (pid=711) Entry
07-07 21:58:00.142   711  1072 I Parcel  : freeDataNoInit 0x8ba827dc:2540 (pid=711) mOwner is Null Entry
07-07 21:58:00.142   711  1072 I Parcel  : ~Parcel 0x8ba82810:363 (pid=711) Entry
07-07 21:58:00.142   711  1072 I Parcel  : freeDataNoInit 0x8ba82810:2535 (pid=711) mOwner isNot Null Entry
07-07 21:58:00.142   711  1072 I         : Writing BC_FREE_BUFFER for 
07-07 21:58:00.142   711  1072 D threadpool: **** do THREAD 0x8ba82970 (PID 711) IS JOINING THE THREAD POOL
07-07 21:58:00.142   711  1072 I         : Sending commands to driver: 40046303 8e152054   '.c.@T ..'
07-07 21:58:00.142   711  1072 I         :   BC_FREE_BUFFER: buffer=0x8e152054
07-07 21:58:00.142   711  1072 I         : Size of receive buffer: 256, needRead: true, doReceive: true
07-07 21:58:00.142   711  1072 I         : About to read/write, write size = 8
07-07 21:58:00.143   711  1103 I Parcel  : Parcel constructing 0x8bcdab08:357 (pid=711) Entry
07-07 21:58:00.143   711   711 I         : Size of receive buffer: 0, needRead: true, doReceive: false
07-07 21:58:00.143   711  1103 I         : BC_TRANSACTION thr 0x8b37a970 / hand 1 / code 0x0000000a: Parcel(
07-07 21:58:00.143   711  1103 I         :     0x00000000: 00400000 0000001c 006e0061 00720064 '..@.....a.n.d.r.'
07-07 21:58:00.143   711  1103 I         :     0x00000010: 0069006f 002e0064 00700061 002e0070 'o.i.d...a.p.p...'
07-07 21:58:00.143   711  1103 I         :     0x00000020: 00410049 00740063 00760069 00740069 'I.A.c.t.i.v.i.t.'
07-07 21:58:00.143   711  1103 I         :     0x00000030: 004d0079 006e0061 00670061 00720065 'y.M.a.n.a.g.e.r.'
07-07 21:58:00.143   711  1103 I         :     0x00000040: 00000000 73622a85 00000113 8bf4fb50 '.....*bs....P...'
07-07 21:58:00.143   711  1103 I         :     0x00000050: 8b567340 00000000 ffffffff 00000000 '@sV.............'
07-07 21:58:00.143   711  1103 I         :     0x00000060: 00000000 50200014                   '...... P        '
07-07 21:58:00.143   711  1103 I         :   Object #0 @ 0x44: 'sb*' = 2348088144)
07-07 21:58:00.143   711  1103 D ipc     : >>>> SEND from pid 711 uid 10014 ONE WAY
07-07 21:58:00.143   711  1103 I         : Sending commands to driver: 
07-07 21:58:00.143   711  1103 I         :   0x00000000: 40286300 00000001 00000000 0000000a '.c(@............'
07-07 21:58:00.143   711  1103 I         :   0x00000010: 00000011 00000000 00000000 00000068 '............h...'
07-07 21:58:00.143   711  1103 I         :   0x00000020: 00000004 8bf438c0 8bf4f700          '.....8......    '
07-07 21:58:00.143   711  1103 I         :   BC_TRANSACTION: target.desc=1 (cookie 0)
07-07 21:58:00.143   711  1103 I         :     code=0x0000000a, flags=0x11
07-07 21:58:00.143   711  1103 I         :     data=2348038336 (0x68 bytes)
07-07 21:58:00.143   711  1103 I         :     offsets=2348087040 (0x4 bytes)
07-07 21:58:00.143   711  1103 I         : Size of receive buffer: 256, needRead: true, doReceive: true
07-07 21:58:00.143   711  1103 I         : About to read/write, write size = 44
07-07 21:58:00.143   711  1103 I         : Finished read/write, write size = 44
07-07 21:58:00.143   711  1103 I         : Our err: 0x0, write consumed: 44 (of 44), read consumed: 8
07-07 21:58:00.143   711  1103 I         : Remaining data size: 0
07-07 21:58:00.143   711  1103 I         : Received commands from driver: 0000720c 00007206   '.r...r..'
07-07 21:58:00.143   711  1103 I         :   BR_NOOP
07-07 21:58:00.143   711  1103 I         :   BR_TRANSACTION_COMPLETE
07-07 21:58:00.143   498   676 I         : Finished read/write, write size = 8
07-07 21:58:00.143   711  1103 I         : Processing waitForResponse Command: BR_NOOP
07-07 21:58:00.144   711  1103 I         : Size of receive buffer: 0, needRead: false, doReceive: true
07-07 21:58:00.144   711  1103 I         : Processing waitForResponse Command: BR_TRANSACTION_COMPLETE
07-07 21:58:00.144   498   676 I         : Our err: 0x0, write consumed: 8 (of 8), read consumed: 48
07-07 21:58:00.144   711  1103 I Parcel  : freeData 0x8bcdab08:2526 (pid=711) Entry
07-07 21:58:00.144   711  1103 I Parcel  : freeDataNoInit 0x8bcdab08:2540 (pid=711) mOwner is Null Entry
07-07 21:58:00.144   711  1103 I         : Size of receive buffer: 0, needRead: true, doReceive: false
07-07 21:58:00.144   498   676 I         : Remaining data size: 0
07-07 21:58:00.144   498   676 I         : Received commands from driver: 
07-07 21:58:00.144   498   676 I         :   0x00000000: 0000720c 80287202 8db15200 9c6c5780 '.r...r(..R...Wl.'
07-07 21:58:00.144   498   676 I         :   0x00000010: 0000000a 00000011 00000000 0000271e '.............'..'
07-07 21:58:00.144   498   676 I         :   0x00000020: 00000068 00000004 9224f05c 9224f0c4 'h.......\.$...$.'
07-07 21:58:00.144   498   676 I         :   BR_NOOP
07-07 21:58:00.144   498   676 I         :   BR_TRANSACTION: target.ptr=2377208320 (cookie 2624345984)
07-07 21:58:00.144   498   676 I         :     code=0x0000000a, flags=0x11
07-07 21:58:00.144   498   676 I         :     data=2451894364 (0x68 bytes)
07-07 21:58:00.144   498   676 I         :     offsets=2451894468 (0x4 bytes)
07-07 21:58:00.144   498   676 I         : Processing top-level Command: BR_NOOP
07-07 21:58:00.144   498   676 D threadpool: **** do THREAD 0x8b550970 (PID 498) IS JOINING THE THREAD POOL
07-07 21:58:00.144   498   676 I         : Size of receive buffer: 0, needRead: false, doReceive: true
07-07 21:58:00.144   498   676 I         : Processing top-level Command: BR_TRANSACTION
07-07 21:58:00.145   498   676 I Parcel  : Parcel constructing 0x8b550810:357 (pid=498) Entry
07-07 21:58:00.145   498   676 I Parcel  : freeDataNoInit 0x8b550810:2540 (pid=498) mOwner is Null Entry
07-07 21:58:00.145   498   676 I Parcel  : setDataReference Setting data size of 0x8b550810 to 104 (pid=498)
07-07 21:58:00.145   498   676 I Parcel  : Parcel constructing 0x8b5507dc:357 (pid=498) Entry
07-07 21:58:00.145   498   676 I         : BR_TRANSACTION thr 0x8b550970 / obj 2377208320 / code 0x0000000a: Parcel(
07-07 21:58:00.145   498   676 I         :     0x00000000: 00400000 0000001c 006e0061 00720064 '..@.....a.n.d.r.'
07-07 21:58:00.145   498   676 I         :     0x00000010: 0069006f 002e0064 00700061 002e0070 'o.i.d...a.p.p...'
07-07 21:58:00.145   498   676 I         :     0x00000020: 00410049 00740063 00760069 00740069 'I.A.c.t.i.v.i.t.'
07-07 21:58:00.145   498   676 I         :     0x00000030: 004d0079 006e0061 00670061 00720065 'y.M.a.n.a.g.e.r.'
07-07 21:58:00.145   498   676 I         :     0x00000040: 00000000 73682a85 00000113 00000120 '.....*hs.... ...'
07-07 21:58:00.145   498   676 I         :     0x00000050: 00000000 00000000 ffffffff 00000000 '................'
07-07 21:58:00.145   498   676 I         :     0x00000060: 00000000 50200014                   '...... P        '
07-07 21:58:00.145   498   676 I         :   Object #0 @ 0x44: 'sh*' = 288)
07-07 21:58:00.145   498   676 I         : Data addr = , offsets addr=0x9224f0c4
07-07 21:58:00.147   498   676 I         : BC_TRANSACTION thr 0x8b550970 / hand 26 / code 0x00000016: Parcel(
07-07 21:58:00.147   498   676 I         :     0x00000000: 00400000 0000001e 006e0061 00720064 '..@.....a.n.d.r.'
07-07 21:58:00.147   498   676 I         :     0x00000010: 0069006f 002e0064 00700061 002e0070 'o.i.d...a.p.p...'
07-07 21:58:00.147   498   676 I         :     0x00000020: 00410049 00700070 0069006c 00610063 'I.A.p.p.l.i.c.a.'
07-07 21:58:00.147   498   676 I         :     0x00000030: 00690074 006e006f 00680054 00650072 't.i.o.n.T.h.r.e.'
07-07 21:58:00.147   498   676 I         :     0x00000040: 00640061 00000000 73682a85 00000100 'a.d......*hs....'
07-07 21:58:00.147   498   676 I         :     0x00000050: 00000121 00000000 00000001 0000001f '!...............'
07-07 21:58:00.147   498   676 I         :     0x00000060: 006e0061 00720064 0069006f 002e0064 'a.n.d.r.o.i.d...'
07-07 21:58:00.147   498   676 I         :     0x00000070: 006e0069 00650074 0074006e 0061002e 'i.n.t.e.n.t...a.'
07-07 21:58:00.147   498   676 I         :     0x00000080: 00740063 006f0069 002e006e 00490054 'c.t.i.o.n...T.I.'
07-07 21:58:00.147   498   676 I         :     0x00000090: 0045004d 0054005f 00430049 0000004b 'M.E._.T.I.C.K...'
07-07 21:58:00.147   498   676 I         :     0x000000a0: 00000000 ffffffff 50200014 ffffffff '.......... P....'
07-07 21:58:00.147   498   676 I         :     0x000000b0: ffffffff 00000000 00000000 00000000 '................'
07-07 21:58:00.147   498   676 I         :     0x000000c0: 00000000 fffffffe 00000054 4c444e42 '........T...BNDL'
07-07 21:58:00.147   498   676 I         :     0x000000d0: 00000001 00000020
07-07 21:58:00.147   498   676 D ipc     : >>>> SEND from pid 498 uid 1000 ONE WAY
07-07 21:58:00.147   498   676 I         : Sending commands to driver: 
07-07 21:58:00.147   498   676 I         :   0x00000000: 40286300 0000001a 00000000 00000016 '.c(@............'
07-07 21:58:00.147   498   676 I         :   0x00000010: 00000011 00000000 00000000 00000140 '............@...'
07-07 21:58:00.147   498   676 I         :   0x00000020: 00000004 87bf94c0 87b930e0          '.........0..    '
07-07 21:58:00.147   498   676 I         :   BC_TRANSACTION: target.desc=26 (cookie 0)
07-07 21:58:00.147   498   676 I         :     code=0x00000016, flags=0x11
07-07 21:58:00.147   498   676 I         :     data=2277479616 (0x140 bytes)
07-07 21:58:00.147   498   676 I         :     offsets=2277060832 (0x4 bytes)
07-07 21:58:00.147   498   676 I         : Size of receive buffer: 256, needRead: true, doReceive: true
07-07 21:58:00.147   498   676 I         : About to read/write, write size = 44
07-07 21:58:00.147   711  1072 I         : Finished read/write, write size = 8
07-07 21:58:00.147   498   676 I         : Finished read/write, write size = 44
07-07 21:58:00.148   711  1072 I         : Our err: 0x0, write consumed: 8 (of 8), read consumed: 48
07-07 21:58:00.148   498   676 I         : Our err: 0x0, write consumed: 44 (of 44), read consumed: 8
07-07 21:58:00.148   711  1072 I         : Remaining data size: 0
07-07 21:58:00.148   711  1072 I         : Received commands from driver: 
07-07 21:58:00.148   711  1072 I         :   0x00000000: 0000720c 80287202 a5c043f0 9d4f8ca0 '.r...r(..C....O.'
07-07 21:58:00.148   711  1072 I         :   0x00000010: 00000016 00000011 00000000 000003e8 '................'
07-07 21:58:00.148   711  1072 I         :   0x00000020: 00000140 00000004 8e152054 8e152194 '@.......T ...!..'
07-07 21:58:00.148   711  1072 I         :   BR_NOOP
07-07 21:58:00.148   711  1072 I         :   BR_TRANSACTION: target.ptr=2780840944 (cookie 2639236256)
07-07 21:58:00.148   711  1072 I         :     code=0x00000016, flags=0x11
07-07 21:58:00.148   711  1072 I         :     data=2383749204 (0x140 bytes)
07-07 21:58:00.148   711  1072 I         :     offsets=2383749524 (0x4 bytes)
07-07 21:58:00.148   498   676 I         : Remaining data size: 0
07-07 21:58:00.148   498   676 I         : Received commands from driver: 0000720c 00007206   '.r...r..'
07-07 21:58:00.148   498   676 I         :   BR_NOOP
07-07 21:58:00.148   498   676 I         :   BR_TRANSACTION_COMPLETE
07-07 21:58:00.148   711  1072 I         : Processing top-level Command: BR_NOOP
07-07 21:58:00.148   711  1072 D threadpool: **** do THREAD 0x8ba82970 (PID 711) IS JOINING THE THREAD POOL
07-07 21:58:00.148   498   676 I         : Processing waitForResponse Command: BR_NOOP
07-07 21:58:00.148   711  1072 I         : Size of receive buffer: 0, needRead: false, doReceive: true
07-07 21:58:00.148   498   676 I         : Size of receive buffer: 0, needRead: false, doReceive: true
07-07 21:58:00.148   711  1072 I         : Processing top-level Command: BR_TRANSACTION
07-07 21:58:00.148   711  1072 I Parcel  : Parcel constructing 0x8ba82810:357 (pid=711) Entry
07-07 21:58:00.148   498   676 I         : Processing waitForResponse Command: BR_TRANSACTION_COMPLETE
07-07 21:58:00.148   711  1072 I Parcel  : freeDataNoInit 0x8ba82810:2540 (pid=711) mOwner is Null Entry
07-07 21:58:00.148   711  1072 I Parcel  : setDataReference Setting data size of 0x8ba82810 to 320 (pid=711)
07-07 21:58:00.148   711  1072 I Parcel  : Parcel constructing 0x8ba827dc:357 (pid=711) Entry
07-07 21:58:00.148   498   676 I Parcel  : freeData 0xa621e698:2526 (pid=498) Entry
07-07 21:58:00.148   498   676 I Parcel  : freeDataNoInit 0xa621e698:2540 (pid=498) mOwner is Null Entry
07-07 21:58:00.148   711  1072 I         : BR_TRANSACTION thr 0x8ba82970 / obj 2780840944 / code 0x00000016: Parcel(
07-07 21:58:00.148   711  1072 I         :     0x00000000: 00400000 0000001e 006e0061 00720064 '..@.....a.n.d.r.'
07-07 21:58:00.148   711  1072 I         :     0x00000010: 0069006f 002e0064 00700061 002e0070 'o.i.d...a.p.p...'
07-07 21:58:00.148   711  1072 I         :     0x00000020: 00410049 00700070 0069006c 00610063 'I.A.p.p.l.i.c.a.'
07-07 21:58:00.148   711  1072 I         :     0x00000030: 00690074 006e006f 00680054 00650072 't.i.o.n.T.h.r.e.'
07-07 21:58:00.148   711  1072 I         :     0x00000040: 00640061 00000000 73622a85 00000100 'a.d......*bs....'
07-07 21:58:00.148   711  1072 I         :     0x00000050: 8bf4fab0 8b567360 00000001 0000001f '....`sV.........'
07-07 21:58:00.148   711  1072 I         :     0x00000060: 006e0061 00720064 0069006f 002e0064 'a.n.d.r.o.i.d...'
07-07 21:58:00.148   711  1072 I         :     0x00000070: 006e0069 00650074 0074006e 0061002e 'i.n.t.e.n.t...a.'
07-07 21:58:00.148   711  1072 I         :     0x00000080: 00740063 006f0069 002e006e 00490054 'c.t.i.o.n...T.I.'
07-07 21:58:00.148   711  1072 I         :     0x00000090: 0045004d 0054005f 00430049 0000004b 'M.E._.T.I.C.K...'
07-07 21:58:00.148   711  1072 I         :     0x000000a0: 00000000 ffffffff 50200014 ffffffff '.......... P....'
07-07 21:58:00.148   711  1072 I         :     0x000000b0: ffffffff 00000000 00000000 00000000 '................'
07-07 21:58:00.148   711  1072 I         :     0x000000c0: 00000000 fffffffe 00000054 4c444e42 '........T...BNDL'
07-07 21:58:00.148   711  1072 I         :     0x000000d0: 00000001 0
07-07 21:58:00.148   711  1072 D ipc     : NOT sending reply to 0!
07-07 21:58:00.149   711  1072 I         : BC_REPLY thr 0x8ba82970 / obj 2780840944: Parcel(NULL)
07-07 21:58:00.149   711  1103 I Parcel  : Parcel constructing 0x8bcdab40:357 (pid=711) Entry
07-07 21:58:00.149   711   711 I Parcel  : Parcel constructing 0x8bcdab78:357 (pid=711) Entry
07-07 21:58:00.149   711  1072 I Parcel  : ~Parcel 0x8ba827dc:363 (pid=711) Entry
07-07 21:58:00.149   711   711 I Parcel  : Parcel constructing 0x8bcdabb0:357 (pid=711) Entry
07-07 21:58:00.149   711  1072 I Parcel  : freeDataNoInit 0x8ba827dc:2540 (pid=711) mOwner is Null Entry
07-07 21:58:00.149   498   676 D ipc     : NOT sending reply to 0!
07-07 21:58:00.149   711  1072 I Parcel  : ~Parcel 0x8ba82810:363 (pid=711) Entry
07-07 21:58:00.149   711  1072 I Parcel  : freeDataNoInit 0x8ba82810:2535 (pid=711) mOwner isNot Null Entry
07-07 21:58:00.149   711   711 I         : BC_TRANSACTION thr 0xaa31b4a4 / hand 1 / code 0x0000008a: Parcel(
07-07 21:58:00.149   711   711 I         :     0x00000000: 01600004 0000001c 006e0061 00720064 '..`.....a.n.d.r.'
07-07 21:58:00.149   711   711 I         :     0x00000010: 0069006f 002e0064 00700061 002e0070 'o.i.d...a.p.p...'
07-07 21:58:00.149   711   711 I         :     0x00000020: 00410049 00740063 00760069 00740069 'I.A.c.t.i.v.i.t.'
07-07 21:58:00.149   711   711 I         :     0x00000030: 004d0079 006e0061 00670061 00720065 'y.M.a.n.a.g.e.r.'
07-07 21:58:00.149   711   711 I         :     0x00000040: 00000000                            '....            ')
07-07 21:58:00.149   498   676 I         : BC_REPLY thr 0x8b550970 / obj 2377208320: Parcel(NULL)
07-07 21:58:00.149   711   711 D ipc     : >>>> SEND from pid 711 uid 10014 READ REPLY
07-07 21:58:00.149   711  1072 I         : Writing BC_FREE_BUFFER for 
07-07 21:58:00.149   498   676 I Parcel  : ~Parcel 0x8b5507dc:363 (pid=498) Entry
07-07 21:58:00.149   711  1072 D threadpool: **** do THREAD 0x8ba82970 (PID 711) IS JOINING THE THREAD POOL
07-07 21:58:00.149   498   676 I Parcel  : freeDataNoInit 0x8b5507dc:2540 (pid=498) mOwner is Null Entry
07-07 21:58:00.149   498   676 I Parcel  : ~Parcel 0x8b550810:363 (pid=498) Entry
07-07 21:58:00.149   711  1072 I         : Sending commands to driver: 40046303 8e152054   '.c.@T ..'
07-07 21:58:00.149   711  1072 I         :   BC_FREE_BUFFER: buffer=0x8e152054
07-07 21:58:00.149   711  1072 I         : Size of receive buffer: 256, needRead: true, doReceive: true
07-07 21:58:00.149   711   711 I         : Sending commands to driver: 
07-07 21:58:00.149   711   711 I         :   0x00000000: 40286300 00000001 00000000 0000008a '.c(@............'
07-07 21:58:00.149   711   711 I         :   0x00000010: 00000010 00000000 00000000 00000044 '............D...'
07-07 21:58:00.149   711   711 I         :   0x00000020: 00000000 a5c79c90 00000000          '............    '
07-07 21:58:00.149   711   711 I         :   BC_TRANSACTION: target.desc=1 (cookie 0)
07-07 21:58:00.149   711   711 I         :     code=0x0000008a, flags=0x10
07-07 21:58:00.149   711   711 I         :     data=2781322384 (0x44 bytes)
07-07 21:58:00.149   711   711 I         :     offsets=0 (0x0 bytes)
