07-10 15:52:48.231   269   269 I         : Processing waitForResponse Command: BR_TRANSACTION_COMPLETE
07-10 15:52:48.232   269   269 I Parcel  : ~Parcel 0xbecb2654:363 (pid=269) Entry
07-10 15:52:48.233   269   269 I Parcel  : freeDataNoInit 0xbecb2654:2540 (pid=269) mOwner is Null Entry
07-10 15:52:48.234   269   269 I Parcel  : ~Parcel 0xbecb2688:363 (pid=269) Entry
07-10 15:52:48.234   269   269 I Parcel  : freeDataNoInit 0xbecb2688:2540 (pid=269) mOwner is Null Entry
07-10 15:52:48.235   269   269 I         : Size of receive buffer: 0, needRead: true, doReceive: false
07-10 15:52:48.862  1717  1717 D SharedBufferClient: queue_read num = -1 
07-10 15:52:48.862  1717  1717 D SharedBufferClient: 
07-10 15:52:49.628   267   288 I vendor.mediatek.hardware.power@1.1-impl: querySysInfo cmd:6, param:0
07-10 15:52:49.629   267   287 I powerd  : [powerd_req] POWER_MSG_QUERY_INFO: cmd:6, param:0
07-10 15:52:49.629   267   287 I libPerfService: perfUserGetCapability - cmd:6, id:0, value:1136
07-10 15:52:49.863  1717  1717 D SharedBufferClient: queue_read num = -1 
07-10 15:52:49.863  1717  1717 D SharedBufferClient: 
07-10 15:52:50.863  1717  1717 D SharedBufferClient: queue_read num = -1 
07-10 15:52:50.863  1717  1717 D SharedBufferClient: 
07-10 15:52:51.632   267   288 I vendor.mediatek.hardware.power@1.1-impl: querySysInfo cmd:6, param:0
07-10 15:52:51.632   267   287 I powerd  : [powerd_req] POWER_MSG_QUERY_INFO: cmd:6, param:0
07-10 15:52:51.632   267   287 I libPerfService: perfUserGetCapability - cmd:6, id:0, value:1136
07-10 15:52:51.863  1717  1717 D SharedBufferClient: queue_read num = -1 
07-10 15:52:51.863  1717  1717 D SharedBufferClient: 
07-10 15:52:52.863  1717  1717 D SharedBufferClient: queue_read num = -1 
07-10 15:52:52.863  1717  1717 D SharedBufferClient: 
07-10 15:52:53.635   267   288 I vendor.mediatek.hardware.power@1.1-impl: querySysInfo cmd:6, param:0
07-10 15:52:53.635   267   287 I powerd  : [powerd_req] POWER_MSG_QUERY_INFO: cmd:6, param:0
07-10 15:52:53.635   267   287 I libPerfService: perfUserGetCapability - cmd:6, id:0, value:1136
07-10 15:52:53.863  1717  1717 D SharedBufferClient: queue_read num = -1 
07-10 15:52:53.864  1717  1717 D SharedBufferClient: 
07-10 15:52:54.864  1717  1717 D SharedBufferClient: queue_read num = -1 
07-10 15:52:54.864  1717  1717 D SharedBufferClient: 
07-10 15:52:55.638   267   288 I vendor.mediatek.hardware.power@1.1-impl: querySysInfo cmd:6, param:0
07-10 15:52:55.638   267   287 I powerd  : [powerd_req] POWER_MSG_QUERY_INFO: cmd:6, param:0
07-10 15:52:55.638   267   287 I libPerfService: perfUserGetCapability - cmd:6, id:0, value:1136
07-10 15:52:55.864  1717  1717 D SharedBufferClient: queue_read num = -1 
07-10 15:52:55.864  1717  1717 D SharedBufferClient: 
07-10 15:52:56.324   269   269 I Parcel  : Parcel constructing 0xbecb1e88:357 (pid=269) Entry
07-10 15:52:56.324   269   269 I Parcel  : Parcel constructing 0xbecb1e54:357 (pid=269) Entry
07-10 15:52:56.326   269   269 I         : BC_TRANSACTION thr 0xb13fe4a4 / hand 1 / code 0x00000001: Parcel(
07-10 15:52:56.326   269   269 I         :     0x00000000: 00400000 00000025 006e0061 00720064 '..@.%...a.n.d.r.'
07-10 15:52:56.326   269   269 I         :     0x00000010: 0069006f 002e0064 0073006f 0049002e 'o.i.d...o.s...I.'
07-10 15:52:56.326   269   269 I         :     0x00000020: 00610042 00740074 00720065 00500079 'B.a.t.t.e.r.y.P.'
07-10 15:52:56.326   269   269 I         :     0x00000030: 006f0072 00650070 00740072 00650069 'r.o.p.e.r.t.i.e.'
07-10 15:52:56.326   269   269 I         :     0x00000040: 004c0073 00730069 00650074 0065006e 's.L.i.s.t.e.n.e.'
07-10 15:52:56.326   269   269 I         :     0x00000050: 00000072 00000001 00000001 00000000 'r...............'
07-10 15:52:56.326   269   269 I         :     0x00000060: 00000000 00000000 00000000 00000005 '................'
07-10 15:52:56.326   269   269 I         :     0x00000070: 00000002 00000001 00000064 00001063 '........d...c...'
07-10 15:52:56.326   269   269 I         :     0x00000080: 000000fa 00000000 001cfde0 00000006 '................'
07-10 15:52:56.326   269   269 I         :     0x00000090: 0069004c 0069002d 006e006f 00000000 'L.i.-.i.o.n.....')
07-10 15:52:56.327   269   269 D ipc     : >>>> SEND from pid 269 uid 0 ONE WAY
07-10 15:52:56.329   269   269 I         : Sending commands to driver: 
07-10 15:52:56.329   269   269 I         :   0x00000000: 40286300 00000001 00000000 00000001 '.c(@............'
07-10 15:52:56.329   269   269 I         :   0x00000010: 00000011 00000000 00000000 000000a0 '................'
07-10 15:52:56.329   269   269 I         :   0x00000020: 00000000 b0ab70c0 00000000          '.....p......    '
07-10 15:52:56.329   269   269 I         :   BC_TRANSACTION: target.desc=1 (cookie 0)
07-10 15:52:56.329   269   269 I         :     code=0x00000001, flags=0x11
07-10 15:52:56.329   269   269 I         :     data=2964025536 (0xa0 bytes)
07-10 15:52:56.329   269   269 I         :     offsets=0 (0x0 bytes)
07-10 15:52:56.329   269   269 I         : Size of receive buffer: 256, needRead: true, doReceive: true
07-10 15:52:56.340   269   269 I         : About to read/write, write size = 44
07-10 15:52:56.341   411   642 I         : Finished read/write, write size = 8
07-10 15:52:56.341   411   642 I         : Our err: 0x0, write consumed: 8 (of 8), read consumed: 48
07-10 15:52:56.341   411   642 I         : Remaining data size: 0
07-10 15:52:56.341   411   642 I         : Received commands from driver: 
07-10 15:52:56.341   411   642 I         :   0x00000000: 0000720c 80287202 9991c960 9993ba80 '.r...r(.`.......'
07-10 15:52:56.341   411   642 I         :   0x00000010: 00000001 00000011 00000000 00000000 '................'
07-10 15:52:56.341   411   642 I         :   0x00000020: 000000a0 00000000 8f516028 8f5160c8 '........(`Q..`Q.'
07-10 15:52:56.341   411   642 I         :   BR_NOOP
07-10 15:52:56.341   411   642 I         :   BR_TRANSACTION: target.ptr=2576468320 (cookie 2576595584)
07-10 15:52:56.341   411   642 I         :     code=0x00000001, flags=0x11
07-10 15:52:56.341   411   642 I         :     data=2404474920 (0xa0 bytes)
07-10 15:52:56.341   411   642 I         :     offsets=2404475080 (0x0 bytes)
07-10 15:52:56.341   411   642 I         : Processing top-level Command: BR_NOOP
07-10 15:52:56.341   411   642 D threadpool: **** do THREAD 0x879cf970 (PID 411) IS JOINING THE THREAD POOL
07-10 15:52:56.341   411   642 I         : Size of receive buffer: 0, needRead: false, doReceive: true
07-10 15:52:56.342   411   642 I         : Processing top-level Command: BR_TRANSACTION
07-10 15:52:56.342   411   642 I Parcel  : Parcel constructing 0x879cf810:357 (pid=411) Entry
07-10 15:52:56.342   411   642 I Parcel  : freeDataNoInit 0x879cf810:2540 (pid=411) mOwner is Null Entry
07-10 15:52:56.342   411   642 I Parcel  : setDataReference Setting data size of 0x879cf810 to 160 (pid=411)
07-10 15:52:56.342   411   642 I Parcel  : Parcel constructing 0x879cf7dc:357 (pid=411) Entry
07-10 15:52:56.342   411   642 I         : BR_TRANSACTION thr 0x879cf970 / obj 2576468320 / code 0x00000001: Parcel(
07-10 15:52:56.342   411   642 I         :     0x00000000: 00400000 00000025 006e0061 00720064 '..@.%...a.n.d.r.'
07-10 15:52:56.342   411   642 I         :     0x00000010: 0069006f 002e0064 0073006f 0049002e 'o.i.d...o.s...I.'
07-10 15:52:56.342   411   642 I         :     0x00000020: 00610042 00740074 00720065 00500079 'B.a.t.t.e.r.y.P.'
07-10 15:52:56.342   411   642 I         :     0x00000030: 006f0072 00650070 00740072 00650069 'r.o.p.e.r.t.i.e.'
07-10 15:52:56.342   411   642 I         :     0x00000040: 004c0073 00730069 00650074 0065006e 's.L.i.s.t.e.n.e.'
07-10 15:52:56.342   411   642 I         :     0x00000050: 00000072 00000001 00000001 00000000 'r...............'
07-10 15:52:56.342   411   642 I         :     0x00000060: 00000000 00000000 00000000 00000005 '................'
07-10 15:52:56.342   411   642 I         :     0x00000070: 00000002 00000001 00000064 00001063 '........d...c...'
07-10 15:52:56.342   411   642 I         :     0x00000080: 000000fa 00000000 001cfde0 00000006 '................'
07-10 15:52:56.342   411   642 I         :     0x00000090: 0069004c 0069002d 006e006f 00000000 'L.i.-.i.o.n.....')
07-10 15:52:56.342   411   642 I         : Data addr = , offsets addr=0x8f5160c8
07-10 15:52:56.342   411   642 D ipc     : NOT sending reply to 0!
07-10 15:52:56.342   411   642 I         : BC_REPLY thr 0x879cf970 / obj 2576468320: Parcel(NULL)
07-10 15:52:56.342   411   642 I Parcel  : ~Parcel 0x879cf7dc:363 (pid=411) Entry
07-10 15:52:56.342   411   642 I Parcel  : freeDataNoInit 0x879cf7dc:2540 (pid=411) mOwner is Null Entry
07-10 15:52:56.342   411   642 I Parcel  : ~Parcel 0x879cf810:363 (pid=411) Entry
07-10 15:52:56.342   411   642 I Parcel  : freeDataNoInit 0x879cf810:2535 (pid=411) mOwner isNot Null Entry
07-10 15:52:56.343   411   642 I         : Writing BC_FREE_BUFFER for 
07-10 15:52:56.343   411   642 D threadpool: **** do THREAD 0x879cf970 (PID 411) IS JOINING THE THREAD POOL
07-10 15:52:56.343   411   642 I         : Sending commands to driver: 40046303 8f516028   '.c.@(`Q.'
07-10 15:52:56.343   411   642 I         :   BC_FREE_BUFFER: buffer=0x8f516028
07-10 15:52:56.343   411   642 I         : Size of receive buffer: 256, needRead: true, doReceive: true
07-10 15:52:56.343   411   642 I         : About to read/write, write size = 8
07-10 15:52:56.345   269   269 I         : Finished read/write, write size = 44
07-10 15:52:56.345   269   269 I         : Our err: 0x0, write consumed: 44 (of 44), read consumed: 8
07-10 15:52:56.346   269   269 I         : Remaining data size: 0
07-10 15:52:56.346   269   269 I         : Received commands from driver: 0000720c 00007206   '.r...r..'
07-10 15:52:56.346   269   269 I         :   BR_NOOP
07-10 15:52:56.346   269   269 I         :   BR_TRANSACTION_COMPLETE
07-10 15:52:56.346   269   269 I         : Processing waitForResponse Command: BR_NOOP
07-10 15:52:56.346   269   269 I         : Size of receive buffer: 0, needRead: false, doReceive: true
07-10 15:52:56.346   269   269 I         : Processing waitForResponse Command: BR_TRANSACTION_COMPLETE
07-10 15:52:56.346   269   269 I Parcel  : ~Parcel 0xbecb1e54:363 (pid=269) Entry
07-10 15:52:56.347   269   269 I Parcel  : freeDataNoInit 0xbecb1e54:2540 (pid=269) mOwner is Null Entry
07-10 15:52:56.347   269   269 I Parcel  : ~Parcel 0xbecb1e88:363 (pid=269) Entry
07-10 15:52:56.347   269   269 I Parcel  : freeDataNoInit 0xbecb1e88:2540 (pid=269) mOwner is Null Entry
07-10 15:52:56.347   269   269 I Parcel  : Parcel constructing 0xbecb1e88:357 (pid=269) Entry
07-10 15:52:56.347   269   269 I Parcel  : Parcel constructing 0xbecb1e54:357 (pid=269) Entry
07-10 15:52:56.348   269   269 I         : BC_TRANSACTION thr 0xb13fe4a4 / hand 2 / code 0x00000001: Parcel(
07-10 15:52:56.348   269   269 I         :     0x00000000: 00400000 00000025 006e0061 00720064 '..@.%...a.n.d.r.'
07-10 15:52:56.348   269   269 I         :     0x00000010: 0069006f 002e0064 0073006f 0049002e 'o.i.d...o.s...I.'
07-10 15:52:56.348   269   269 I         :     0x00000020: 00610042 00740074 00720065 00500079 'B.a.t.t.e.r.y.P.'
07-10 15:52:56.348   269   269 I         :     0x00000030: 006f0072 00650070 00740072 00650069 'r.o.p.e.r.t.i.e.'
07-10 15:52:56.348   269   269 I         :     0x00000040: 004c0073 00730069 00650074 0065006e 's.L.i.s.t.e.n.e.'
07-10 15:52:56.348   269   269 I         :     0x00000050: 00000072 00000001 00000001 00000000 'r...............'
07-10 15:52:56.348   269   269 I         :     0x00000060: 00000000 00000000 00000000 00000005 '................'
07-10 15:52:56.348   269   269 I         :     0x00000070: 00000002 00000001 00000064 00001063 '........d...c...'
07-10 15:52:56.348   269   269 I         :     0x00000080: 000000fa 00000000 001cfde0 00000006 '................'
07-10 15:52:56.348   269   269 I         :     0x00000090: 0069004c 0069002d 006e006f 00000000 'L.i.-.i.o.n.....')
07-10 15:52:56.348   269   269 D ipc     : >>>> SEND from pid 269 uid 0 ONE WAY
07-10 15:52:56.353   269   269 I         : Sending commands to driver: 
07-10 15:52:56.353   269   269 I         :   0x00000000: 40286300 00000002 00000000 00000001 '.c(@............'
07-10 15:52:56.353   269   269 I         :   0x00000010: 00000011 00000000 00000000 000000a0 '................'
07-10 15:52:56.353   269   269 I         :   0x00000020: 00000000 b0ab70c0 00000000          '.....p......    '
07-10 15:52:56.353   269   269 I         :   BC_TRANSACTION: target.desc=2 (cookie 0)
07-10 15:52:56.353   269   269 I         :     code=0x00000001, flags=0x11
07-10 15:52:56.353   269   269 I         :     data=2964025536 (0xa0 bytes)
07-10 15:52:56.353   269   269 I         :     offsets=0 (0x0 bytes)
07-10 15:52:56.353   269   269 I         : Size of receive buffer: 256, needRead: true, doReceive: true
07-10 15:52:56.354   269   269 I         : About to read/write, write size = 44
07-10 15:52:56.355   269   269 I         : Finished read/write, write size = 44
07-10 15:52:56.355   338   427 I         : Finished read/write, write size = 8
07-10 15:52:56.355   338   427 I         : Our err: 0x0, write consumed: 8 (of 8), read consumed: 48
07-10 15:52:56.356   338   427 I         : Remaining data size: 0
07-10 15:52:56.356   338   427 I         : Received commands from driver: 
07-10 15:52:56.356   338   427 I         :   0x00000000: 0000720c 80287202 a9a1f180 a9a38004 '.r...r(.........'
07-10 15:52:56.356   338   427 I         :   0x00000010: 00000001 00000011 00000000 00000000 '................'
07-10 15:52:56.356   338   427 I         :   0x00000020: 000000a0 00000000 a97f5500 a97f55a0 '.........U...U..'
07-10 15:52:56.356   338   427 I         :   BR_NOOP
07-10 15:52:56.356   338   427 I         :   BR_TRANSACTION: target.ptr=2845962624 (cookie 2846064644)
07-10 15:52:56.356   338   427 I         :     code=0x00000001, flags=0x11
07-10 15:52:56.356   338   427 I         :     data=2843694336 (0xa0 bytes)
07-10 15:52:56.356   338   427 I         :     offsets=2843694496 (0x0 bytes)
07-10 15:52:56.356   338   427 I         : Processing top-level Command: BR_NOOP
07-10 15:52:56.356   338   427 D threadpool: **** do THREAD 0xa97f4970 (PID 338) IS JOINING THE THREAD POOL
07-10 15:52:56.356   338   427 I         : Size of receive buffer: 0, needRead: false, doReceive: true
07-10 15:52:56.356   338   427 I         : Processing top-level Command: BR_TRANSACTION
07-10 15:52:56.356   338   427 I Parcel  : Parcel constructing 0xa97f4838:357 (pid=338) Entry
07-10 15:52:56.356   338   427 I Parcel  : freeDataNoInit 0xa97f4838:2540 (pid=338) mOwner is Null Entry
07-10 15:52:56.356   338   427 I Parcel  : setDataReference Setting data size of 0xa97f4838 to 160 (pid=338)
07-10 15:52:56.356   338   427 I Parcel  : Parcel constructing 0xa97f4804:357 (pid=338) Entry
07-10 15:52:56.356   338   427 I         : BR_TRANSACTION thr 0xa97f4970 / obj 2845962624 / code 0x00000001: Parcel(
07-10 15:52:56.356   338   427 I         :     0x00000000: 00400000 00000025 006e0061 00720064 '..@.%...a.n.d.r.'
07-10 15:52:56.356   338   427 I         :     0x00000010: 0069006f 002e0064 0073006f 0049002e 'o.i.d...o.s...I.'
07-10 15:52:56.356   338   427 I         :     0x00000020: 00610042 00740074 00720065 00500079 'B.a.t.t.e.r.y.P.'
07-10 15:52:56.356   338   427 I         :     0x00000030: 006f0072 00650070 00740072 00650069 'r.o.p.e.r.t.i.e.'
07-10 15:52:56.356   338   427 I         :     0x00000040: 004c0073 00730069 00650074 0065006e 's.L.i.s.t.e.n.e.'
07-10 15:52:56.356   338   427 I         :     0x00000050: 00000072 00000001 00000001 00000000 'r...............'
07-10 15:52:56.356   338   427 I         :     0x00000060: 00000000 00000000 00000000 00000005 '................'
07-10 15:52:56.356   338   427 I         :     0x00000070: 00000002 00000001 00000064 00001063 '........d...c...'
07-10 15:52:56.356   338   427 I         :     0x00000080: 000000fa 00000000 001cfde0 00000006 '................'
07-10 15:52:56.356   338   427 I         :     0x00000090: 0069004c 0069002d 006e006f 00000000 'L.i.-.i.o.n.....')
07-10 15:52:56.356   338   427 I         : Data addr = , offsets addr=0xa97f55a0
07-10 15:52:56.356   338   427 D ipc     : NOT sending reply to 0!
07-10 15:52:56.357   338   427 I         : BC_REPLY thr 0xa97f4970 / obj 2845962624: Parcel(NULL)
07-10 15:52:56.357   338   427 I Parcel  : ~Parcel 0xa97f4804:363 (pid=338) Entry
07-10 15:52:56.357   338   427 I Parcel  : freeDataNoInit 0xa97f4804:2540 (pid=338) mOwner is Null Entry
07-10 15:52:56.357   338   427 I Parcel  : ~Parcel 0xa97f4838:363 (pid=338) Entry
07-10 15:52:56.357   338   427 I Parcel  : freeDataNoInit 0xa97f4838:2535 (pid=338) mOwner isNot Null Entry
07-10 15:52:56.357   338   427 I         : Writing BC_FREE_BUFFER for 
07-10 15:52:56.357   338   427 D threadpool: **** do THREAD 0xa97f4970 (PID 338) IS JOINING THE THREAD POOL
07-10 15:52:56.357   338   427 I         : Sending commands to driver: 40046303 a97f5500   '.c.@.U..'
07-10 15:52:56.357   338   427 I         :   BC_FREE_BUFFER: buffer=0xa97f5500
07-10 15:52:56.357   338   427 I         : Size of receive buffer: 256, needRead: true, doReceive: true
07-10 15:52:56.357   338   427 I         : About to read/write, write size = 8
07-10 15:52:56.359   269   269 I         : Our err: 0x0, write consumed: 44 (of 44), read consumed: 8
07-10 15:52:56.360   269   269 I         : Remaining data size: 0
07-10 15:52:56.360   269   269 I         : Received commands from driver: 0000720c 00007206   '.r...r..'
07-10 15:52:56.360   269   269 I         :   BR_NOOP
07-10 15:52:56.360   269   269 I         :   BR_TRANSACTION_COMPLETE
07-10 15:52:56.360   269   269 I         : Processing waitForResponse Command: BR_NOOP
07-10 15:52:56.361   269   269 I         : Size of receive buffer: 0, needRead: false, doReceive: true
07-10 15:52:56.362   269   269 I         : Processing waitForResponse Command: BR_TRANSACTION_COMPLETE
07-10 15:52:56.363   269   269 I Parcel  : ~Parcel 0xbecb1e54:363 (pid=269) Entry
07-10 15:52:56.363   269   269 I Parcel  : freeDataNoInit 0xbecb1e54:2540 (pid=269) mOwner is Null Entry
07-10 15:52:56.364   269   269 I Parcel  : ~Parcel 0xbecb1e88:363 (pid=269) Entry
07-10 15:52:56.364   269   269 I Parcel  : freeDataNoInit 0xbecb1e88:2540 (pid=269) mOwner is Null Entry
07-10 15:52:56.365   269   269 I         : Size of receive buffer: 0, needRead: true, doReceive: false
07-10 15:52:56.521   269   269 I         : Size of receive buffer: 0, needRead: true, doReceive: false
07-10 15:52:56.864  1717  1717 D SharedBufferClient: queue_read num = -1 
07-10 15:52:56.864  1717  1717 D SharedBufferClient: 
07-10 15:52:57.641   267   288 I vendor.mediatek.hardware.power@1.1-impl: querySysInfo cmd:6, param:0
07-10 15:52:57.641   267   287 I powerd  : [powerd_req] POWER_MSG_QUERY_INFO: cmd:6, param:0
07-10 15:52:57.642   267   287 I libPerfService: perfUserGetCapability - cmd:6, id:0, value:1136
07-10 15:52:57.864  1717  1717 D SharedBufferClient: queue_read num = -1 
07-10 15:52:57.865  1717  1717 D SharedBufferClient: 
07-10 15:52:58.395   411   738 D AES     : AEEIOCTL_GET/SET_SF_STATE IOCTL,cmd= 1074294797, lParam=0. 
07-10 15:52:58.395   411   738 D AES     : AEEIOCTL_RT_MON_Kick IOCTL,cmd= 2147774474, lParam=300. 
07-10 15:52:58.397   411   488 I         : Size of receive buffer: 0, needRead: true, doReceive: false
07-10 15:52:58.524   269   269 I         : Size of receive buffer: 0, needRead: true, doReceive: false
07-10 15:52:58.865  1717  1717 D SharedBufferClient: queue_read num = -1 
07-10 15:52:58.865  1717  1717 D SharedBufferClient: 
07-10 15:52:59.643   267   288 I vendor.mediatek.hardware.power@1.1-impl: querySysInfo cmd:6, param:0
07-10 15:52:59.643   267   287 I powerd  : [powerd_req] POWER_MSG_QUERY_INFO: cmd:6, param:0
07-10 15:52:59.643   267   287 I libPerfService: perfUserGetCapability - cmd:6, id:0, value:1136
07-10 15:52:59.865  1717  1717 D SharedBufferClient: queue_read num = -1 
07-10 15:52:59.865  1717  1717 D SharedBufferClient: 
07-10 15:53:00.000   411   557 I         : BC_TRANSACTION thr 0x8aab5970 / hand 0 / code 0x00000001: Parcel(
07-10 15:53:00.000   411   557 I         :     0x00000000: 00400000 0000001a 006e0061 00720064 '..@.....a.n.d.r.'
07-10 15:53:00.000   411   557 I         :     0x00000010: 0069006f 002e0064 0073006f 0049002e 'o.i.d...o.s...I.'
07-10 15:53:00.000   411   557 I         :     0x00000020: 00650053 00760072 00630069 004d0065 'S.e.r.v.i.c.e.M.'
07-10 15:53:00.000   411   557 I         :     0x00000030: 006e0061 00670061 00720065 00000000 'a.n.a.g.e.r.....'
07-10 15:53:00.000   411   557 I         :     0x00000040: 0000000c 00610064 00610074 0073005f '....d.a.t.a._.s.'
07-10 15:53:00.000   411   557 I         :     0x00000050: 00610068 00690070 0067006e 00000000 'h.a.p.i.n.g.....')
07-10 15:53:00.000   411   557 D ipc     : >>>> SEND from pid 411 uid 1000 READ REPLY
07-10 15:53:00.001   411   557 I         : Sending commands to driver: 
07-10 15:53:00.001   411   557 I         :   0x00000000: 40046303 8f516000 40286300 00000000 '.c.@.`Q..c(@....'
07-10 15:53:00.001   411   557 I         :   0x00000010: 00000000 00000001 00000010 00000000 '................'
07-10 15:53:00.001   411   557 I         :   0x00000020: 00000000 00000060 00000000 a3622100 '....`........!b.'
07-10 15:53:00.001   411   557 I         :   0x00000030: 00000000                            '....            '
07-10 15:53:00.001   411   557 I         :   BC_FREE_BUFFER: buffer=0x8f516000
07-10 15:53:00.001   411   557 I         :   BC_TRANSACTION: target.desc=0 (cookie 0)
07-10 15:53:00.001   411   557 I         :     code=0x00000001, flags=0x10
07-10 15:53:00.001   411   557 I         :     data=2741117184 (0x60 bytes)
07-10 15:53:00.001   411   557 I         :     offsets=0 (0x0 bytes)
07-10 15:53:00.001   411   557 I         : Size of receive buffer: 256, needRead: true, doReceive: true
07-10 15:53:00.001   411   557 I         : About to read/write, write size = 52
07-10 15:53:00.001   411   557 I         : Finished read/write, write size = 52
07-10 15:53:00.001   411   557 I         : Our err: 0x0, write consumed: 52 (of 52), read consumed: 8
07-10 15:53:00.001   411   557 I         : Remaining data size: 0
07-10 15:53:00.001   411   557 I         : Received commands from driver: 0000720c 00007206   '.r...r..'
07-10 15:53:00.001   411   557 I         :   BR_NOOP
07-10 15:53:00.001   411   557 I         :   BR_TRANSACTION_COMPLETE
07-10 15:53:00.001   411   557 I         : Processing waitForResponse Command: BR_NOOP
07-10 15:53:00.002   411   557 I         : Size of receive buffer: 0, needRead: false, doReceive: true
07-10 15:53:00.002   411   557 I         : Processing waitForResponse Command: BR_TRANSACTION_COMPLETE
07-10 15:53:00.002   411   557 I         : Size of receive buffer: 256, needRead: true, doReceive: true
07-10 15:53:00.002   411   557 I         : About to read/write, write size = 0
07-10 15:53:00.006   411   557 I         : Finished read/write, write size = 0
07-10 15:53:00.007   411   557 I         : Our err: 0x0, write consumed: 0 (of 0), read consumed: 48
07-10 15:53:00.008   411   557 I         : Remaining data size: 0
07-10 15:53:00.008   411   557 I         : Received commands from driver: 
07-10 15:53:00.008   411   557 I         :   0x00000000: 0000720c 80287203 00000000 00000000 '.r...r(.........'
07-10 15:53:00.008   411   557 I         :   0x00000010: 00000000 00000000 00000000 000003e8 '................'
07-10 15:53:00.008   411   557 I         :   0x00000020: 00000004 00000000 8f516014 8f516018 '.........`Q..`Q.'
07-10 15:53:00.008   411   557 I         :   BR_NOOP
07-10 15:53:00.008   411   557 I         :   BR_REPLY: target.desc=0 (cookie 0)
07-10 15:53:00.008   411   557 I         :     code=0x00000000, flags=0x0
07-10 15:53:00.008   411   557 I         :     data=2404474900 (0x4 bytes)
07-10 15:53:00.008   411   557 I         :     offsets=2404474904 (0x0 bytes)
07-10 15:53:00.009   411   557 I         : Processing waitForResponse Command: BR_NOOP
07-10 15:53:00.010   411   557 I         : Size of receive buffer: 0, needRead: false, doReceive: true
07-10 15:53:00.011   411   557 I         : Processing waitForResponse Command: BR_REPLY
07-10 15:53:00.012   411   557 I IPCThreadState: waitForResponse reply 0xa361ed98:778 (pid=411) Entry
07-10 15:53:00.013   411   557 I Parcel  : freeDataNoInit 0xa361ed98:2540 (pid=411) mOwner is Null Entry
07-10 15:53:00.014   411   557 I Parcel  : setDataReference Setting data size of 0xa361ed98 to 4 (pid=411)
07-10 15:53:00.015   411   557 I         : BR_REPLY thr 0x8aab5970 / hand 0: Parcel(00000000    '....')
07-10 15:53:00.016   411   557 I Parcel  : freeData 0xa361ed98:2526 (pid=411) Entry
07-10 15:53:00.017   411   557 I Parcel  : freeDataNoInit 0xa361ed98:2535 (pid=411) mOwner isNot Null Entry
07-10 15:53:00.018   411   557 I         : Writing BC_FREE_BUFFER for 
07-10 15:53:00.018   411   557 I Parcel  : freeData 0xa361ecf0:2526 (pid=411) Entry
07-10 15:53:00.020   411   557 I Parcel  : freeDataNoInit 0xa361ecf0:2540 (pid=411) mOwner is Null Entry
07-10 15:53:00.020   411   557 D MtkDataShapingUtils: openLteGateByDataShaping datashaping instance is null
07-10 15:53:00.022   411   457 I         : Size of receive buffer: 0, needRead: true, doReceive: false
07-10 15:53:00.024   411   411 I         : BC_TRANSACTION thr 0xa76cf4a4 / hand 22 / code 0x00000016: Parcel(
07-10 15:53:00.024   411   411 I         :     0x00000000: 00600007 0000001e 006e0061 00720064 '..`.....a.n.d.r.'
07-10 15:53:00.024   411   411 I         :     0x00000010: 0069006f 002e0064 00700061 002e0070 'o.i.d...a.p.p...'
07-10 15:53:00.024   411   411 I         :     0x00000020: 00410049 00700070 0069006c 00610063 'I.A.p.p.l.i.c.a.'
07-10 15:53:00.024   411   411 I         :     0x00000030: 00690074 006e006f 00680054 00650072 't.i.o.n.T.h.r.e.'
07-10 15:53:00.024   411   411 I         :     0x00000040: 00640061 00000000 73682a85 00000100 'a.d......*hs....'
07-10 15:53:00.024   411   411 I         :     0x00000050: 0000002e 00000000 00000001 0000001f '................'
07-10 15:53:00.024   411   411 I         :     0x00000060: 006e0061 00720064 0069006f 002e0064 'a.n.d.r.o.i.d...'
07-10 15:53:00.024   411   411 I         :     0x00000070: 006e0069 00650074 0074006e 0061002e 'i.n.t.e.n.t...a.'
07-10 15:53:00.024   411   411 I         :     0x00000080: 00740063 006f0069 002e006e 00490054 'c.t.i.o.n...T.I.'
07-10 15:53:00.024   411   411 I         :     0x00000090: 0045004d 0054005f 00430049 0000004b 'M.E._.T.I.C.K...'
07-10 15:53:00.024   411   411 I         :     0x000000a0: 00000000 ffffffff 50200014 ffffffff '.......... P....'
07-10 15:53:00.024   411   411 I         :     0x000000b0: ffffffff 00000000 00000000 00000000 '................'
07-10 15:53:00.024   411   411 I         :     0x000000c0: 00000000 fffffffe 00000054 4c444e42 '........T...BNDL'
07-10 15:53:00.024   411   411 I         :     0x000000d0: 00000001 00000020
07-10 15:53:00.024   411   411 D ipc     : >>>> SEND from pid 411 uid 1000 ONE WAY
07-10 15:53:00.025   411   411 I         : Sending commands to driver: 
07-10 15:53:00.025   411   411 I         :   0x00000000: 40286300 00000016 00000000 00000016 '.c(@............'
07-10 15:53:00.025   411   411 I         :   0x00000010: 00000011 00000000 00000000 00000140 '............@...'
07-10 15:53:00.025   411   411 I         :   0x00000020: 00000004 a3674a80 89ae25d0          '.....Jg..%..    '
07-10 15:53:00.025   411   411 I         :   BC_TRANSACTION: target.desc=22 (cookie 0)
07-10 15:53:00.025   411   411 I         :     code=0x00000016, flags=0x11
07-10 15:53:00.025   411   411 I         :     data=2741455488 (0x140 bytes)
07-10 15:53:00.025   411   411 I         :     offsets=2309891536 (0x4 bytes)
07-10 15:53:00.025   411   411 I         : Size of receive buffer: 256, needRead: true, doReceive: true
07-10 15:53:00.025   411   411 I         : About to read/write, write size = 44
07-10 15:53:00.025   411   411 I         : Finished read/write, write size = 44
07-10 15:53:00.025   411   411 I         : Our err: 0x0, write consumed: 44 (of 44), read consumed: 8
07-10 15:53:00.025   411   411 I         : Remaining data size: 0
07-10 15:53:00.025   411   411 I         : Received commands from driver: 0000720c 00007206   '.r...r..'
07-10 15:53:00.025   411   411 I         :   BR_NOOP
07-10 15:53:00.025   411   411 I         :   BR_TRANSACTION_COMPLETE
07-10 15:53:00.025   411   411 I         : Processing waitForResponse Command: BR_NOOP
07-10 15:53:00.025   411   411 I         : Size of receive buffer: 0, needRead: false, doReceive: true
07-10 15:53:00.025   411   411 I         : Processing waitForResponse Command: BR_TRANSACTION_COMPLETE
07-10 15:53:00.025   411   411 I Parcel  : freeData 0xa361ed98:2526 (pid=411) Entry
07-10 15:53:00.025   411   411 I Parcel  : freeDataNoInit 0xa361ed98:2540 (pid=411) mOwner is Null Entry
07-10 15:53:00.026   411   411 I         : Size of receive buffer: 0, needRead: true, doReceive: false
07-10 15:53:00.026   620   652 I         : Finished read/write, write size = 8
07-10 15:53:00.026   620   652 I         : Our err: 0x0, write consumed: 8 (of 8), read consumed: 48
07-10 15:53:00.026   620   652 I         : Remaining data size: 0
07-10 15:53:00.026   620   652 I         : Received commands from driver: 
07-10 15:53:00.026   620   652 I         :   0x00000000: 0000720c 80287202 a30043e0 9a8f8a00 '.r...r(..C......'
07-10 15:53:00.026   620   652 I         :   0x00000010: 00000016 00000011 00000000 000003e8 '................'
07-10 15:53:00.026   620   652 I         :   0x00000020: 00000140 00000004 8b419070 8b4191b0 '@.......p.A...A.'
07-10 15:53:00.026   620   652 I         :   BR_NOOP
07-10 15:53:00.026   620   652 I         :   BR_TRANSACTION: target.ptr=2734703584 (cookie 2593098240)
07-10 15:53:00.026   620   652 I         :     code=0x00000016, flags=0x11
07-10 15:53:00.026   620   652 I         :     data=2336329840 (0x140 bytes)
07-10 15:53:00.026   620   652 I         :     offsets=2336330160 (0x4 bytes)
07-10 15:53:00.026   620   652 I         : Processing top-level Command: BR_NOOP
07-10 15:53:00.026   620   652 D threadpool: **** do THREAD 0x8b21e970 (PID 620) IS JOINING THE THREAD POOL
07-10 15:53:00.026   620   652 I         : Size of receive buffer: 0, needRead: false, doReceive: true
07-10 15:53:00.027   620   652 I         : Processing top-level Command: BR_TRANSACTION
07-10 15:53:00.027   620   652 I Parcel  : Parcel constructing 0x8b21e810:357 (pid=620) Entry
07-10 15:53:00.027   620   652 I Parcel  : freeDataNoInit 0x8b21e810:2540 (pid=620) mOwner is Null Entry
07-10 15:53:00.027   620   652 I Parcel  : setDataReference Setting data size of 0x8b21e810 to 320 (pid=620)
07-10 15:53:00.027   620   652 I Parcel  : Parcel constructing 0x8b21e7dc:357 (pid=620) Entry
07-10 15:53:00.027   620   652 I         : BR_TRANSACTION thr 0x8b21e970 / obj 2734703584 / code 0x00000016: Parcel(
07-10 15:53:00.027   620   652 I         :     0x00000000: 00600007 0000001e 006e0061 00720064 '..`.....a.n.d.r.'
07-10 15:53:00.027   620   652 I         :     0x00000010: 0069006f 002e0064 00700061 002e0070 'o.i.d...a.p.p...'
07-10 15:53:00.027   620   652 I         :     0x00000020: 00410049 00700070 0069006c 00610063 'I.A.p.p.l.i.c.a.'
07-10 15:53:00.027   620   652 I         :     0x00000030: 00690074 006e006f 00680054 00650072 't.i.o.n.T.h.r.e.'
07-10 15:53:00.027   620   652 I         :     0x00000040: 00640061 00000000 73622a85 00000100 'a.d......*bs....'
07-10 15:53:00.027   620   652 I         :     0x00000050: 9967f120 99654ee0 00000001 0000001f ' .g..Ne.........'
07-10 15:53:00.027   620   652 I         :     0x00000060: 006e0061 00720064 0069006f 002e0064 'a.n.d.r.o.i.d...'
07-10 15:53:00.027   620   652 I         :     0x00000070: 006e0069 00650074 0074006e 0061002e 'i.n.t.e.n.t...a.'
07-10 15:53:00.027   620   652 I         :     0x00000080: 00740063 006f0069 002e006e 00490054 'c.t.i.o.n...T.I.'
07-10 15:53:00.027   620   652 I         :     0x00000090: 0045004d 0054005f 00430049 0000004b 'M.E._.T.I.C.K...'
07-10 15:53:00.027   620   652 I         :     0x000000a0: 00000000 ffffffff 50200014 ffffffff '.......... P....'
07-10 15:53:00.027   620   652 I         :     0x000000b0: ffffffff 00000000 00000000 00000000 '................'
07-10 15:53:00.027   620   652 I         :     0x000000c0: 00000000 fffffffe 00000054 4c444e42 '........T...BNDL'
07-10 15:53:00.027   620   652 I         :     0x000000d0: 00000001 0
07-10 15:53:00.027   620   652 D ipc     : NOT sending reply to 0!
07-10 15:53:00.027   620   652 I         : BC_REPLY thr 0x8b21e970 / obj 2734703584: Parcel(NULL)
07-10 15:53:00.027   620   652 I Parcel  : ~Parcel 0x8b21e7dc:363 (pid=620) Entry
07-10 15:53:00.027   620   652 I Parcel  : freeDataNoInit 0x8b21e7dc:2540 (pid=620) mOwner is Null Entry
07-10 15:53:00.027   620   652 I Parcel  : ~Parcel 0x8b21e810:363 (pid=620) Entry
07-10 15:53:00.028   620   652 I Parcel  : freeDataNoInit 0x8b21e810:2535 (pid=620) mOwner isNot Null Entry
07-10 15:53:00.028   620   652 I         : Writing BC_FREE_BUFFER for 
07-10 15:53:00.028   620   652 D threadpool: **** do THREAD 0x8b21e970 (PID 620) IS JOINING THE THREAD POOL
07-10 15:53:00.028   620   652 I         : Sending commands to driver: 40046303 8b419070   '.c.@p.A.'
07-10 15:53:00.028   620   652 I         :   BC_FREE_BUFFER: buffer=0x8b419070
07-10 15:53:00.028   620   652 I         : Size of receive buffer: 256, needRead: true, doReceive: true
07-10 15:53:00.028   620   652 I         : About to read/write, write size = 8
07-10 15:53:00.028   620   620 I         : BC_TRANSACTION thr 0xa76cf4a4 / hand 1 / code 0x0000000a: Parcel(
07-10 15:53:00.028   620   620 I         :     0x00000000: 01600004 0000001c 006e0061 00720064 '..`.....a.n.d.r.'
07-10 15:53:00.028   620   620 I         :     0x00000010: 0069006f 002e0064 00700061 002e0070 'o.i.d...a.p.p...'
07-10 15:53:00.028   620   620 I         :     0x00000020: 00410049 00740063 00760069 00740069 'I.A.c.t.i.v.i.t.'
07-10 15:53:00.028   620   620 I         :     0x00000030: 004d0079 006e0061 00670061 00720065 'y.M.a.n.a.g.e.r.'
07-10 15:53:00.028   620   620 I         :     0x00000040: 00000000 73622a85 00000113 9967f120 '.....*bs.... .g.'
07-10 15:53:00.028   620   620 I         :     0x00000050: 99654ee0 00000000 ffffffff 00000000 '.Ne.............'
07-10 15:53:00.028   620   620 I         :     0x00000060: 00000000 50200014                   '...... P        '
07-10 15:53:00.028   620   620 I         :   Object #0 @ 0x44: 'sb*' = 2573725984)
07-10 15:53:00.028   620   620 D ipc     : >>>> SEND from pid 620 uid 10014 ONE WAY
07-10 15:53:00.029   620   620 I         : Sending commands to driver: 
07-10 15:53:00.029   620   620 I         :   0x00000000: 40286300 00000001 00000000 0000000a '.c(@............'
07-10 15:53:00.029   620   620 I         :   0x00000010: 00000011 00000000 00000000 00000068 '............h...'
07-10 15:53:00.029   620   620 I         :   0x00000020: 00000004 89352140 8825e8f0          '....@!5...%.    '
07-10 15:53:00.029   620   620 I         :   BC_TRANSACTION: target.desc=1 (cookie 0)
07-10 15:53:00.029   620   620 I         :     code=0x0000000a, flags=0x11
07-10 15:53:00.029   620   620 I         :     data=2301960512 (0x68 bytes)
07-10 15:53:00.029   620   620 I         :     offsets=2284185840 (0x4 bytes)
07-10 15:53:00.029   620   620 I         : Size of receive buffer: 256, needRead: true, doReceive: true
07-10 15:53:00.029   620   620 I         : About to read/write, write size = 44
07-10 15:53:00.029   620   620 I         : Finished read/write, write size = 44
07-10 15:53:00.029   620   620 I         : Our err: 0x0, write consumed: 44 (of 44), read consumed: 8
07-10 15:53:00.029   620   620 I         : Remaining data size: 0
07-10 15:53:00.029   620   620 I         : Received commands from driver: 0000720c 00007206   '.r...r..'
07-10 15:53:00.029   620   620 I         :   BR_NOOP
07-10 15:53:00.029   620   620 I         :   BR_TRANSACTION_COMPLETE
07-10 15:53:00.029   620   620 I         : Processing waitForResponse Command: BR_NOOP
07-10 15:53:00.029   620   620 I         : Size of receive buffer: 0, needRead: false, doReceive: true
07-10 15:53:00.029   620   620 I         : Processing waitForResponse Command: BR_TRANSACTION_COMPLETE
07-10 15:53:00.029   620   620 I Parcel  : freeData 0x88932ff0:2526 (pid=620) Entry
07-10 15:53:00.029   620   620 I Parcel  : freeDataNoInit 0x88932ff0:2540 (pid=620) mOwner is Null Entry
07-10 15:53:00.029   620   620 I Parcel  : Parcel constructing 0x88933098:357 (pid=620) Entry
07-10 15:53:00.030   620   620 I         : BC_TRANSACTION thr 0xa76cf4a4 / hand 3 / code 0x00000006: Parcel(
07-10 15:53:00.030   620   620 I         :     0x00000000: 01600004 00000019 006e0061 00720064 '..`.....a.n.d.r.'
07-10 15:53:00.030   620   620 I         :     0x00000010: 0069006f 002e0064 00700061 002e0070 'o.i.d...a.p.p...'
07-10 15:53:00.030   620   620 I         :     0x00000020: 00410049 0061006c 006d0072 0061004d 'I.A.l.a.r.m.M.a.'
07-10 15:53:00.030   620   620 I         :     0x00000030: 0061006e 00650067 00000072 fffffffe 'n.a.g.e.r.......')
07-10 15:53:00.030   620   620 D ipc     : >>>> SEND from pid 620 uid 10014 READ REPLY
07-10 15:53:00.030   411   642 I         : Finished read/write, write size = 8
07-10 15:53:00.030   411   642 I         : Our err: 0x0, write consumed: 8 (of 8), read consumed: 48
07-10 15:53:00.030   411   642 I         : Remaining data size: 0
07-10 15:53:00.030   411   642 I         : Received commands from driver: 
07-10 15:53:00.030   411   642 I         :   0x00000000: 0000720c 80287202 9991c610 9993b7e0 '.r...r(.........'
07-10 15:53:00.030   411   642 I         :   0x00000010: 0000000a 00000011 00000000 0000271e '.............'..'
07-10 15:53:00.030   411   642 I         :   0x00000020: 00000068 00000004 8f516028 8f516090 'h.......(`Q..`Q.'
07-10 15:53:00.030   411   642 I         :   BR_NOOP
07-10 15:53:00.030   411   642 I         :   BR_TRANSACTION: target.ptr=2576467472 (cookie 2576594912)
07-10 15:53:00.030   411   642 I         :     code=0x0000000a, flags=0x11
07-10 15:53:00.030   411   642 I         :     data=2404474920 (0x68 bytes)
07-10 15:53:00.030   411   642 I         :     offsets=2404475024 (0x4 bytes)
07-10 15:53:00.030   411   642 I         : Processing top-level Command: BR_NOOP
07-10 15:53:00.030   411   642 D threadpool: **** do THREAD 0x879cf970 (PID 411) IS JOINING THE THREAD POOL
07-10 15:53:00.030   411   642 I         : Size of receive buffer: 0, needRead: false, doReceive: true
07-10 15:53:00.031   411   642 I         : Processing top-level Command: BR_TRANSACTION
07-10 15:53:00.031   411   642 I Parcel  : Parcel constructing 0x879cf810:357 (pid=411) Entry
07-10 15:53:00.031   411   642 I Parcel  : freeDataNoInit 0x879cf810:2540 (pid=411) mOwner is Null Entry
07-10 15:53:00.031   411   642 I Parcel  : setDataReference Setting data size of 0x879cf810 to 104 (pid=411)
07-10 15:53:00.031   411   642 I Parcel  : Parcel constructing 0x879cf7dc:357 (pid=411) Entry
07-10 15:53:00.031   411   642 I         : BR_TRANSACTION thr 0x879cf970 / obj 2576467472 / code 0x0000000a: Parcel(
07-10 15:53:00.031   411   642 I         :     0x00000000: 01600004 0000001c 006e0061 00720064 '..`.....a.n.d.r.'
07-10 15:53:00.031   411   642 I         :     0x00000010: 0069006f 002e0064 00700061 002e0070 'o.i.d...a.p.p...'
07-10 15:53:00.031   411   642 I         :     0x00000020: 00410049 00740063 00760069 00740069 'I.A.c.t.i.v.i.t.'
07-10 15:53:00.031   411   642 I         :     0x00000030: 004d0079 006e0061 00670061 00720065 'y.M.a.n.a.g.e.r.'
07-10 15:53:00.031   411   642 I         :     0x00000040: 00000000 73682a85 00000113 0000002e '.....*hs........'
07-10 15:53:00.031   411   642 I         :     0x00000050: 00000000 00000000 ffffffff 00000000 '................'
07-10 15:53:00.031   411   642 I         :     0x00000060: 00000000 50200014                   '...... P        '
07-10 15:53:00.031   411   642 I         :   Object #0 @ 0x44: 'sh*' = 46)
07-10 15:53:00.031   411   642 I         : Data addr = , offsets addr=0x8f516090
07-10 15:53:00.035   411   642 I         : BC_TRANSACTION thr 0x879cf970 / hand 22 / code 0x00000016: Parcel(
07-10 15:53:00.035   411   642 I         :     0x00000000: 00400000 0000001e 006e0061 00720064 '..@.....a.n.d.r.'
07-10 15:53:00.035   411   642 I         :     0x00000010: 0069006f 002e0064 00700061 002e0070 'o.i.d...a.p.p...'
07-10 15:53:00.035   411   642 I         :     0x00000020: 00410049 00700070 0069006c 00610063 'I.A.p.p.l.i.c.a.'
07-10 15:53:00.035   411   642 I         :     0x00000030: 00690074 006e006f 00680054 00650072 't.i.o.n.T.h.r.e.'
07-10 15:53:00.035   411   642 I         :     0x00000040: 00640061 00000000 73682a85 00000100 'a.d......*hs....'
07-10 15:53:00.035   411   642 I         :     0x00000050: 0000007f 00000000 00000001 0000001f '................'
07-10 15:53:00.035   411   642 I         :     0x00000060: 006e0061 00720064 0069006f 002e0064 'a.n.d.r.o.i.d...'
07-10 15:53:00.035   411   642 I         :     0x00000070: 006e0069 00650074 0074006e 0061002e 'i.n.t.e.n.t...a.'
07-10 15:53:00.035   411   642 I         :     0x00000080: 00740063 006f0069 002e006e 00490054 'c.t.i.o.n...T.I.'
07-10 15:53:00.035   411   642 I         :     0x00000090: 0045004d 0054005f 00430049 0000004b 'M.E._.T.I.C.K...'
07-10 15:53:00.035   411   642 I         :     0x000000a0: 00000000 ffffffff 50200014 ffffffff '.......... P....'
07-10 15:53:00.035   411   642 I         :     0x000000b0: ffffffff 00000000 00000000 00000000 '................'
07-10 15:53:00.035   411   642 I         :     0x000000c0: 00000000 fffffffe 00000054 4c444e42 '........T...BNDL'
07-10 15:53:00.035   411   642 I         :     0x000000d0: 00000001 00000020
07-10 15:53:00.035   411   642 D ipc     : >>>> SEND from pid 411 uid 1000 ONE WAY
07-10 15:53:00.035   411   642 I         : Sending commands to driver: 
07-10 15:53:00.035   411   642 I         :   0x00000000: 40286300 00000016 00000000 00000016 '.c(@............'
07-10 15:53:00.035   411   642 I         :   0x00000010: 00000011 00000000 00000000 00000140 '............@...'
07-10 15:53:00.035   411   642 I         :   0x00000020: 00000004 a3674a80 89ae25d0          '.....Jg..%..    '
07-10 15:53:00.035   411   642 I         :   BC_TRANSACTION: target.desc=22 (cookie 0)
07-10 15:53:00.035   411   642 I         :     code=0x00000016, flags=0x11
07-10 15:53:00.035   411   642 I         :     data=2741455488 (0x140 bytes)
07-10 15:53:00.035   411   642 I         :     offsets=2309891536 (0x4 bytes)
07-10 15:53:00.035   411   642 I         : Size of receive buffer: 256, needRead: true, doReceive: true
07-10 15:53:00.035   411   642 I         : About to read/write, write size = 44
07-10 15:53:00.035   411   642 I         : Finished read/write, write size = 44
07-10 15:53:00.036   411   642 I         : Our err: 0x0, write consumed: 44 (of 44), read consumed: 8
07-10 15:53:00.036   411   642 I         : Remaining data size: 0
07-10 15:53:00.036   411   642 I         : Received commands from driver: 0000720c 00007206   '.r...r..'
07-10 15:53:00.036   411   642 I         :   BR_NOOP
07-10 15:53:00.036   411   642 I         :   BR_TRANSACTION_COMPLETE
07-10 15:53:00.036   411   642 I         : Processing waitForResponse Command: BR_NOOP
07-10 15:53:00.036   411   642 I         : Size of receive buffer: 0, needRead: false, doReceive: true
07-10 15:53:00.036   411   642 I         : Processing waitForResponse Command: BR_TRANSACTION_COMPLETE
07-10 15:53:00.036   411   642 I Parcel  : freeData 0xa361ed98:2526 (pid=411) Entry
07-10 15:53:00.036   411   642 I Parcel  : freeDataNoInit 0xa361ed98:2540 (pid=411) mOwner is Null Entry
07-10 15:53:00.037   620   620 I         : Sending commands to driver: 
07-10 15:53:00.037   620   620 I         :   0x00000000: 40286300 00000003 00000000 00000006 '.c(@............'
07-10 15:53:00.037   620   620 I         :   0x00000010: 00000010 00000000 00000000 00000040 '............@...'
07-10 15:53:00.037   620   620 I         :   0x00000020: 00000000 88727aa0 00000000          '.....zr.....    '
07-10 15:53:00.037   620   620 I         :   BC_TRANSACTION: target.desc=3 (cookie 0)
07-10 15:53:00.037   620   620 I         :     code=0x00000006, flags=0x10
07-10 15:53:00.037   620   620 I         :     data=2289203872 (0x40 bytes)
07-10 15:53:00.037   620   620 I         :     offsets=0 (0x0 bytes)
07-10 15:53:00.037   620   620 I         : Size of receive buffer: 256, needRead: true, doReceive: true
07-10 15:53:00.037   620   620 I         : About to read/write, write size = 44
07-10 15:53:00.037   411  1241 I         : Finished read/write, write size = 8
07-10 15:53:00.037   411  1241 I         : Our err: 0x0, write consumed: 8 (of 8), read consumed: 48
07-10 15:53:00.037   411  1241 I         : Remaining data size: 0
07-10 15:53:00.037   411  1241 I         : Received commands from driver: 
07-10 15:53:00.037   411  1241 I         :   0x00000000: 0000720c 80287202 9991cf20 9996b4a0 '.r...r(. .......'
07-10 15:53:00.037   411  1241 I         :   0x00000010: 00000006 00000010 0000026c 0000271e '........l....'..'
07-10 15:53:00.037   411  1241 I         :   0x00000020: 00000040 00000000 8f516094 8f5160d4 '@........`Q..`Q.'
07-10 15:53:00.037   411  1241 I         :   BR_NOOP
07-10 15:53:00.037   411  1241 I         :   BR_TRANSACTION: target.ptr=2576469792 (cookie 2576790688)
07-10 15:53:00.037   411  1241 I         :     code=0x00000006, flags=0x10
07-10 15:53:00.037   411  1241 I         :     data=2404475028 (0x40 bytes)
07-10 15:53:00.037   411  1241 I         :     offsets=2404475092 (0x0 bytes)
07-10 15:53:00.037   411  1241 I         : Processing top-level Command: BR_NOOP
07-10 15:53:00.037   411  1241 D threadpool: **** do THREAD 0x83002970 (PID 411) IS JOINING THE THREAD POOL
07-10 15:53:00.038   411  1241 I         : Size of receive buffer: 0, needRead: false, doReceive: true
07-10 15:53:00.038   411  1241 I         : Processing top-level Command: BR_TRANSACTION
07-10 15:53:00.038   411  1241 I Parcel  : Parcel constructing 0x83002810:357 (pid=411) Entry
07-10 15:53:00.038   411  1241 I Parcel  : freeDataNoInit 0x83002810:2540 (pid=411) mOwner is Null Entry
07-10 15:53:00.038   411  1241 I Parcel  : setDataReference Setting data size of 0x83002810 to 64 (pid=411)
07-10 15:53:00.038   411  1241 I Parcel  : Parcel constructing 0x830027dc:357 (pid=411) Entry
07-10 15:53:00.038   411  1241 I         : BR_TRANSACTION thr 0x83002970 / obj 2576469792 / code 0x00000006: Parcel(
07-10 15:53:00.038   411  1241 I         :     0x00000000: 01600004 00000019 006e0061 00720064 '..`.....a.n.d.r.'
07-10 15:53:00.038   411  1241 I         :     0x00000010: 0069006f 002e0064 00700061 002e0070 'o.i.d...a.p.p...'
07-10 15:53:00.038   411  1241 I         :     0x00000020: 00410049 0061006c 006d0072 0061004d 'I.A.l.a.r.m.M.a.'
07-10 15:53:00.038   411  1241 I         :     0x00000030: 0061006e 00650067 00000072 fffffffe 'n.a.g.e.r.......')
07-10 15:53:00.038   411  1241 I         : Data addr = , offsets addr=0x8f5160d4
07-10 15:53:00.038   411  1241 I         : BC_TRANSACTION thr 0x83002970 / hand 0 / code 0x00000001: Parcel(
07-10 15:53:00.038   411  1241 I         :     0x00000000: 01600004 0000001a 006e0061 00720064 '..`.....a.n.d.r.'
07-10 15:53:00.038   411  1241 I         :     0x00000010: 0069006f 002e0064 0073006f 0049002e 'o.i.d...o.s...I.'
07-10 15:53:00.038   411  1241 I         :     0x00000020: 00650053 00760072 00630069 004d0065 'S.e.r.v.i.c.e.M.'
07-10 15:53:00.038   411  1241 I         :     0x00000030: 006e0061 00670061 00720065 00000000 'a.n.a.g.e.r.....'
07-10 15:53:00.038   411  1241 I         :     0x00000040: 0000000b 00650070 006d0072 00650072 '....p.e.r.m.r.e.'
07-10 15:53:00.038   411  1241 I         :     0x00000050: 006f0063 00640072 00000073          'c.o.r.d.s...    ')
07-10 15:53:00.038   411  1241 D ipc     : >>>> SEND from pid 411 uid 1000 READ REPLY
07-10 15:53:00.039   411  1241 I         : Sending commands to driver: 
07-10 15:53:00.039   411  1241 I         :   0x00000000: 40286300 00000000 00000000 00000001 '.c(@............'
07-10 15:53:00.039   411  1241 I         :   0x00000010: 00000010 00000000 00000000 0000005c '............\...'
07-10 15:53:00.039   411  1241 I         :   0x00000020: 00000000 a3622100 00000000          '.....!b.....    '
07-10 15:53:00.039   411  1241 I         :   BC_TRANSACTION: target.desc=0 (cookie 0)
07-10 15:53:00.039   411  1241 I         :     code=0x00000001, flags=0x10
07-10 15:53:00.039   411  1241 I         :     data=2741117184 (0x5c bytes)
07-10 15:53:00.039   411  1241 I         :     offsets=0 (0x0 bytes)
07-10 15:53:00.039   411  1241 I         : Size of receive buffer: 256, needRead: true, doReceive: true
07-10 15:53:00.039   411  1241 I         : About to read/write, write size = 44
07-10 15:53:00.039   411  1241 I         : Finished read/write, write size = 44
07-10 15:53:00.039   411  1241 I         : Our err: 0x0, write consumed: 44 (of 44), read consumed: 8
07-10 15:53:00.039   411  1241 I         : Remaining data size: 0
07-10 15:53:00.039   411  1241 I         : Received commands from driver: 0000720c 00007206   '.r...r..'
07-10 15:53:00.039   411  1241 I         :   BR_NOOP
07-10 15:53:00.039   411  1241 I         :   BR_TRANSACTION_COMPLETE
07-10 15:53:00.039   411  1241 I         : Processing waitForResponse Command: BR_NOOP
07-10 15:53:00.039   411  1241 I         : Size of receive buffer: 0, needRead: false, doReceive: true
07-10 15:53:00.039   411  1241 I         : Processing waitForResponse Command: BR_TRANSACTION_COMPLETE
07-10 15:53:00.039   411  1241 I         : Size of receive buffer: 256, needRead: true, doReceive: true
07-10 15:53:00.039   411  1241 I         : About to read/write, write size = 0
