07-10 15:52:36.327   269   269 I Parcel  : Parcel constructing 0xbecb1e54:357 (pid=269) Entry
07-10 15:52:36.328   269   269 I         : BC_TRANSACTION thr 0xb13fe4a4 / hand 1 / code 0x00000001: Parcel(
07-10 15:52:36.328   269   269 I         :     0x00000000: 00400000 00000025 006e0061 00720064 '..@.%...a.n.d.r.'
07-10 15:52:36.328   269   269 I         :     0x00000010: 0069006f 002e0064 0073006f 0049002e 'o.i.d...o.s...I.'
07-10 15:52:36.328   269   269 I         :     0x00000020: 00610042 00740074 00720065 00500079 'B.a.t.t.e.r.y.P.'
07-10 15:52:36.328   269   269 I         :     0x00000030: 006f0072 00650070 00740072 00650069 'r.o.p.e.r.t.i.e.'
07-10 15:52:36.328   269   269 I         :     0x00000040: 004c0073 00730069 00650074 0065006e 's.L.i.s.t.e.n.e.'
07-10 15:52:36.328   269   269 I         :     0x00000050: 00000072 00000001 00000001 00000000 'r...............'
07-10 15:52:36.328   269   269 I         :     0x00000060: 00000000 00000000 00000000 00000005 '................'
07-10 15:52:36.328   269   269 I         :     0x00000070: 00000002 00000001 00000064 00001063 '........d...c...'
07-10 15:52:36.328   269   269 I         :     0x00000080: 000000fa 00000000 001cfde0 00000006 '................'
07-10 15:52:36.328   269   269 I         :     0x00000090: 0069004c 0069002d 006e006f 00000000 'L.i.-.i.o.n.....')
07-10 15:52:36.328   269   269 D ipc     : >>>> SEND from pid 269 uid 0 ONE WAY
07-10 15:52:36.328   269   269 I         : Sending commands to driver: 
07-10 15:52:36.328   269   269 I         :   0x00000000: 40286300 00000001 00000000 00000001 '.c(@............'
07-10 15:52:36.328   269   269 I         :   0x00000010: 00000011 00000000 00000000 000000a0 '................'
07-10 15:52:36.328   269   269 I         :   0x00000020: 00000000 b0ab70c0 00000000          '.....p......    '
07-10 15:52:36.328   269   269 I         :   BC_TRANSACTION: target.desc=1 (cookie 0)
07-10 15:52:36.328   269   269 I         :     code=0x00000001, flags=0x11
07-10 15:52:36.328   269   269 I         :     data=2964025536 (0xa0 bytes)
07-10 15:52:36.328   269   269 I         :     offsets=0 (0x0 bytes)
07-10 15:52:36.328   269   269 I         : Size of receive buffer: 256, needRead: true, doReceive: true
07-10 15:52:36.328   269   269 I         : About to read/write, write size = 44
07-10 15:52:36.329   269   269 I         : Finished read/write, write size = 44
07-10 15:52:36.329   269   269 I         : Our err: 0x0, write consumed: 44 (of 44), read consumed: 8
07-10 15:52:36.329   269   269 I         : Remaining data size: 0
07-10 15:52:36.329   269   269 I         : Received commands from driver: 0000720c 00007206   '.r...r..'
07-10 15:52:36.329   269   269 I         :   BR_NOOP
07-10 15:52:36.329   269   269 I         :   BR_TRANSACTION_COMPLETE
07-10 15:52:36.329   269   269 I         : Processing waitForResponse Command: BR_NOOP
07-10 15:52:36.329   269   269 I         : Size of receive buffer: 0, needRead: false, doReceive: true
07-10 15:52:36.329   269   269 I         : Processing waitForResponse Command: BR_TRANSACTION_COMPLETE
07-10 15:52:36.329   269   269 I Parcel  : ~Parcel 0xbecb1e54:363 (pid=269) Entry
07-10 15:52:36.329   269   269 I Parcel  : freeDataNoInit 0xbecb1e54:2540 (pid=269) mOwner is Null Entry
07-10 15:52:36.329   269   269 I Parcel  : ~Parcel 0xbecb1e88:363 (pid=269) Entry
07-10 15:52:36.329   269   269 I Parcel  : freeDataNoInit 0xbecb1e88:2540 (pid=269) mOwner is Null Entry
07-10 15:52:36.329   269   269 I Parcel  : Parcel constructing 0xbecb1e88:357 (pid=269) Entry
07-10 15:52:36.329   269   269 I Parcel  : Parcel constructing 0xbecb1e54:357 (pid=269) Entry
07-10 15:52:36.330   269   269 I         : BC_TRANSACTION thr 0xb13fe4a4 / hand 2 / code 0x00000001: Parcel(
07-10 15:52:36.330   269   269 I         :     0x00000000: 00400000 00000025 006e0061 00720064 '..@.%...a.n.d.r.'
07-10 15:52:36.330   269   269 I         :     0x00000010: 0069006f 002e0064 0073006f 0049002e 'o.i.d...o.s...I.'
07-10 15:52:36.330   269   269 I         :     0x00000020: 00610042 00740074 00720065 00500079 'B.a.t.t.e.r.y.P.'
07-10 15:52:36.330   269   269 I         :     0x00000030: 006f0072 00650070 00740072 00650069 'r.o.p.e.r.t.i.e.'
07-10 15:52:36.330   269   269 I         :     0x00000040: 004c0073 00730069 00650074 0065006e 's.L.i.s.t.e.n.e.'
07-10 15:52:36.330   269   269 I         :     0x00000050: 00000072 00000001 00000001 00000000 'r...............'
07-10 15:52:36.330   269   269 I         :     0x00000060: 00000000 00000000 00000000 00000005 '................'
07-10 15:52:36.330   269   269 I         :     0x00000070: 00000002 00000001 00000064 00001063 '........d...c...'
07-10 15:52:36.330   269   269 I         :     0x00000080: 000000fa 00000000 001cfde0 00000006 '................'
07-10 15:52:36.330   269   269 I         :     0x00000090: 0069004c 0069002d 006e006f 00000000 'L.i.-.i.o.n.....')
07-10 15:52:36.331   411   642 I         : Finished read/write, write size = 8
07-10 15:52:36.331   411   642 I         : Our err: 0x0, write consumed: 8 (of 8), read consumed: 48
07-10 15:52:36.331   411   642 I         : Remaining data size: 0
07-10 15:52:36.331   411   642 I         : Received commands from driver: 
07-10 15:52:36.331   411   642 I         :   0x00000000: 0000720c 80287202 9991c960 9993ba80 '.r...r(.`.......'
07-10 15:52:36.331   411   642 I         :   0x00000010: 00000001 00000011 00000000 00000000 '................'
07-10 15:52:36.331   411   642 I         :   0x00000020: 000000a0 00000000 8f516028 8f5160c8 '........(`Q..`Q.'
07-10 15:52:36.331   411   642 I         :   BR_NOOP
07-10 15:52:36.331   411   642 I         :   BR_TRANSACTION: target.ptr=2576468320 (cookie 2576595584)
07-10 15:52:36.331   411   642 I         :     code=0x00000001, flags=0x11
07-10 15:52:36.331   411   642 I         :     data=2404474920 (0xa0 bytes)
07-10 15:52:36.331   411   642 I         :     offsets=2404475080 (0x0 bytes)
07-10 15:52:36.332   411   642 I         : Processing top-level Command: BR_NOOP
07-10 15:52:36.332   411   642 D threadpool: **** do THREAD 0x879cf970 (PID 411) IS JOINING THE THREAD POOL
07-10 15:52:36.332   411   642 I         : Size of receive buffer: 0, needRead: false, doReceive: true
07-10 15:52:36.332   411   642 I         : Processing top-level Command: BR_TRANSACTION
07-10 15:52:36.332   411   642 I Parcel  : Parcel constructing 0x879cf810:357 (pid=411) Entry
07-10 15:52:36.332   411   642 I Parcel  : freeDataNoInit 0x879cf810:2540 (pid=411) mOwner is Null Entry
07-10 15:52:36.332   411   642 I Parcel  : setDataReference Setting data size of 0x879cf810 to 160 (pid=411)
07-10 15:52:36.332   411   642 I Parcel  : Parcel constructing 0x879cf7dc:357 (pid=411) Entry
07-10 15:52:36.332   411   642 I         : BR_TRANSACTION thr 0x879cf970 / obj 2576468320 / code 0x00000001: Parcel(
07-10 15:52:36.332   411   642 I         :     0x00000000: 00400000 00000025 006e0061 00720064 '..@.%...a.n.d.r.'
07-10 15:52:36.332   411   642 I         :     0x00000010: 0069006f 002e0064 0073006f 0049002e 'o.i.d...o.s...I.'
07-10 15:52:36.332   411   642 I         :     0x00000020: 00610042 00740074 00720065 00500079 'B.a.t.t.e.r.y.P.'
07-10 15:52:36.332   411   642 I         :     0x00000030: 006f0072 00650070 00740072 00650069 'r.o.p.e.r.t.i.e.'
07-10 15:52:36.332   411   642 I         :     0x00000040: 004c0073 00730069 00650074 0065006e 's.L.i.s.t.e.n.e.'
07-10 15:52:36.332   411   642 I         :     0x00000050: 00000072 00000001 00000001 00000000 'r...............'
07-10 15:52:36.332   411   642 I         :     0x00000060: 00000000 00000000 00000000 00000005 '................'
07-10 15:52:36.332   411   642 I         :     0x00000070: 00000002 00000001 00000064 00001063 '........d...c...'
07-10 15:52:36.332   411   642 I         :     0x00000080: 000000fa 00000000 001cfde0 00000006 '................'
07-10 15:52:36.332   411   642 I         :     0x00000090: 0069004c 0069002d 006e006f 00000000 'L.i.-.i.o.n.....')
07-10 15:52:36.332   411   642 I         : Data addr = , offsets addr=0x8f5160c8
07-10 15:52:36.333   411   642 D ipc     : NOT sending reply to 0!
07-10 15:52:36.333   411   642 I         : BC_REPLY thr 0x879cf970 / obj 2576468320: Parcel(NULL)
07-10 15:52:36.333   411   642 I Parcel  : ~Parcel 0x879cf7dc:363 (pid=411) Entry
07-10 15:52:36.333   411   642 I Parcel  : freeDataNoInit 0x879cf7dc:2540 (pid=411) mOwner is Null Entry
07-10 15:52:36.333   411   642 I Parcel  : ~Parcel 0x879cf810:363 (pid=411) Entry
07-10 15:52:36.333   411   642 I Parcel  : freeDataNoInit 0x879cf810:2535 (pid=411) mOwner isNot Null Entry
07-10 15:52:36.333   411   642 I         : Writing BC_FREE_BUFFER for 
07-10 15:52:36.333   411   642 D threadpool: **** do THREAD 0x879cf970 (PID 411) IS JOINING THE THREAD POOL
07-10 15:52:36.334   411   642 I         : Sending commands to driver: 40046303 8f516028   '.c.@(`Q.'
07-10 15:52:36.334   411   642 I         :   BC_FREE_BUFFER: buffer=0x8f516028
07-10 15:52:36.334   411   642 I         : Size of receive buffer: 256, needRead: true, doReceive: true
07-10 15:52:36.334   411   642 I         : About to read/write, write size = 8
07-10 15:52:36.342   269   269 D ipc     : >>>> SEND from pid 269 uid 0 ONE WAY
07-10 15:52:36.343   269   269 I         : Sending commands to driver: 
07-10 15:52:36.343   269   269 I         :   0x00000000: 40286300 00000002 00000000 00000001 '.c(@............'
07-10 15:52:36.343   269   269 I         :   0x00000010: 00000011 00000000 00000000 000000a0 '................'
07-10 15:52:36.343   269   269 I         :   0x00000020: 00000000 b0ab70c0 00000000          '.....p......    '
07-10 15:52:36.343   269   269 I         :   BC_TRANSACTION: target.desc=2 (cookie 0)
07-10 15:52:36.343   269   269 I         :     code=0x00000001, flags=0x11
07-10 15:52:36.343   269   269 I         :     data=2964025536 (0xa0 bytes)
07-10 15:52:36.343   269   269 I         :     offsets=0 (0x0 bytes)
07-10 15:52:36.343   269   269 I         : Size of receive buffer: 256, needRead: true, doReceive: true
07-10 15:52:36.344   269   269 I         : About to read/write, write size = 44
07-10 15:52:36.346   338   427 I         : Finished read/write, write size = 8
07-10 15:52:36.346   338   427 I         : Our err: 0x0, write consumed: 8 (of 8), read consumed: 48
07-10 15:52:36.346   338   427 I         : Remaining data size: 0
07-10 15:52:36.346   338   427 I         : Received commands from driver: 
07-10 15:52:36.346   338   427 I         :   0x00000000: 0000720c 80287202 a9a1f180 a9a38004 '.r...r(.........'
07-10 15:52:36.346   338   427 I         :   0x00000010: 00000001 00000011 00000000 00000000 '................'
07-10 15:52:36.346   338   427 I         :   0x00000020: 000000a0 00000000 a97f5500 a97f55a0 '.........U...U..'
07-10 15:52:36.346   338   427 I         :   BR_NOOP
07-10 15:52:36.346   338   427 I         :   BR_TRANSACTION: target.ptr=2845962624 (cookie 2846064644)
07-10 15:52:36.346   338   427 I         :     code=0x00000001, flags=0x11
07-10 15:52:36.346   338   427 I         :     data=2843694336 (0xa0 bytes)
07-10 15:52:36.346   338   427 I         :     offsets=2843694496 (0x0 bytes)
07-10 15:52:36.346   338   427 I         : Processing top-level Command: BR_NOOP
07-10 15:52:36.346   338   427 D threadpool: **** do THREAD 0xa97f4970 (PID 338) IS JOINING THE THREAD POOL
07-10 15:52:36.346   338   427 I         : Size of receive buffer: 0, needRead: false, doReceive: true
07-10 15:52:36.346   338   427 I         : Processing top-level Command: BR_TRANSACTION
07-10 15:52:36.346   338   427 I Parcel  : Parcel constructing 0xa97f4838:357 (pid=338) Entry
07-10 15:52:36.346   338   427 I Parcel  : freeDataNoInit 0xa97f4838:2540 (pid=338) mOwner is Null Entry
07-10 15:52:36.347   338   427 I Parcel  : setDataReference Setting data size of 0xa97f4838 to 160 (pid=338)
07-10 15:52:36.347   338   427 I Parcel  : Parcel constructing 0xa97f4804:357 (pid=338) Entry
07-10 15:52:36.347   338   427 I         : BR_TRANSACTION thr 0xa97f4970 / obj 2845962624 / code 0x00000001: Parcel(
07-10 15:52:36.347   338   427 I         :     0x00000000: 00400000 00000025 006e0061 00720064 '..@.%...a.n.d.r.'
07-10 15:52:36.347   338   427 I         :     0x00000010: 0069006f 002e0064 0073006f 0049002e 'o.i.d...o.s...I.'
07-10 15:52:36.347   338   427 I         :     0x00000020: 00610042 00740074 00720065 00500079 'B.a.t.t.e.r.y.P.'
07-10 15:52:36.347   338   427 I         :     0x00000030: 006f0072 00650070 00740072 00650069 'r.o.p.e.r.t.i.e.'
07-10 15:52:36.347   338   427 I         :     0x00000040: 004c0073 00730069 00650074 0065006e 's.L.i.s.t.e.n.e.'
07-10 15:52:36.347   338   427 I         :     0x00000050: 00000072 00000001 00000001 00000000 'r...............'
07-10 15:52:36.347   338   427 I         :     0x00000060: 00000000 00000000 00000000 00000005 '................'
07-10 15:52:36.347   338   427 I         :     0x00000070: 00000002 00000001 00000064 00001063 '........d...c...'
07-10 15:52:36.347   338   427 I         :     0x00000080: 000000fa 00000000 001cfde0 00000006 '................'
07-10 15:52:36.347   338   427 I         :     0x00000090: 0069004c 0069002d 006e006f 00000000 'L.i.-.i.o.n.....')
07-10 15:52:36.347   338   427 I         : Data addr = , offsets addr=0xa97f55a0
07-10 15:52:36.347   338   427 D ipc     : NOT sending reply to 0!
07-10 15:52:36.347   338   427 I         : BC_REPLY thr 0xa97f4970 / obj 2845962624: Parcel(NULL)
07-10 15:52:36.347   338   427 I Parcel  : ~Parcel 0xa97f4804:363 (pid=338) Entry
07-10 15:52:36.347   338   427 I Parcel  : freeDataNoInit 0xa97f4804:2540 (pid=338) mOwner is Null Entry
07-10 15:52:36.347   338   427 I Parcel  : ~Parcel 0xa97f4838:363 (pid=338) Entry
07-10 15:52:36.347   338   427 I Parcel  : freeDataNoInit 0xa97f4838:2535 (pid=338) mOwner isNot Null Entry
07-10 15:52:36.347   338   427 I         : Writing BC_FREE_BUFFER for 
07-10 15:52:36.347   338   427 D threadpool: **** do THREAD 0xa97f4970 (PID 338) IS JOINING THE THREAD POOL
07-10 15:52:36.347   338   427 I         : Sending commands to driver: 40046303 a97f5500   '.c.@.U..'
07-10 15:52:36.347   338   427 I         :   BC_FREE_BUFFER: buffer=0xa97f5500
07-10 15:52:36.347   338   427 I         : Size of receive buffer: 256, needRead: true, doReceive: true
07-10 15:52:36.347   338   427 I         : About to read/write, write size = 8
07-10 15:52:36.349   269   269 I         : Finished read/write, write size = 44
07-10 15:52:36.350   269   269 I         : Our err: 0x0, write consumed: 44 (of 44), read consumed: 8
07-10 15:52:36.351   269   269 I         : Remaining data size: 0
07-10 15:52:36.351   269   269 I         : Received commands from driver: 0000720c 00007206   '.r...r..'
07-10 15:52:36.351   269   269 I         :   BR_NOOP
07-10 15:52:36.351   269   269 I         :   BR_TRANSACTION_COMPLETE
07-10 15:52:36.352   269   269 I         : Processing waitForResponse Command: BR_NOOP
07-10 15:52:36.355   269   269 I         : Size of receive buffer: 0, needRead: false, doReceive: true
07-10 15:52:36.356   269   269 I         : Processing waitForResponse Command: BR_TRANSACTION_COMPLETE
07-10 15:52:36.357   269   269 I Parcel  : ~Parcel 0xbecb1e54:363 (pid=269) Entry
07-10 15:52:36.358   269   269 I Parcel  : freeDataNoInit 0xbecb1e54:2540 (pid=269) mOwner is Null Entry
07-10 15:52:36.359   269   269 I Parcel  : ~Parcel 0xbecb1e88:363 (pid=269) Entry
07-10 15:52:36.360   269   269 I Parcel  : freeDataNoInit 0xbecb1e88:2540 (pid=269) mOwner is Null Entry
07-10 15:52:36.362   269   269 I         : Size of receive buffer: 0, needRead: true, doReceive: false
07-10 15:52:36.522   269   269 I         : Size of receive buffer: 0, needRead: true, doReceive: false
07-10 15:52:36.859  1717  1717 D SharedBufferClient: queue_read num = -1 
07-10 15:52:36.859  1717  1717 D SharedBufferClient: 
07-10 15:52:37.611   267   288 I vendor.mediatek.hardware.power@1.1-impl: querySysInfo cmd:6, param:0
07-10 15:52:37.611   267   287 I powerd  : [powerd_req] POWER_MSG_QUERY_INFO: cmd:6, param:0
07-10 15:52:37.611   267   287 I libPerfService: perfUserGetCapability - cmd:6, id:0, value:1136
07-10 15:52:37.860  1717  1717 D SharedBufferClient: queue_read num = -1 
07-10 15:52:37.860  1717  1717 D SharedBufferClient: 
07-10 15:52:38.524   269   269 I         : Size of receive buffer: 0, needRead: true, doReceive: false
07-10 15:52:38.860  1717  1717 D SharedBufferClient: queue_read num = -1 
07-10 15:52:38.860  1717  1717 D SharedBufferClient: 
07-10 15:52:39.612   267   288 I vendor.mediatek.hardware.power@1.1-impl: querySysInfo cmd:6, param:0
07-10 15:52:39.613   267   287 I powerd  : [powerd_req] POWER_MSG_QUERY_INFO: cmd:6, param:0
07-10 15:52:39.614   267   287 I libPerfService: perfUserGetCapability - cmd:6, id:0, value:1136
07-10 15:52:39.860  1717  1717 D SharedBufferClient: queue_read num = -1 
07-10 15:52:39.860  1717  1717 D SharedBufferClient: 
07-10 15:52:40.860  1717  1717 D SharedBufferClient: queue_read num = -1 
07-10 15:52:40.860  1717  1717 D SharedBufferClient: 
07-10 15:52:41.616   267   288 I vendor.mediatek.hardware.power@1.1-impl: querySysInfo cmd:6, param:0
07-10 15:52:41.616   267   287 I powerd  : [powerd_req] POWER_MSG_QUERY_INFO: cmd:6, param:0
07-10 15:52:41.616   267   287 I libPerfService: perfUserGetCapability - cmd:6, id:0, value:1136
07-10 15:52:41.861  1717  1717 D SharedBufferClient: queue_read num = -1 
07-10 15:52:41.861  1717  1717 D SharedBufferClient: 
07-10 15:52:42.861  1717  1717 D SharedBufferClient: queue_read num = -1 
07-10 15:52:42.861  1717  1717 D SharedBufferClient: 
07-10 15:52:43.619   267   288 I vendor.mediatek.hardware.power@1.1-impl: querySysInfo cmd:6, param:0
07-10 15:52:43.619   267   287 I powerd  : [powerd_req] POWER_MSG_QUERY_INFO: cmd:6, param:0
07-10 15:52:43.619   267   287 I libPerfService: perfUserGetCapability - cmd:6, id:0, value:1136
07-10 15:52:43.861  1717  1717 D SharedBufferClient: queue_read num = -1 
07-10 15:52:43.861  1717  1717 D SharedBufferClient: 
07-10 15:52:44.861  1717  1717 D SharedBufferClient: queue_read num = -1 
07-10 15:52:44.861  1717  1717 D SharedBufferClient: 
07-10 15:52:45.622   267   288 I vendor.mediatek.hardware.power@1.1-impl: querySysInfo cmd:6, param:0
07-10 15:52:45.623   267   287 I powerd  : [powerd_req] POWER_MSG_QUERY_INFO: cmd:6, param:0
07-10 15:52:45.623   267   287 I libPerfService: perfUserGetCapability - cmd:6, id:0, value:1136
07-10 15:52:45.862  1717  1717 D SharedBufferClient: queue_read num = -1 
07-10 15:52:45.862  1717  1717 D SharedBufferClient: 
07-10 15:52:46.326   269   269 I Parcel  : Parcel constructing 0xbecb1e88:357 (pid=269) Entry
07-10 15:52:46.326   269   269 I Parcel  : Parcel constructing 0xbecb1e54:357 (pid=269) Entry
07-10 15:52:46.327   269   269 I         : BC_TRANSACTION thr 0xb13fe4a4 / hand 1 / code 0x00000001: Parcel(
07-10 15:52:46.327   269   269 I         :     0x00000000: 00400000 00000025 006e0061 00720064 '..@.%...a.n.d.r.'
07-10 15:52:46.327   269   269 I         :     0x00000010: 0069006f 002e0064 0073006f 0049002e 'o.i.d...o.s...I.'
07-10 15:52:46.327   269   269 I         :     0x00000020: 00610042 00740074 00720065 00500079 'B.a.t.t.e.r.y.P.'
07-10 15:52:46.327   269   269 I         :     0x00000030: 006f0072 00650070 00740072 00650069 'r.o.p.e.r.t.i.e.'
07-10 15:52:46.327   269   269 I         :     0x00000040: 004c0073 00730069 00650074 0065006e 's.L.i.s.t.e.n.e.'
07-10 15:52:46.327   269   269 I         :     0x00000050: 00000072 00000001 00000001 00000000 'r...............'
07-10 15:52:46.327   269   269 I         :     0x00000060: 00000000 00000000 00000000 00000005 '................'
07-10 15:52:46.327   269   269 I         :     0x00000070: 00000002 00000001 00000064 00001063 '........d...c...'
07-10 15:52:46.327   269   269 I         :     0x00000080: 000000fa 00000000 001cfde0 00000006 '................'
07-10 15:52:46.327   269   269 I         :     0x00000090: 0069004c 0069002d 006e006f 00000000 'L.i.-.i.o.n.....')
07-10 15:52:46.327   269   269 D ipc     : >>>> SEND from pid 269 uid 0 ONE WAY
07-10 15:52:46.327   269   269 I         : Sending commands to driver: 
07-10 15:52:46.327   269   269 I         :   0x00000000: 40286300 00000001 00000000 00000001 '.c(@............'
07-10 15:52:46.327   269   269 I         :   0x00000010: 00000011 00000000 00000000 000000a0 '................'
07-10 15:52:46.327   269   269 I         :   0x00000020: 00000000 b0ab70c0 00000000          '.....p......    '
07-10 15:52:46.327   269   269 I         :   BC_TRANSACTION: target.desc=1 (cookie 0)
07-10 15:52:46.327   269   269 I         :     code=0x00000001, flags=0x11
07-10 15:52:46.327   269   269 I         :     data=2964025536 (0xa0 bytes)
07-10 15:52:46.327   269   269 I         :     offsets=0 (0x0 bytes)
07-10 15:52:46.327   269   269 I         : Size of receive buffer: 256, needRead: true, doReceive: true
07-10 15:52:46.327   269   269 I         : About to read/write, write size = 44
07-10 15:52:46.327   269   269 I         : Finished read/write, write size = 44
07-10 15:52:46.327   269   269 I         : Our err: 0x0, write consumed: 44 (of 44), read consumed: 8
07-10 15:52:46.328   269   269 I         : Remaining data size: 0
07-10 15:52:46.328   269   269 I         : Received commands from driver: 0000720c 00007206   '.r...r..'
07-10 15:52:46.328   269   269 I         :   BR_NOOP
07-10 15:52:46.328   269   269 I         :   BR_TRANSACTION_COMPLETE
07-10 15:52:46.328   269   269 I         : Processing waitForResponse Command: BR_NOOP
07-10 15:52:46.328   269   269 I         : Size of receive buffer: 0, needRead: false, doReceive: true
07-10 15:52:46.328   269   269 I         : Processing waitForResponse Command: BR_TRANSACTION_COMPLETE
07-10 15:52:46.328   269   269 I Parcel  : ~Parcel 0xbecb1e54:363 (pid=269) Entry
07-10 15:52:46.328   269   269 I Parcel  : freeDataNoInit 0xbecb1e54:2540 (pid=269) mOwner is Null Entry
07-10 15:52:46.328   269   269 I Parcel  : ~Parcel 0xbecb1e88:363 (pid=269) Entry
07-10 15:52:46.328   269   269 I Parcel  : freeDataNoInit 0xbecb1e88:2540 (pid=269) mOwner is Null Entry
07-10 15:52:46.328   269   269 I Parcel  : Parcel constructing 0xbecb1e88:357 (pid=269) Entry
07-10 15:52:46.328   269   269 I Parcel  : Parcel constructing 0xbecb1e54:357 (pid=269) Entry
07-10 15:52:46.329   269   269 I         : BC_TRANSACTION thr 0xb13fe4a4 / hand 2 / code 0x00000001: Parcel(
07-10 15:52:46.329   269   269 I         :     0x00000000: 00400000 00000025 006e0061 00720064 '..@.%...a.n.d.r.'
07-10 15:52:46.329   269   269 I         :     0x00000010: 0069006f 002e0064 0073006f 0049002e 'o.i.d...o.s...I.'
07-10 15:52:46.329   269   269 I         :     0x00000020: 00610042 00740074 00720065 00500079 'B.a.t.t.e.r.y.P.'
07-10 15:52:46.329   269   269 I         :     0x00000030: 006f0072 00650070 00740072 00650069 'r.o.p.e.r.t.i.e.'
07-10 15:52:46.329   269   269 I         :     0x00000040: 004c0073 00730069 00650074 0065006e 's.L.i.s.t.e.n.e.'
07-10 15:52:46.329   269   269 I         :     0x00000050: 00000072 00000001 00000001 00000000 'r...............'
07-10 15:52:46.329   269   269 I         :     0x00000060: 00000000 00000000 00000000 00000005 '................'
07-10 15:52:46.329   269   269 I         :     0x00000070: 00000002 00000001 00000064 00001063 '........d...c...'
07-10 15:52:46.329   269   269 I         :     0x00000080: 000000fa 00000000 001cfde0 00000006 '................'
07-10 15:52:46.329   269   269 I         :     0x00000090: 0069004c 0069002d 006e006f 00000000 'L.i.-.i.o.n.....')
07-10 15:52:46.329   269   269 D ipc     : >>>> SEND from pid 269 uid 0 ONE WAY
07-10 15:52:46.329   269   269 I         : Sending commands to driver: 
07-10 15:52:46.329   269   269 I         :   0x00000000: 40286300 00000002 00000000 00000001 '.c(@............'
07-10 15:52:46.329   269   269 I         :   0x00000010: 00000011 00000000 00000000 000000a0 '................'
07-10 15:52:46.329   269   269 I         :   0x00000020: 00000000 b0ab70c0 00000000          '.....p......    '
07-10 15:52:46.329   269   269 I         :   BC_TRANSACTION: target.desc=2 (cookie 0)
07-10 15:52:46.329   269   269 I         :     code=0x00000001, flags=0x11
07-10 15:52:46.329   269   269 I         :     data=2964025536 (0xa0 bytes)
07-10 15:52:46.329   269   269 I         :     offsets=0 (0x0 bytes)
07-10 15:52:46.329   269   269 I         : Size of receive buffer: 256, needRead: true, doReceive: true
07-10 15:52:46.329   269   269 I         : About to read/write, write size = 44
07-10 15:52:46.329   269   269 I         : Finished read/write, write size = 44
07-10 15:52:46.329   269   269 I         : Our err: 0x0, write consumed: 44 (of 44), read consumed: 8
07-10 15:52:46.330   269   269 I         : Remaining data size: 0
07-10 15:52:46.330   269   269 I         : Received commands from driver: 0000720c 00007206   '.r...r..'
07-10 15:52:46.330   269   269 I         :   BR_NOOP
07-10 15:52:46.330   269   269 I         :   BR_TRANSACTION_COMPLETE
07-10 15:52:46.330   269   269 I         : Processing waitForResponse Command: BR_NOOP
07-10 15:52:46.332   411   642 I         : Finished read/write, write size = 8
07-10 15:52:46.332   411   642 I         : Our err: 0x0, write consumed: 8 (of 8), read consumed: 48
07-10 15:52:46.332   411   642 I         : Remaining data size: 0
07-10 15:52:46.332   411   642 I         : Received commands from driver: 
07-10 15:52:46.332   411   642 I         :   0x00000000: 0000720c 80287202 9991c960 9993ba80 '.r...r(.`.......'
07-10 15:52:46.332   411   642 I         :   0x00000010: 00000001 00000011 00000000 00000000 '................'
07-10 15:52:46.332   411   642 I         :   0x00000020: 000000a0 00000000 8f516028 8f5160c8 '........(`Q..`Q.'
07-10 15:52:46.332   411   642 I         :   BR_NOOP
07-10 15:52:46.332   411   642 I         :   BR_TRANSACTION: target.ptr=2576468320 (cookie 2576595584)
07-10 15:52:46.332   411   642 I         :     code=0x00000001, flags=0x11
07-10 15:52:46.332   411   642 I         :     data=2404474920 (0xa0 bytes)
07-10 15:52:46.332   411   642 I         :     offsets=2404475080 (0x0 bytes)
07-10 15:52:46.332   411   642 I         : Processing top-level Command: BR_NOOP
07-10 15:52:46.332   411   642 D threadpool: **** do THREAD 0x879cf970 (PID 411) IS JOINING THE THREAD POOL
07-10 15:52:46.332   411   642 I         : Size of receive buffer: 0, needRead: false, doReceive: true
07-10 15:52:46.332   411   642 I         : Processing top-level Command: BR_TRANSACTION
07-10 15:52:46.333   411   642 I Parcel  : Parcel constructing 0x879cf810:357 (pid=411) Entry
07-10 15:52:46.333   411   642 I Parcel  : freeDataNoInit 0x879cf810:2540 (pid=411) mOwner is Null Entry
07-10 15:52:46.333   411   642 I Parcel  : setDataReference Setting data size of 0x879cf810 to 160 (pid=411)
07-10 15:52:46.333   411   642 I Parcel  : Parcel constructing 0x879cf7dc:357 (pid=411) Entry
07-10 15:52:46.333   411   642 I         : BR_TRANSACTION thr 0x879cf970 / obj 2576468320 / code 0x00000001: Parcel(
07-10 15:52:46.333   411   642 I         :     0x00000000: 00400000 00000025 006e0061 00720064 '..@.%...a.n.d.r.'
07-10 15:52:46.333   411   642 I         :     0x00000010: 0069006f 002e0064 0073006f 0049002e 'o.i.d...o.s...I.'
07-10 15:52:46.333   411   642 I         :     0x00000020: 00610042 00740074 00720065 00500079 'B.a.t.t.e.r.y.P.'
07-10 15:52:46.333   411   642 I         :     0x00000030: 006f0072 00650070 00740072 00650069 'r.o.p.e.r.t.i.e.'
07-10 15:52:46.333   411   642 I         :     0x00000040: 004c0073 00730069 00650074 0065006e 's.L.i.s.t.e.n.e.'
07-10 15:52:46.333   411   642 I         :     0x00000050: 00000072 00000001 00000001 00000000 'r...............'
07-10 15:52:46.333   411   642 I         :     0x00000060: 00000000 00000000 00000000 00000005 '................'
07-10 15:52:46.333   411   642 I         :     0x00000070: 00000002 00000001 00000064 00001063 '........d...c...'
07-10 15:52:46.333   411   642 I         :     0x00000080: 000000fa 00000000 001cfde0 00000006 '................'
07-10 15:52:46.333   411   642 I         :     0x00000090: 0069004c 0069002d 006e006f 00000000 'L.i.-.i.o.n.....')
07-10 15:52:46.333   411   642 I         : Data addr = , offsets addr=0x8f5160c8
07-10 15:52:46.333   411   642 D ipc     : NOT sending reply to 0!
07-10 15:52:46.334   411   642 I         : BC_REPLY thr 0x879cf970 / obj 2576468320: Parcel(NULL)
07-10 15:52:46.334   411   642 I Parcel  : ~Parcel 0x879cf7dc:363 (pid=411) Entry
07-10 15:52:46.334   411   642 I Parcel  : freeDataNoInit 0x879cf7dc:2540 (pid=411) mOwner is Null Entry
07-10 15:52:46.334   411   642 I Parcel  : ~Parcel 0x879cf810:363 (pid=411) Entry
07-10 15:52:46.334   411   642 I Parcel  : freeDataNoInit 0x879cf810:2535 (pid=411) mOwner isNot Null Entry
07-10 15:52:46.334   411   642 I         : Writing BC_FREE_BUFFER for 
07-10 15:52:46.334   411   642 D threadpool: **** do THREAD 0x879cf970 (PID 411) IS JOINING THE THREAD POOL
07-10 15:52:46.334   411   642 I         : Sending commands to driver: 40046303 8f516028   '.c.@(`Q.'
07-10 15:52:46.334   411   642 I         :   BC_FREE_BUFFER: buffer=0x8f516028
07-10 15:52:46.334   411   642 I         : Size of receive buffer: 256, needRead: true, doReceive: true
07-10 15:52:46.334   411   642 I         : About to read/write, write size = 8
07-10 15:52:46.334   338   427 I         : Finished read/write, write size = 8
07-10 15:52:46.335   338   427 I         : Our err: 0x0, write consumed: 8 (of 8), read consumed: 48
07-10 15:52:46.335   338   427 I         : Remaining data size: 0
07-10 15:52:46.335   338   427 I         : Received commands from driver: 
07-10 15:52:46.335   338   427 I         :   0x00000000: 0000720c 80287202 a9a1f180 a9a38004 '.r...r(.........'
07-10 15:52:46.335   338   427 I         :   0x00000010: 00000001 00000011 00000000 00000000 '................'
07-10 15:52:46.335   338   427 I         :   0x00000020: 000000a0 00000000 a97f5500 a97f55a0 '.........U...U..'
07-10 15:52:46.335   338   427 I         :   BR_NOOP
07-10 15:52:46.335   338   427 I         :   BR_TRANSACTION: target.ptr=2845962624 (cookie 2846064644)
07-10 15:52:46.335   338   427 I         :     code=0x00000001, flags=0x11
07-10 15:52:46.335   338   427 I         :     data=2843694336 (0xa0 bytes)
07-10 15:52:46.335   338   427 I         :     offsets=2843694496 (0x0 bytes)
07-10 15:52:46.335   338   427 I         : Processing top-level Command: BR_NOOP
07-10 15:52:46.335   338   427 D threadpool: **** do THREAD 0xa97f4970 (PID 338) IS JOINING THE THREAD POOL
07-10 15:52:46.335   338   427 I         : Size of receive buffer: 0, needRead: false, doReceive: true
07-10 15:52:46.335   338   427 I         : Processing top-level Command: BR_TRANSACTION
07-10 15:52:46.335   338   427 I Parcel  : Parcel constructing 0xa97f4838:357 (pid=338) Entry
07-10 15:52:46.335   338   427 I Parcel  : freeDataNoInit 0xa97f4838:2540 (pid=338) mOwner is Null Entry
07-10 15:52:46.336   338   427 I Parcel  : setDataReference Setting data size of 0xa97f4838 to 160 (pid=338)
07-10 15:52:46.336   338   427 I Parcel  : Parcel constructing 0xa97f4804:357 (pid=338) Entry
07-10 15:52:46.336   338   427 I         : BR_TRANSACTION thr 0xa97f4970 / obj 2845962624 / code 0x00000001: Parcel(
07-10 15:52:46.336   338   427 I         :     0x00000000: 00400000 00000025 006e0061 00720064 '..@.%...a.n.d.r.'
07-10 15:52:46.336   338   427 I         :     0x00000010: 0069006f 002e0064 0073006f 0049002e 'o.i.d...o.s...I.'
07-10 15:52:46.336   338   427 I         :     0x00000020: 00610042 00740074 00720065 00500079 'B.a.t.t.e.r.y.P.'
07-10 15:52:46.336   338   427 I         :     0x00000030: 006f0072 00650070 00740072 00650069 'r.o.p.e.r.t.i.e.'
07-10 15:52:46.336   338   427 I         :     0x00000040: 004c0073 00730069 00650074 0065006e 's.L.i.s.t.e.n.e.'
07-10 15:52:46.336   338   427 I         :     0x00000050: 00000072 00000001 00000001 00000000 'r...............'
07-10 15:52:46.336   338   427 I         :     0x00000060: 00000000 00000000 00000000 00000005 '................'
07-10 15:52:46.336   338   427 I         :     0x00000070: 00000002 00000001 00000064 00001063 '........d...c...'
07-10 15:52:46.336   338   427 I         :     0x00000080: 000000fa 00000000 001cfde0 00000006 '................'
07-10 15:52:46.336   338   427 I         :     0x00000090: 0069004c 0069002d 006e006f 00000000 'L.i.-.i.o.n.....')
07-10 15:52:46.336   338   427 I         : Data addr = , offsets addr=0xa97f55a0
07-10 15:52:46.336   338   427 D ipc     : NOT sending reply to 0!
07-10 15:52:46.336   338   427 I         : BC_REPLY thr 0xa97f4970 / obj 2845962624: Parcel(NULL)
07-10 15:52:46.336   338   427 I Parcel  : ~Parcel 0xa97f4804:363 (pid=338) Entry
07-10 15:52:46.336   338   427 I Parcel  : freeDataNoInit 0xa97f4804:2540 (pid=338) mOwner is Null Entry
07-10 15:52:46.336   338   427 I Parcel  : ~Parcel 0xa97f4838:363 (pid=338) Entry
07-10 15:52:46.337   338   427 I Parcel  : freeDataNoInit 0xa97f4838:2535 (pid=338) mOwner isNot Null Entry
07-10 15:52:46.337   338   427 I         : Writing BC_FREE_BUFFER for 
07-10 15:52:46.337   338   427 D threadpool: **** do THREAD 0xa97f4970 (PID 338) IS JOINING THE THREAD POOL
07-10 15:52:46.337   338   427 I         : Sending commands to driver: 40046303 a97f5500   '.c.@.U..'
07-10 15:52:46.337   338   427 I         :   BC_FREE_BUFFER: buffer=0xa97f5500
07-10 15:52:46.337   338   427 I         : Size of receive buffer: 256, needRead: true, doReceive: true
07-10 15:52:46.337   338   427 I         : About to read/write, write size = 8
07-10 15:52:46.343   269   269 I         : Size of receive buffer: 0, needRead: false, doReceive: true
07-10 15:52:46.344   269   269 I         : Processing waitForResponse Command: BR_TRANSACTION_COMPLETE
07-10 15:52:46.345   269   269 I Parcel  : ~Parcel 0xbecb1e54:363 (pid=269) Entry
07-10 15:52:46.348   269   269 I Parcel  : freeDataNoInit 0xbecb1e54:2540 (pid=269) mOwner is Null Entry
07-10 15:52:46.349   269   269 I Parcel  : ~Parcel 0xbecb1e88:363 (pid=269) Entry
07-10 15:52:46.349   269   269 I Parcel  : freeDataNoInit 0xbecb1e88:2540 (pid=269) mOwner is Null Entry
07-10 15:52:46.350   269   269 I         : Size of receive buffer: 0, needRead: true, doReceive: false
07-10 15:52:46.862  1717  1717 D SharedBufferClient: queue_read num = -1 
07-10 15:52:46.862  1717  1717 D SharedBufferClient: 
07-10 15:52:47.625   267   288 I vendor.mediatek.hardware.power@1.1-impl: querySysInfo cmd:6, param:0
07-10 15:52:47.626   267   287 I powerd  : [powerd_req] POWER_MSG_QUERY_INFO: cmd:6, param:0
07-10 15:52:47.626   267   287 I libPerfService: perfUserGetCapability - cmd:6, id:0, value:1136
07-10 15:52:47.862  1717  1717 D SharedBufferClient: queue_read num = -1 
07-10 15:52:47.862  1717  1717 D SharedBufferClient: 
07-10 15:52:48.182   269   269 I Parcel  : Parcel constructing 0xbecb2688:357 (pid=269) Entry
07-10 15:52:48.183   269   269 I Parcel  : Parcel constructing 0xbecb2654:357 (pid=269) Entry
07-10 15:52:48.185   269   269 I         : BC_TRANSACTION thr 0xb13fe4a4 / hand 1 / code 0x00000001: Parcel(
07-10 15:52:48.185   269   269 I         :     0x00000000: 00400000 00000025 006e0061 00720064 '..@.%...a.n.d.r.'
07-10 15:52:48.185   269   269 I         :     0x00000010: 0069006f 002e0064 0073006f 0049002e 'o.i.d...o.s...I.'
07-10 15:52:48.185   269   269 I         :     0x00000020: 00610042 00740074 00720065 00500079 'B.a.t.t.e.r.y.P.'
07-10 15:52:48.185   269   269 I         :     0x00000030: 006f0072 00650070 00740072 00650069 'r.o.p.e.r.t.i.e.'
07-10 15:52:48.185   269   269 I         :     0x00000040: 004c0073 00730069 00650074 0065006e 's.L.i.s.t.e.n.e.'
07-10 15:52:48.185   269   269 I         :     0x00000050: 00000072 00000001 00000001 00000000 'r...............'
07-10 15:52:48.185   269   269 I         :     0x00000060: 00000000 00000000 00000000 00000005 '................'
07-10 15:52:48.185   269   269 I         :     0x00000070: 00000002 00000001 00000064 00001063 '........d...c...'
07-10 15:52:48.185   269   269 I         :     0x00000080: 000000fa 00000000 001cfde0 00000006 '................'
07-10 15:52:48.185   269   269 I         :     0x00000090: 0069004c 0069002d 006e006f 00000000 'L.i.-.i.o.n.....')
07-10 15:52:48.185   269   269 D ipc     : >>>> SEND from pid 269 uid 0 ONE WAY
07-10 15:52:48.187   269   269 I         : Sending commands to driver: 
07-10 15:52:48.187   269   269 I         :   0x00000000: 40286300 00000001 00000000 00000001 '.c(@............'
07-10 15:52:48.187   269   269 I         :   0x00000010: 00000011 00000000 00000000 000000a0 '................'
07-10 15:52:48.187   269   269 I         :   0x00000020: 00000000 b0ab70c0 00000000          '.....p......    '
07-10 15:52:48.187   269   269 I         :   BC_TRANSACTION: target.desc=1 (cookie 0)
07-10 15:52:48.187   269   269 I         :     code=0x00000001, flags=0x11
07-10 15:52:48.187   269   269 I         :     data=2964025536 (0xa0 bytes)
07-10 15:52:48.187   269   269 I         :     offsets=0 (0x0 bytes)
07-10 15:52:48.187   269   269 I         : Size of receive buffer: 256, needRead: true, doReceive: true
07-10 15:52:48.188   269   269 I         : About to read/write, write size = 44
07-10 15:52:48.190   411   642 I         : Finished read/write, write size = 8
07-10 15:52:48.191   411   642 I         : Our err: 0x0, write consumed: 8 (of 8), read consumed: 48
07-10 15:52:48.191   411   642 I         : Remaining data size: 0
07-10 15:52:48.191   411   642 I         : Received commands from driver: 
07-10 15:52:48.191   411   642 I         :   0x00000000: 0000720c 80287202 9991c960 9993ba80 '.r...r(.`.......'
07-10 15:52:48.191   411   642 I         :   0x00000010: 00000001 00000011 00000000 00000000 '................'
07-10 15:52:48.191   411   642 I         :   0x00000020: 000000a0 00000000 8f516028 8f5160c8 '........(`Q..`Q.'
07-10 15:52:48.191   411   642 I         :   BR_NOOP
07-10 15:52:48.191   411   642 I         :   BR_TRANSACTION: target.ptr=2576468320 (cookie 2576595584)
07-10 15:52:48.191   411   642 I         :     code=0x00000001, flags=0x11
07-10 15:52:48.191   411   642 I         :     data=2404474920 (0xa0 bytes)
07-10 15:52:48.191   411   642 I         :     offsets=2404475080 (0x0 bytes)
07-10 15:52:48.192   411   642 I         : Processing top-level Command: BR_NOOP
07-10 15:52:48.192   411   642 D threadpool: **** do THREAD 0x879cf970 (PID 411) IS JOINING THE THREAD POOL
07-10 15:52:48.192   411   642 I         : Size of receive buffer: 0, needRead: false, doReceive: true
07-10 15:52:48.192   411   642 I         : Processing top-level Command: BR_TRANSACTION
07-10 15:52:48.193   411   642 I Parcel  : Parcel constructing 0x879cf810:357 (pid=411) Entry
07-10 15:52:48.193   411   642 I Parcel  : freeDataNoInit 0x879cf810:2540 (pid=411) mOwner is Null Entry
07-10 15:52:48.193   411   642 I Parcel  : setDataReference Setting data size of 0x879cf810 to 160 (pid=411)
07-10 15:52:48.193   411   642 I Parcel  : Parcel constructing 0x879cf7dc:357 (pid=411) Entry
07-10 15:52:48.194   411   642 I         : BR_TRANSACTION thr 0x879cf970 / obj 2576468320 / code 0x00000001: Parcel(
07-10 15:52:48.194   411   642 I         :     0x00000000: 00400000 00000025 006e0061 00720064 '..@.%...a.n.d.r.'
07-10 15:52:48.194   411   642 I         :     0x00000010: 0069006f 002e0064 0073006f 0049002e 'o.i.d...o.s...I.'
07-10 15:52:48.194   411   642 I         :     0x00000020: 00610042 00740074 00720065 00500079 'B.a.t.t.e.r.y.P.'
07-10 15:52:48.194   411   642 I         :     0x00000030: 006f0072 00650070 00740072 00650069 'r.o.p.e.r.t.i.e.'
07-10 15:52:48.194   411   642 I         :     0x00000040: 004c0073 00730069 00650074 0065006e 's.L.i.s.t.e.n.e.'
07-10 15:52:48.194   411   642 I         :     0x00000050: 00000072 00000001 00000001 00000000 'r...............'
07-10 15:52:48.194   411   642 I         :     0x00000060: 00000000 00000000 00000000 00000005 '................'
07-10 15:52:48.194   411   642 I         :     0x00000070: 00000002 00000001 00000064 00001063 '........d...c...'
07-10 15:52:48.194   411   642 I         :     0x00000080: 000000fa 00000000 001cfde0 00000006 '................'
07-10 15:52:48.194   411   642 I         :     0x00000090: 0069004c 0069002d 006e006f 00000000 'L.i.-.i.o.n.....')
07-10 15:52:48.194   411   642 I         : Data addr = , offsets addr=0x8f5160c8
07-10 15:52:48.201   411   642 D ipc     : NOT sending reply to 0!
07-10 15:52:48.202   411   642 I         : BC_REPLY thr 0x879cf970 / obj 2576468320: Parcel(NULL)
07-10 15:52:48.202   269   269 I         : Finished read/write, write size = 44
07-10 15:52:48.203   411   642 I Parcel  : ~Parcel 0x879cf7dc:363 (pid=411) Entry
07-10 15:52:48.203   269   269 I         : Our err: 0x0, write consumed: 44 (of 44), read consumed: 8
07-10 15:52:48.204   411   642 I Parcel  : freeDataNoInit 0x879cf7dc:2540 (pid=411) mOwner is Null Entry
07-10 15:52:48.204   411   642 I Parcel  : ~Parcel 0x879cf810:363 (pid=411) Entry
07-10 15:52:48.205   269   269 I         : Remaining data size: 0
07-10 15:52:48.205   269   269 I         : Received commands from driver: 0000720c 00007206   '.r...r..'
07-10 15:52:48.205   269   269 I         :   BR_NOOP
07-10 15:52:48.205   269   269 I         :   BR_TRANSACTION_COMPLETE
07-10 15:52:48.205   411   642 I Parcel  : freeDataNoInit 0x879cf810:2535 (pid=411) mOwner isNot Null Entry
07-10 15:52:48.206   411   642 I         : Writing BC_FREE_BUFFER for 
07-10 15:52:48.206   269   269 I         : Processing waitForResponse Command: BR_NOOP
07-10 15:52:48.207   411   642 D threadpool: **** do THREAD 0x879cf970 (PID 411) IS JOINING THE THREAD POOL
07-10 15:52:48.208   269   269 I         : Size of receive buffer: 0, needRead: false, doReceive: true
07-10 15:52:48.208   411   642 I         : Sending commands to driver: 40046303 8f516028   '.c.@(`Q.'
07-10 15:52:48.208   411   642 I         :   BC_FREE_BUFFER: buffer=0x8f516028
07-10 15:52:48.208   411   642 I         : Size of receive buffer: 256, needRead: true, doReceive: true
07-10 15:52:48.209   269   269 I         : Processing waitForResponse Command: BR_TRANSACTION_COMPLETE
07-10 15:52:48.209   269   269 I Parcel  : ~Parcel 0xbecb2654:363 (pid=269) Entry
07-10 15:52:48.210   411   642 I         : About to read/write, write size = 8
07-10 15:52:48.211   269   269 I Parcel  : freeDataNoInit 0xbecb2654:2540 (pid=269) mOwner is Null Entry
07-10 15:52:48.212   269   269 I Parcel  : ~Parcel 0xbecb2688:363 (pid=269) Entry
07-10 15:52:48.213   269   269 I Parcel  : freeDataNoInit 0xbecb2688:2540 (pid=269) mOwner is Null Entry
07-10 15:52:48.214   269   269 I Parcel  : Parcel constructing 0xbecb2688:357 (pid=269) Entry
07-10 15:52:48.214   269   269 I Parcel  : Parcel constructing 0xbecb2654:357 (pid=269) Entry
07-10 15:52:48.216   269   269 I         : BC_TRANSACTION thr 0xb13fe4a4 / hand 2 / code 0x00000001: Parcel(
07-10 15:52:48.216   269   269 I         :     0x00000000: 00400000 00000025 006e0061 00720064 '..@.%...a.n.d.r.'
07-10 15:52:48.216   269   269 I         :     0x00000010: 0069006f 002e0064 0073006f 0049002e 'o.i.d...o.s...I.'
07-10 15:52:48.216   269   269 I         :     0x00000020: 00610042 00740074 00720065 00500079 'B.a.t.t.e.r.y.P.'
07-10 15:52:48.216   269   269 I         :     0x00000030: 006f0072 00650070 00740072 00650069 'r.o.p.e.r.t.i.e.'
07-10 15:52:48.216   269   269 I         :     0x00000040: 004c0073 00730069 00650074 0065006e 's.L.i.s.t.e.n.e.'
07-10 15:52:48.216   269   269 I         :     0x00000050: 00000072 00000001 00000001 00000000 'r...............'
07-10 15:52:48.216   269   269 I         :     0x00000060: 00000000 00000000 00000000 00000005 '................'
07-10 15:52:48.216   269   269 I         :     0x00000070: 00000002 00000001 00000064 00001063 '........d...c...'
07-10 15:52:48.216   269   269 I         :     0x00000080: 000000fa 00000000 001cfde0 00000006 '................'
07-10 15:52:48.216   269   269 I         :     0x00000090: 0069004c 0069002d 006e006f 00000000 'L.i.-.i.o.n.....')
07-10 15:52:48.218   269   269 D ipc     : >>>> SEND from pid 269 uid 0 ONE WAY
07-10 15:52:48.220   269   269 I         : Sending commands to driver: 
07-10 15:52:48.220   269   269 I         :   0x00000000: 40286300 00000002 00000000 00000001 '.c(@............'
07-10 15:52:48.220   269   269 I         :   0x00000010: 00000011 00000000 00000000 000000a0 '................'
07-10 15:52:48.220   269   269 I         :   0x00000020: 00000000 b0ab70c0 00000000          '.....p......    '
07-10 15:52:48.220   269   269 I         :   BC_TRANSACTION: target.desc=2 (cookie 0)
07-10 15:52:48.220   269   269 I         :     code=0x00000001, flags=0x11
07-10 15:52:48.220   269   269 I         :     data=2964025536 (0xa0 bytes)
07-10 15:52:48.220   269   269 I         :     offsets=0 (0x0 bytes)
07-10 15:52:48.220   269   269 I         : Size of receive buffer: 256, needRead: true, doReceive: true
07-10 15:52:48.221   269   269 I         : About to read/write, write size = 44
07-10 15:52:48.222   338   427 I         : Finished read/write, write size = 8
07-10 15:52:48.222   338   427 I         : Our err: 0x0, write consumed: 8 (of 8), read consumed: 48
07-10 15:52:48.223   338   427 I         : Remaining data size: 0
07-10 15:52:48.223   338   427 I         : Received commands from driver: 
07-10 15:52:48.223   338   427 I         :   0x00000000: 0000720c 80287202 a9a1f180 a9a38004 '.r...r(.........'
07-10 15:52:48.223   338   427 I         :   0x00000010: 00000001 00000011 00000000 00000000 '................'
07-10 15:52:48.223   338   427 I         :   0x00000020: 000000a0 00000000 a97f5500 a97f55a0 '.........U...U..'
07-10 15:52:48.223   338   427 I         :   BR_NOOP
07-10 15:52:48.223   338   427 I         :   BR_TRANSACTION: target.ptr=2845962624 (cookie 2846064644)
07-10 15:52:48.223   338   427 I         :     code=0x00000001, flags=0x11
07-10 15:52:48.223   338   427 I         :     data=2843694336 (0xa0 bytes)
07-10 15:52:48.223   338   427 I         :     offsets=2843694496 (0x0 bytes)
07-10 15:52:48.223   338   427 I         : Processing top-level Command: BR_NOOP
07-10 15:52:48.223   338   427 D threadpool: **** do THREAD 0xa97f4970 (PID 338) IS JOINING THE THREAD POOL
07-10 15:52:48.223   338   427 I         : Size of receive buffer: 0, needRead: false, doReceive: true
07-10 15:52:48.223   338   427 I         : Processing top-level Command: BR_TRANSACTION
07-10 15:52:48.223   338   427 I Parcel  : Parcel constructing 0xa97f4838:357 (pid=338) Entry
07-10 15:52:48.223   338   427 I Parcel  : freeDataNoInit 0xa97f4838:2540 (pid=338) mOwner is Null Entry
07-10 15:52:48.223   338   427 I Parcel  : setDataReference Setting data size of 0xa97f4838 to 160 (pid=338)
07-10 15:52:48.223   338   427 I Parcel  : Parcel constructing 0xa97f4804:357 (pid=338) Entry
07-10 15:52:48.223   338   427 I         : BR_TRANSACTION thr 0xa97f4970 / obj 2845962624 / code 0x00000001: Parcel(
07-10 15:52:48.223   338   427 I         :     0x00000000: 00400000 00000025 006e0061 00720064 '..@.%...a.n.d.r.'
07-10 15:52:48.223   338   427 I         :     0x00000010: 0069006f 002e0064 0073006f 0049002e 'o.i.d...o.s...I.'
07-10 15:52:48.223   338   427 I         :     0x00000020: 00610042 00740074 00720065 00500079 'B.a.t.t.e.r.y.P.'
07-10 15:52:48.223   338   427 I         :     0x00000030: 006f0072 00650070 00740072 00650069 'r.o.p.e.r.t.i.e.'
07-10 15:52:48.223   338   427 I         :     0x00000040: 004c0073 00730069 00650074 0065006e 's.L.i.s.t.e.n.e.'
07-10 15:52:48.223   338   427 I         :     0x00000050: 00000072 00000001 00000001 00000000 'r...............'
07-10 15:52:48.223   338   427 I         :     0x00000060: 00000000 00000000 00000000 00000005 '................'
07-10 15:52:48.223   338   427 I         :     0x00000070: 00000002 00000001 00000064 00001063 '........d...c...'
07-10 15:52:48.223   338   427 I         :     0x00000080: 000000fa 00000000 001cfde0 00000006 '................'
07-10 15:52:48.223   338   427 I         :     0x00000090: 0069004c 0069002d 006e006f 00000000 'L.i.-.i.o.n.....')
07-10 15:52:48.223   338   427 I         : Data addr = , offsets addr=0xa97f55a0
07-10 15:52:48.223   338   427 D ipc     : NOT sending reply to 0!
07-10 15:52:48.223   338   427 I         : BC_REPLY thr 0xa97f4970 / obj 2845962624: Parcel(NULL)
07-10 15:52:48.223   338   427 I Parcel  : ~Parcel 0xa97f4804:363 (pid=338) Entry
07-10 15:52:48.224   338   427 I Parcel  : freeDataNoInit 0xa97f4804:2540 (pid=338) mOwner is Null Entry
07-10 15:52:48.224   338   427 I Parcel  : ~Parcel 0xa97f4838:363 (pid=338) Entry
07-10 15:52:48.224   338   427 I Parcel  : freeDataNoInit 0xa97f4838:2535 (pid=338) mOwner isNot Null Entry
07-10 15:52:48.224   338   427 I         : Writing BC_FREE_BUFFER for 
07-10 15:52:48.224   338   427 D threadpool: **** do THREAD 0xa97f4970 (PID 338) IS JOINING THE THREAD POOL
07-10 15:52:48.224   338   427 I         : Sending commands to driver: 40046303 a97f5500   '.c.@.U..'
07-10 15:52:48.224   338   427 I         :   BC_FREE_BUFFER: buffer=0xa97f5500
07-10 15:52:48.224   338   427 I         : Size of receive buffer: 256, needRead: true, doReceive: true
07-10 15:52:48.224   338   427 I         : About to read/write, write size = 8
07-10 15:52:48.225   269   269 I         : Finished read/write, write size = 44
07-10 15:52:48.227   269   269 I         : Our err: 0x0, write consumed: 44 (of 44), read consumed: 8
07-10 15:52:48.228   269   269 I         : Remaining data size: 0
07-10 15:52:48.228   269   269 I         : Received commands from driver: 0000720c 00007206   '.r...r..'
07-10 15:52:48.228   269   269 I         :   BR_NOOP
07-10 15:52:48.228   269   269 I         :   BR_TRANSACTION_COMPLETE
07-10 15:52:48.229   269   269 I         : Processing waitForResponse Command: BR_NOOP
07-10 15:52:48.230   269   269 I         : Size of receive buffer: 0, needRead: false, doReceive: true
