07-07 21:58:00.149   711   711 I         : Size of receive buffer: 256, needRead: true, doReceive: true
07-07 21:58:00.149   498   676 I Parcel  : freeDataNoInit 0x8b550810:2535 (pid=498) mOwner isNot Null Entry
07-07 21:58:00.149   711   711 I         : About to read/write, write size = 44
07-07 21:58:00.149   498   676 I         : Writing BC_FREE_BUFFER for 
07-07 21:58:00.150   711   711 I         : Finished read/write, write size = 44
07-07 21:58:00.149   498   676 D threadpool: **** do THREAD 0x8b550970 (PID 498) IS JOINING THE THREAD POOL
07-07 21:58:00.150   711   711 I         : Our err: 0x0, write consumed: 44 (of 44), read consumed: 8
07-07 21:58:00.150   711   711 I         : Remaining data size: 0
07-07 21:58:00.150   711   711 I         : Received commands from driver: 0000720c 00007206   '.r...r..'
07-07 21:58:00.150   711   711 I         :   BR_NOOP
07-07 21:58:00.150   711   711 I         :   BR_TRANSACTION_COMPLETE
07-07 21:58:00.150   498   676 I         : Sending commands to driver: 40046303 9224f05c   '.c.@\.$.'
07-07 21:58:00.150   498   676 I         :   BC_FREE_BUFFER: buffer=0x9224f05c
07-07 21:58:00.150   498   676 I         : Size of receive buffer: 256, needRead: true, doReceive: true
07-07 21:58:00.150   711   711 I         : Processing waitForResponse Command: BR_NOOP
07-07 21:58:00.150   711   711 I         : Size of receive buffer: 0, needRead: false, doReceive: true
07-07 21:58:00.150   498   676 I         : About to read/write, write size = 8
07-07 21:58:00.150   711   711 I         : Processing waitForResponse Command: BR_TRANSACTION_COMPLETE
07-07 21:58:00.150   711   711 I         : Size of receive buffer: 256, needRead: true, doReceive: true
07-07 21:58:00.150   498  1441 I         : Finished read/write, write size = 8
07-07 21:58:00.150   711   711 I         : About to read/write, write size = 0
07-07 21:58:00.150   498  1441 I         : Our err: 0x0, write consumed: 8 (of 8), read consumed: 48
07-07 21:58:00.150   711  1072 I         : About to read/write, write size = 8
07-07 21:58:00.150   498  1441 I         : Remaining data size: 0
07-07 21:58:00.150   498  1441 I         : Received commands from driver: 
07-07 21:58:00.150   498  1441 I         :   0x00000000: 0000720c 80287202 8db15200 9c6c5780 '.r...r(..R...Wl.'
07-07 21:58:00.150   498  1441 I         :   0x00000010: 0000008a 00000010 000002c7 0000271e '.............'..'
07-07 21:58:00.150   498  1441 I         :   0x00000020: 00000044 00000000 9224f00c 9224f050 'D.........$.P.$.'
07-07 21:58:00.150   498  1441 I         :   BR_NOOP
07-07 21:58:00.150   498  1441 I         :   BR_TRANSACTION: target.ptr=2377208320 (cookie 2624345984)
07-07 21:58:00.150   498  1441 I         :     code=0x0000008a, flags=0x10
07-07 21:58:00.150   498  1441 I         :     data=2451894284 (0x44 bytes)
07-07 21:58:00.150   498  1441 I         :     offsets=2451894352 (0x0 bytes)
07-07 21:58:00.150   498  1441 I         : Processing top-level Command: BR_NOOP
07-07 21:58:00.150   711  1103 I         : BC_TRANSACTION thr 0x8b37a970 / hand 1 / code 0x0000000a: Parcel(
07-07 21:58:00.150   711  1103 I         :     0x00000000: 00400000 0000001c 006e0061 00720064 '..@.....a.n.d.r.'
07-07 21:58:00.150   711  1103 I         :     0x00000010: 0069006f 002e0064 00700061 002e0070 'o.i.d...a.p.p...'
07-07 21:58:00.150   711  1103 I         :     0x00000020: 00410049 00740063 00760069 00740069 'I.A.c.t.i.v.i.t.'
07-07 21:58:00.150   711  1103 I         :     0x00000030: 004d0079 006e0061 00670061 00720065 'y.M.a.n.a.g.e.r.'
07-07 21:58:00.150   711  1103 I         :     0x00000040: 00000000 73622a85 00000113 8bf4fab0 '.....*bs........'
07-07 21:58:00.150   711  1103 I         :     0x00000050: 8b567360 00000000 ffffffff 00000000 '`sV.............'
07-07 21:58:00.150   711  1103 I         :     0x00000060: 00000000 50200014                   '...... P        '
07-07 21:58:00.150   711  1103 I         :   Object #0 @ 0x44: 'sb*' = 2348087984)
07-07 21:58:00.150   498  1441 D threadpool: **** do THREAD 0x85b06970 (PID 498) IS JOINING THE THREAD POOL
07-07 21:58:00.150   711  1103 D ipc     : >>>> SEND from pid 711 uid 10014 ONE WAY
07-07 21:58:00.150   498  1441 I         : Size of receive buffer: 0, needRead: false, doReceive: true
07-07 21:58:00.150   498  1441 I         : Processing top-level Command: BR_TRANSACTION
07-07 21:58:00.150   498  1441 I Parcel  : Parcel constructing 0x85b06810:357 (pid=498) Entry
07-07 21:58:00.150   498  1441 I Parcel  : freeDataNoInit 0x85b06810:2540 (pid=498) mOwner is Null Entry
07-07 21:58:00.150   711  1103 I         : Sending commands to driver: 
07-07 21:58:00.150   711  1103 I         :   0x00000000: 40286300 00000001 00000000 0000000a '.c(@............'
07-07 21:58:00.150   711  1103 I         :   0x00000010: 00000011 00000000 00000000 00000068 '............h...'
07-07 21:58:00.150   711  1103 I         :   0x00000020: 00000004 8bf438c0 8bf4f700          '.....8......    '
07-07 21:58:00.150   711  1103 I         :   BC_TRANSACTION: target.desc=1 (cookie 0)
07-07 21:58:00.150   711  1103 I         :     code=0x0000000a, flags=0x11
07-07 21:58:00.150   711  1103 I         :     data=2348038336 (0x68 bytes)
07-07 21:58:00.150   711  1103 I         :     offsets=2348087040 (0x4 bytes)
07-07 21:58:00.150   711  1103 I         : Size of receive buffer: 256, needRead: true, doReceive: true
07-07 21:58:00.150   498  1441 I Parcel  : setDataReference Setting data size of 0x85b06810 to 68 (pid=498)
07-07 21:58:00.150   711  1103 I         : About to read/write, write size = 44
07-07 21:58:00.150   498  1441 I Parcel  : Parcel constructing 0x85b067dc:357 (pid=498) Entry
07-07 21:58:00.151   711  1103 I         : Finished read/write, write size = 44
07-07 21:58:00.151   498  1441 I         : BR_TRANSACTION thr 0x85b06970 / obj 2377208320 / code 0x0000008a: Parcel(
07-07 21:58:00.151   498  1441 I         :     0x00000000: 01600004 0000001c 006e0061 00720064 '..`.....a.n.d.r.'
07-07 21:58:00.151   498  1441 I         :     0x00000010: 0069006f 002e0064 00700061 002e0070 'o.i.d...a.p.p...'
07-07 21:58:00.151   498  1441 I         :     0x00000020: 00410049 00740063 00760069 00740069 'I.A.c.t.i.v.i.t.'
07-07 21:58:00.151   498  1441 I         :     0x00000030: 004d0079 006e0061 00670061 00720065 'y.M.a.n.a.g.e.r.'
07-07 21:58:00.151   498  1441 I         :     0x00000040: 00000000                            '....            ')
07-07 21:58:00.151   498  1441 I         : Data addr = , offsets addr=0x9224f050
07-07 21:58:00.151   711  1103 I         : Our err: 0x0, write consumed: 44 (of 44), read consumed: 8
07-07 21:58:00.151   711  1103 I         : Remaining data size: 0
07-07 21:58:00.151   711  1103 I         : Received commands from driver: 0000720c 00007206   '.r...r..'
07-07 21:58:00.151   711  1103 I         :   BR_NOOP
07-07 21:58:00.151   711  1103 I         :   BR_TRANSACTION_COMPLETE
07-07 21:58:00.151   711  1103 I         : Processing waitForResponse Command: BR_NOOP
07-07 21:58:00.151   711  1103 I         : Size of receive buffer: 0, needRead: false, doReceive: true
07-07 21:58:00.151   711  1103 I         : Processing waitForResponse Command: BR_TRANSACTION_COMPLETE
07-07 21:58:00.151   711  1103 I Parcel  : freeData 0x8bcdab40:2526 (pid=711) Entry
07-07 21:58:00.151   711  1103 I Parcel  : freeDataNoInit 0x8bcdab40:2540 (pid=711) mOwner is Null Entry
07-07 21:58:00.151   498  1441 I         : BC_TRANSACTION thr 0x85b06970 / hand 0 / code 0x00000001: Parcel(
07-07 21:58:00.151   498  1441 I         :     0x00000000: 01600004 0000001a 006e0061 00720064 '..`.....a.n.d.r.'
07-07 21:58:00.151   498  1441 I         :     0x00000010: 0069006f 002e0064 0073006f 0049002e 'o.i.d...o.s...I.'
07-07 21:58:00.151   498  1441 I         :     0x00000020: 00650053 00760072 00630069 004d0065 'S.e.r.v.i.c.e.M.'
07-07 21:58:00.151   498  1441 I         :     0x00000030: 006e0061 00670061 00720065 00000000 'a.n.a.g.e.r.....'
07-07 21:58:00.151   498  1441 I         :     0x00000040: 0000000b 00650070 006d0072 00650072 '....p.e.r.m.r.e.'
07-07 21:58:00.151   498  1441 I         :     0x00000050: 006f0063 00640072 00000073          'c.o.r.d.s...    ')
07-07 21:58:00.151   498  1441 D ipc     : >>>> SEND from pid 498 uid 1000 READ REPLY
07-07 21:58:00.151   711  1103 I         : Size of receive buffer: 0, needRead: true, doReceive: false
07-07 21:58:00.151   498   676 I         : Finished read/write, write size = 8
07-07 21:58:00.151   498   676 I         : Our err: 0x0, write consumed: 8 (of 8), read consumed: 48
07-07 21:58:00.151   498  1441 I         : Sending commands to driver: 
07-07 21:58:00.151   498  1441 I         :   0x00000000: 40286300 00000000 00000000 00000001 '.c(@............'
07-07 21:58:00.151   498  1441 I         :   0x00000010: 00000010 00000000 00000000 0000005c '............\...'
07-07 21:58:00.151   498  1441 I         :   0x00000020: 00000000 a6222460 00000000          '....`$".....    '
07-07 21:58:00.151   498  1441 I         :   BC_TRANSACTION: target.desc=0 (cookie 0)
07-07 21:58:00.151   498  1441 I         :     code=0x00000001, flags=0x10
07-07 21:58:00.151   498  1441 I         :     data=2787255392 (0x5c bytes)
07-07 21:58:00.151   498  1441 I         :     offsets=0 (0x0 bytes)
07-07 21:58:00.151   498  1441 I         : Size of receive buffer: 256, needRead: true, doReceive: true
07-07 21:58:00.151   498  1441 I         : About to read/write, write size = 44
07-07 21:58:00.152   498   676 I         : Remaining data size: 0
07-07 21:58:00.152   498   676 I         : Received commands from driver: 
07-07 21:58:00.152   498   676 I         :   0x00000000: 0000720c 80287202 8db15200 9c6c5780 '.r...r(..R...Wl.'
07-07 21:58:00.152   498   676 I         :   0x00000010: 0000000a 00000011 00000000 0000271e '.............'..'
07-07 21:58:00.152   498   676 I         :   0x00000020: 00000068 00000004 9224f05c 9224f0c4 'h.......\.$...$.'
07-07 21:58:00.152   498   676 I         :   BR_NOOP
07-07 21:58:00.152   498   676 I         :   BR_TRANSACTION: target.ptr=2377208320 (cookie 2624345984)
07-07 21:58:00.152   498   676 I         :     code=0x0000000a, flags=0x11
07-07 21:58:00.152   498   676 I         :     data=2451894364 (0x68 bytes)
07-07 21:58:00.152   498   676 I         :     offsets=2451894468 (0x4 bytes)
07-07 21:58:00.152   498   676 I         : Processing top-level Command: BR_NOOP
07-07 21:58:00.152   498   676 D threadpool: **** do THREAD 0x8b550970 (PID 498) IS JOINING THE THREAD POOL
07-07 21:58:00.152   498   676 I         : Size of receive buffer: 0, needRead: false, doReceive: true
07-07 21:58:00.152   498   676 I         : Processing top-level Command: BR_TRANSACTION
07-07 21:58:00.152   498   676 I Parcel  : Parcel constructing 0x8b550810:357 (pid=498) Entry
07-07 21:58:00.152   498   676 I Parcel  : freeDataNoInit 0x8b550810:2540 (pid=498) mOwner is Null Entry
07-07 21:58:00.152   498   676 I Parcel  : setDataReference Setting data size of 0x8b550810 to 104 (pid=498)
07-07 21:58:00.152   498   676 I Parcel  : Parcel constructing 0x8b5507dc:357 (pid=498) Entry
07-07 21:58:00.152   498   676 I         : BR_TRANSACTION thr 0x8b550970 / obj 2377208320 / code 0x0000000a: Parcel(
07-07 21:58:00.152   498   676 I         :     0x00000000: 00400000 0000001c 006e0061 00720064 '..@.....a.n.d.r.'
07-07 21:58:00.152   498   676 I         :     0x00000010: 0069006f 002e0064 00700061 002e0070 'o.i.d...a.p.p...'
07-07 21:58:00.152   498   676 I         :     0x00000020: 00410049 00740063 00760069 00740069 'I.A.c.t.i.v.i.t.'
07-07 21:58:00.152   498   676 I         :     0x00000030: 004d0079 006e0061 00670061 00720065 'y.M.a.n.a.g.e.r.'
07-07 21:58:00.152   498   676 I         :     0x00000040: 00000000 73682a85 00000113 00000121 '.....*hs....!...'
07-07 21:58:00.152   498   676 I         :     0x00000050: 00000000 00000000 ffffffff 00000000 '................'
07-07 21:58:00.152   498   676 I         :     0x00000060: 00000000 50200014                   '...... P        '
07-07 21:58:00.152   498   676 I         :   Object #0 @ 0x44: 'sh*' = 289)
07-07 21:58:00.152   498   676 I         : Data addr = , offsets addr=0x9224f0c4
07-07 21:58:00.152   498  1441 I         : Finished read/write, write size = 44
07-07 21:58:00.152   498  1441 I         : Our err: 0x0, write consumed: 44 (of 44), read consumed: 8
07-07 21:58:00.152   498  1441 I         : Remaining data size: 0
07-07 21:58:00.152   498  1441 I         : Received commands from driver: 0000720c 00007206   '.r...r..'
07-07 21:58:00.152   498  1441 I         :   BR_NOOP
07-07 21:58:00.152   498  1441 I         :   BR_TRANSACTION_COMPLETE
07-07 21:58:00.153   498  1441 I         : Processing waitForResponse Command: BR_NOOP
07-07 21:58:00.153   498  1441 I         : Size of receive buffer: 0, needRead: false, doReceive: true
07-07 21:58:00.153   498  1441 I         : Processing waitForResponse Command: BR_TRANSACTION_COMPLETE
07-07 21:58:00.153   498  1441 I         : Size of receive buffer: 256, needRead: true, doReceive: true
07-07 21:58:00.153   498  1441 I         : About to read/write, write size = 0
07-07 21:58:00.153   498  1441 I         : Finished read/write, write size = 0
07-07 21:58:00.153   498  1441 I         : Our err: 0x0, write consumed: 0 (of 0), read consumed: 48
07-07 21:58:00.153   498  1441 I         : Remaining data size: 0
07-07 21:58:00.153   498  1441 I         : Received commands from driver: 
07-07 21:58:00.153   498  1441 I         :   0x00000000: 0000720c 80287203 00000000 00000000 '.r...r(.........'
07-07 21:58:00.153   498  1441 I         :   0x00000010: 00000000 00000000 00000000 000003e8 '................'
07-07 21:58:00.153   498  1441 I         :   0x00000020: 00000010 00000004 9224f0c8 9224f0d8 '..........$...$.'
07-07 21:58:00.153   498  1441 I         :   BR_NOOP
07-07 21:58:00.153   498  1441 I         :   BR_REPLY: target.desc=0 (cookie 0)
07-07 21:58:00.153   498  1441 I         :     code=0x00000000, flags=0x0
07-07 21:58:00.153   498  1441 I         :     data=2451894472 (0x10 bytes)
07-07 21:58:00.153   498  1441 I         :     offsets=2451894488 (0x4 bytes)
07-07 21:58:00.153   498  1441 I         : Processing waitForResponse Command: BR_NOOP
07-07 21:58:00.153   498  1441 I         : Size of receive buffer: 0, needRead: false, doReceive: true
07-07 21:58:00.153   498  1441 I         : Processing waitForResponse Command: BR_REPLY
07-07 21:58:00.153   498  1441 I IPCThreadState: waitForResponse reply 0x8db33988:778 (pid=498) Entry
07-07 21:58:00.153   498  1441 I Parcel  : freeDataNoInit 0x8db33988:2540 (pid=498) mOwner is Null Entry
07-07 21:58:00.154   498  1441 I Parcel  : setDataReference Setting data size of 0x8db33988 to 16 (pid=498)
07-07 21:58:00.154   498  1441 I         : BR_REPLY thr 0x85b06970 / hand 0: Parcel(73622a85 0000017f 9c69b490 9c25fca0 '.*bs......i...%.'
07-07 21:58:00.154   498  1441 I         :   Object #0 @ 0x0: 'sb*' = 2624173200)
07-07 21:58:00.154   498  1441 I Parcel  : freeData 0x8db33988:2526 (pid=498) Entry
07-07 21:58:00.154   498  1441 I Parcel  : freeDataNoInit 0x8db33988:2535 (pid=498) mOwner isNot Null Entry
07-07 21:58:00.154   498  1441 I         : Writing BC_FREE_BUFFER for bs
07-07 21:58:00.154   498  1441 I Parcel  : freeData 0xa621e698:2526 (pid=498) Entry
07-07 21:58:00.154   498  1441 I Parcel  : freeDataNoInit 0xa621e698:2540 (pid=498) mOwner is Null Entry
07-07 21:58:00.154   498  1441 I         : BC_TRANSACTION thr 0x85b06970 / hand 0 / code 0x00000001: Parcel(
07-07 21:58:00.154   498  1441 I         :     0x00000000: 01600004 0000001a 006e0061 00720064 '..`.....a.n.d.r.'
07-07 21:58:00.154   498  1441 I         :     0x00000010: 0069006f 002e0064 0073006f 0049002e 'o.i.d...o.s...I.'
07-07 21:58:00.154   498  1441 I         :     0x00000020: 00650053 00760072 00630069 004d0065 'S.e.r.v.i.c.e.M.'
07-07 21:58:00.154   498  1441 I         :     0x00000030: 006e0061 00670061 00720065 00000000 'a.n.a.g.e.r.....'
07-07 21:58:00.154   498  1441 I         :     0x00000040: 0000000b 00650070 006d0072 00650072 '....p.e.r.m.r.e.'
07-07 21:58:00.154   498  1441 I         :     0x00000050: 006f0063 00640072 00000073          'c.o.r.d.s...    ')
07-07 21:58:00.154   498  1441 D ipc     : >>>> SEND from pid 498 uid 1000 READ REPLY
07-07 21:58:00.154   498  1441 I         : Sending commands to driver: 
07-07 21:58:00.154   498  1441 I         :   0x00000000: 40046303 9224f0c8 40286300 00000000 '.c.@..$..c(@....'
07-07 21:58:00.154   498  1441 I         :   0x00000010: 00000000 00000001 00000010 00000000 '................'
07-07 21:58:00.154   498  1441 I         :   0x00000020: 00000000 0000005c 00000000 a6222460 '....\.......`$".'
07-07 21:58:00.154   498  1441 I         :   0x00000030: 00000000                            '....            '
07-07 21:58:00.154   498  1441 I         :   BC_FREE_BUFFER: buffer=0x9224f0c8
07-07 21:58:00.154   498  1441 I         :   BC_TRANSACTION: target.desc=0 (cookie 0)
07-07 21:58:00.154   498  1441 I         :     code=0x00000001, flags=0x10
07-07 21:58:00.154   498  1441 I         :     data=2787255392 (0x5c bytes)
07-07 21:58:00.154   498  1441 I         :     offsets=0 (0x0 bytes)
07-07 21:58:00.154   498  1441 I         : Size of receive buffer: 256, needRead: true, doReceive: true
07-07 21:58:00.155   498   676 I         : BC_TRANSACTION thr 0x8b550970 / hand 26 / code 0x00000016: Parcel(
07-07 21:58:00.155   498   676 I         :     0x00000000: 00400000 0000001e 006e0061 00720064 '..@.....a.n.d.r.'
07-07 21:58:00.155   498   676 I         :     0x00000010: 0069006f 002e0064 00700061 002e0070 'o.i.d...a.p.p...'
07-07 21:58:00.155   498   676 I         :     0x00000020: 00410049 00700070 0069006c 00610063 'I.A.p.p.l.i.c.a.'
07-07 21:58:00.155   498   676 I         :     0x00000030: 00690074 006e006f 00680054 00650072 't.i.o.n.T.h.r.e.'
07-07 21:58:00.155   498   676 I         :     0x00000040: 00640061 00000000 73682a85 00000100 'a.d......*hs....'
07-07 21:58:00.155   498   676 I         :     0x00000050: 00000129 00000000 00000001 0000001f ')...............'
07-07 21:58:00.155   498   676 I         :     0x00000060: 006e0061 00720064 0069006f 002e0064 'a.n.d.r.o.i.d...'
07-07 21:58:00.155   498   676 I         :     0x00000070: 006e0069 00650074 0074006e 0061002e 'i.n.t.e.n.t...a.'
07-07 21:58:00.155   498   676 I         :     0x00000080: 00740063 006f0069 002e006e 00490054 'c.t.i.o.n...T.I.'
07-07 21:58:00.155   498   676 I         :     0x00000090: 0045004d 0054005f 00430049 0000004b 'M.E._.T.I.C.K...'
07-07 21:58:00.155   498   676 I         :     0x000000a0: 00000000 ffffffff 50200014 ffffffff '.......... P....'
07-07 21:58:00.155   498   676 I         :     0x000000b0: ffffffff 00000000 00000000 00000000 '................'
07-07 21:58:00.155   498   676 I         :     0x000000c0: 00000000 fffffffe 00000054 4c444e42 '........T...BNDL'
07-07 21:58:00.155   498   676 I         :     0x000000d0: 00000001 00000020
07-07 21:58:00.155   498  1441 I         : About to read/write, write size = 52
07-07 21:58:00.155   498   676 D ipc     : >>>> SEND from pid 498 uid 1000 ONE WAY
07-07 21:58:00.155   498  1441 I         : Finished read/write, write size = 52
07-07 21:58:00.155   498  1441 I         : Our err: 0x0, write consumed: 52 (of 52), read consumed: 8
07-07 21:58:00.155   498  1441 I         : Remaining data size: 0
07-07 21:58:00.155   498  1441 I         : Received commands from driver: 0000720c 00007206   '.r...r..'
07-07 21:58:00.155   498  1441 I         :   BR_NOOP
07-07 21:58:00.155   498  1441 I         :   BR_TRANSACTION_COMPLETE
07-07 21:58:00.155   498  1441 I         : Processing waitForResponse Command: BR_NOOP
07-07 21:58:00.155   498  1441 I         : Size of receive buffer: 0, needRead: false, doReceive: true
07-07 21:58:00.155   498  1441 I         : Processing waitForResponse Command: BR_TRANSACTION_COMPLETE
07-07 21:58:00.155   498  1441 I         : Size of receive buffer: 256, needRead: true, doReceive: true
07-07 21:58:00.155   498  1441 I         : About to read/write, write size = 0
07-07 21:58:00.155   498  1441 I         : Finished read/write, write size = 0
07-07 21:58:00.156   498   676 I         : Sending commands to driver: 
07-07 21:58:00.156   498   676 I         :   0x00000000: 40286300 0000001a 00000000 00000016 '.c(@............'
07-07 21:58:00.156   498   676 I         :   0x00000010: 00000011 00000000 00000000 00000140 '............@...'
07-07 21:58:00.156   498   676 I         :   0x00000020: 00000004 87bf94c0 87b930e0          '.........0..    '
07-07 21:58:00.156   498   676 I         :   BC_TRANSACTION: target.desc=26 (cookie 0)
07-07 21:58:00.156   498   676 I         :     code=0x00000016, flags=0x11
07-07 21:58:00.156   498   676 I         :     data=2277479616 (0x140 bytes)
07-07 21:58:00.156   498   676 I         :     offsets=2277060832 (0x4 bytes)
07-07 21:58:00.156   498   676 I         : Size of receive buffer: 256, needRead: true, doReceive: true
07-07 21:58:00.156   498  1441 I         : Our err: 0x0, write consumed: 0 (of 0), read consumed: 48
07-07 21:58:00.156   498  1441 I         : Remaining data size: 0
07-07 21:58:00.156   498  1441 I         : Received commands from driver: 
07-07 21:58:00.156   498  1441 I         :   0x00000000: 0000720c 80287203 00000000 00000000 '.r...r(.........'
07-07 21:58:00.156   498  1441 I         :   0x00000010: 00000000 00000000 00000000 000003e8 '................'
07-07 21:58:00.156   498  1441 I         :   0x00000020: 00000010 00000004 9224f0c8 9224f0d8 '..........$...$.'
07-07 21:58:00.156   498  1441 I         :   BR_NOOP
07-07 21:58:00.156   498  1441 I         :   BR_REPLY: target.desc=0 (cookie 0)
07-07 21:58:00.156   498  1441 I         :     code=0x00000000, flags=0x0
07-07 21:58:00.156   498  1441 I         :     data=2451894472 (0x10 bytes)
07-07 21:58:00.156   498  1441 I         :     offsets=2451894488 (0x4 bytes)
07-07 21:58:00.156   498  1441 I         : Processing waitForResponse Command: BR_NOOP
07-07 21:58:00.156   498  1441 I         : Size of receive buffer: 0, needRead: false, doReceive: true
07-07 21:58:00.156   498  1441 I         : Processing waitForResponse Command: BR_REPLY
07-07 21:58:00.157   498  1441 I IPCThreadState: waitForResponse reply 0xa621e698:778 (pid=498) Entry
07-07 21:58:00.157   498  1441 I Parcel  : freeDataNoInit 0xa621e698:2540 (pid=498) mOwner is Null Entry
07-07 21:58:00.157   498  1441 I Parcel  : setDataReference Setting data size of 0xa621e698 to 16 (pid=498)
07-07 21:58:00.157   498  1441 I         : BR_REPLY thr 0x85b06970 / hand 0: Parcel(73622a85 0000017f 9c69b490 9c25fca0 '.*bs......i...%.'
07-07 21:58:00.157   498  1441 I         :   Object #0 @ 0x0: 'sb*' = 2624173200)
07-07 21:58:00.157   498  1441 I Parcel  : freeData 0xa621e698:2526 (pid=498) Entry
07-07 21:58:00.157   498  1441 I Parcel  : freeDataNoInit 0xa621e698:2535 (pid=498) mOwner isNot Null Entry
07-07 21:58:00.157   498  1441 I         : Writing BC_FREE_BUFFER for bs
07-07 21:58:00.157   498  1441 I Parcel  : freeData 0x8db33988:2526 (pid=498) Entry
07-07 21:58:00.158   498  1441 I Parcel  : freeDataNoInit 0x8db33988:2540 (pid=498) mOwner is Null Entry
07-07 21:58:00.158   498   676 I         : About to read/write, write size = 44
07-07 21:58:00.158   498   676 I         : Finished read/write, write size = 44
07-07 21:58:00.158   711  1072 I         : Finished read/write, write size = 8
07-07 21:58:00.158   498   676 I         : Our err: 0x0, write consumed: 44 (of 44), read consumed: 8
07-07 21:58:00.158   711  1072 I         : Our err: 0x0, write consumed: 8 (of 8), read consumed: 48
07-07 21:58:00.158   498   676 I         : Remaining data size: 0
07-07 21:58:00.158   498   676 I         : Received commands from driver: 0000720c 00007206   '.r...r..'
07-07 21:58:00.158   498   676 I         :   BR_NOOP
07-07 21:58:00.158   498   676 I         :   BR_TRANSACTION_COMPLETE
07-07 21:58:00.158   498   676 I         : Processing waitForResponse Command: BR_NOOP
07-07 21:58:00.158   498   676 I         : Size of receive buffer: 0, needRead: false, doReceive: true
07-07 21:58:00.158   711  1072 I         : Remaining data size: 0
07-07 21:58:00.158   711  1072 I         : Received commands from driver: 
07-07 21:58:00.158   711  1072 I         :   0x00000000: 0000720c 80287202 a5c043f0 9d4f8ca0 '.r...r(..C....O.'
07-07 21:58:00.158   711  1072 I         :   0x00000010: 00000016 00000011 00000000 000003e8 '................'
07-07 21:58:00.158   711  1072 I         :   0x00000020: 00000140 00000004 8e152054 8e152194 '@.......T ...!..'
07-07 21:58:00.158   711  1072 I         :   BR_NOOP
07-07 21:58:00.158   711  1072 I         :   BR_TRANSACTION: target.ptr=2780840944 (cookie 2639236256)
07-07 21:58:00.158   711  1072 I         :     code=0x00000016, flags=0x11
07-07 21:58:00.158   711  1072 I         :     data=2383749204 (0x140 bytes)
07-07 21:58:00.158   711  1072 I         :     offsets=2383749524 (0x4 bytes)
07-07 21:58:00.158   498   676 I         : Processing waitForResponse Command: BR_TRANSACTION_COMPLETE
07-07 21:58:00.158   711  1072 I         : Processing top-level Command: BR_NOOP
07-07 21:58:00.158   498   676 I Parcel  : freeData 0xa621c830:2526 (pid=498) Entry
07-07 21:58:00.158   711  1072 D threadpool: **** do THREAD 0x8ba82970 (PID 711) IS JOINING THE THREAD POOL
07-07 21:58:00.158   498   676 I Parcel  : freeDataNoInit 0xa621c830:2540 (pid=498) mOwner is Null Entry
07-07 21:58:00.158   711  1072 I         : Size of receive buffer: 0, needRead: false, doReceive: true
07-07 21:58:00.158   711  1072 I         : Processing top-level Command: BR_TRANSACTION
07-07 21:58:00.158   711  1072 I Parcel  : Parcel constructing 0x8ba82810:357 (pid=711) Entry
07-07 21:58:00.159   711  1072 I Parcel  : freeDataNoInit 0x8ba82810:2540 (pid=711) mOwner is Null Entry
07-07 21:58:00.159   711  1072 I Parcel  : setDataReference Setting data size of 0x8ba82810 to 320 (pid=711)
07-07 21:58:00.159   711  1072 I Parcel  : Parcel constructing 0x8ba827dc:357 (pid=711) Entry
07-07 21:58:00.159   498   676 D ipc     : NOT sending reply to 0!
07-07 21:58:00.159   711  1072 I         : BR_TRANSACTION thr 0x8ba82970 / obj 2780840944 / code 0x00000016: Parcel(
07-07 21:58:00.159   711  1072 I         :     0x00000000: 00400000 0000001e 006e0061 00720064 '..@.....a.n.d.r.'
07-07 21:58:00.159   711  1072 I         :     0x00000010: 0069006f 002e0064 00700061 002e0070 'o.i.d...a.p.p...'
07-07 21:58:00.159   711  1072 I         :     0x00000020: 00410049 00700070 0069006c 00610063 'I.A.p.p.l.i.c.a.'
07-07 21:58:00.159   711  1072 I         :     0x00000030: 00690074 006e006f 00680054 00650072 't.i.o.n.T.h.r.e.'
07-07 21:58:00.159   711  1072 I         :     0x00000040: 00640061 00000000 73622a85 00000100 'a.d......*bs....'
07-07 21:58:00.159   711  1072 I         :     0x00000050: 8b52a970 8b57b980 00000001 0000001f 'p.R...W.........'
07-07 21:58:00.159   711  1072 I         :     0x00000060: 006e0061 00720064 0069006f 002e0064 'a.n.d.r.o.i.d...'
07-07 21:58:00.159   711  1072 I         :     0x00000070: 006e0069 00650074 0074006e 0061002e 'i.n.t.e.n.t...a.'
07-07 21:58:00.159   711  1072 I         :     0x00000080: 00740063 006f0069 002e006e 00490054 'c.t.i.o.n...T.I.'
07-07 21:58:00.159   711  1072 I         :     0x00000090: 0045004d 0054005f 00430049 0000004b 'M.E._.T.I.C.K...'
07-07 21:58:00.159   711  1072 I         :     0x000000a0: 00000000 ffffffff 50200014 ffffffff '.......... P....'
07-07 21:58:00.159   711  1072 I         :     0x000000b0: ffffffff 00000000 00000000 00000000 '................'
07-07 21:58:00.159   711  1072 I         :     0x000000c0: 00000000 fffffffe 00000054 4c444e42 '........T...BNDL'
07-07 21:58:00.159   711  1072 I         :     0x000000d0: 00000001 0
07-07 21:58:00.159   498   676 I         : BC_REPLY thr 0x8b550970 / obj 2377208320: Parcel(NULL)
07-07 21:58:00.159   498   676 I Parcel  : ~Parcel 0x8b5507dc:363 (pid=498) Entry
07-07 21:58:00.159   498   676 I Parcel  : freeDataNoInit 0x8b5507dc:2540 (pid=498) mOwner is Null Entry
07-07 21:58:00.159   498   676 I Parcel  : ~Parcel 0x8b550810:363 (pid=498) Entry
07-07 21:58:00.159   498   676 I Parcel  : freeDataNoInit 0x8b550810:2535 (pid=498) mOwner isNot Null Entry
07-07 21:58:00.159   498   676 I         : Writing BC_FREE_BUFFER for 
07-07 21:58:00.159   498   676 D threadpool: **** do THREAD 0x8b550970 (PID 498) IS JOINING THE THREAD POOL
07-07 21:58:00.159   711  1072 D ipc     : NOT sending reply to 0!
07-07 21:58:00.159   498   676 I         : Sending commands to driver: 40046303 9224f05c   '.c.@\.$.'
07-07 21:58:00.159   498   676 I         :   BC_FREE_BUFFER: buffer=0x9224f05c
07-07 21:58:00.159   498   676 I         : Size of receive buffer: 256, needRead: true, doReceive: true
07-07 21:58:00.159   498   676 I         : About to read/write, write size = 8
07-07 21:58:00.159   711  1072 I         : BC_REPLY thr 0x8ba82970 / obj 2780840944: Parcel(NULL)
07-07 21:58:00.159   711  1103 I Parcel  : Parcel constructing 0x8bcdabe8:357 (pid=711) Entry
07-07 21:58:00.159   711  1072 I Parcel  : ~Parcel 0x8ba827dc:363 (pid=711) Entry
07-07 21:58:00.160   498  1441 D ipc     : Sending reply to 711!
07-07 21:58:00.160   711  1103 I         : BC_TRANSACTION thr 0x8b37a970 / hand 1 / code 0x0000000a: Parcel(
07-07 21:58:00.160   711  1103 I         :     0x00000000: 00400000 0000001c 006e0061 00720064 '..@.....a.n.d.r.'
07-07 21:58:00.160   711  1103 I         :     0x00000010: 0069006f 002e0064 00700061 002e0070 'o.i.d...a.p.p...'
07-07 21:58:00.160   711  1103 I         :     0x00000020: 00410049 00740063 00760069 00740069 'I.A.c.t.i.v.i.t.'
07-07 21:58:00.160   711  1103 I         :     0x00000030: 004d0079 006e0061 00670061 00720065 'y.M.a.n.a.g.e.r.'
07-07 21:58:00.160   711  1103 I         :     0x00000040: 00000000 73622a85 00000113 8b52a970 '.....*bs....p.R.'
07-07 21:58:00.160   711  1103 I         :     0x00000050: 8b57b980 00000000 ffffffff 00000000 '..W.............'
07-07 21:58:00.160   711  1103 I         :     0x00000060: 00000000 50200014                   '...... P        '
07-07 21:58:00.160   711  1103 I         :   Object #0 @ 0x44: 'sb*' = 2337450352)
07-07 21:58:00.160   711  1072 I Parcel  : freeDataNoInit 0x8ba827dc:2540 (pid=711) mOwner is Null Entry
07-07 21:58:00.160   498  1441 I         : Sending commands to driver: 
07-07 21:58:00.160   498  1441 I         :   0x00000000: 40046303 9224f0c8 40286301 ffffffff '.c.@..$..c(@....'
07-07 21:58:00.160   498  1441 I         :   0x00000010: 00000000 00000000 00000000 00000000 '................'
07-07 21:58:00.160   498  1441 I         :   0x00000020: 00000000 000000f8 00000000 87b9b980 '................'
07-07 21:58:00.160   498  1441 I         :   0x00000030: 00000000                            '....            '
07-07 21:58:00.160   498  1441 I         :   BC_FREE_BUFFER: buffer=0x9224f0c8
07-07 21:58:00.160   498  1441 I         :   BC_REPLY: target.ptr=4294967295 (cookie 0)
07-07 21:58:00.160   498  1441 I         :     code=0x00000000, flags=0x0
07-07 21:58:00.160   498  1441 I         :     data=2277095808 (0xf8 bytes)
07-07 21:58:00.160   498  1441 I         :     offsets=0 (0x0 bytes)
07-07 21:58:00.160   498  1441 I         : Size of receive buffer: 256, needRead: true, doReceive: true
07-07 21:58:00.160   498  1441 I         : About to read/write, write size = 52
07-07 21:58:00.160   711  1072 I Parcel  : ~Parcel 0x8ba82810:363 (pid=711) Entry
07-07 21:58:00.160   498  1441 I         : Finished read/write, write size = 52
07-07 21:58:00.160   711   711 I         : Finished read/write, write size = 0
07-07 21:58:00.160   498  1441 I         : Our err: 0x0, write consumed: 52 (of 52), read consumed: 8
07-07 21:58:00.160   711   711 I         : Our err: 0x0, write consumed: 0 (of 0), read consumed: 48
07-07 21:58:00.160   498  1441 I         : Remaining data size: 0
07-07 21:58:00.160   498  1441 I         : Received commands from driver: 0000720c 00007206   '.r...r..'
07-07 21:58:00.160   498  1441 I         :   BR_NOOP
07-07 21:58:00.160   498  1441 I         :   BR_TRANSACTION_COMPLETE
07-07 21:58:00.160   498  1441 I         : Processing waitForResponse Command: BR_NOOP
07-07 21:58:00.160   498  1441 I         : Size of receive buffer: 0, needRead: false, doReceive: true
07-07 21:58:00.160   711   711 I         : Remaining data size: 0
07-07 21:58:00.160   711   711 I         : Received commands from driver: 
07-07 21:58:00.160   711   711 I         :   0x00000000: 0000720c 80287203 00000000 00000000 '.r...r(.........'
07-07 21:58:00.160   711   711 I         :   0x00000010: 00000000 00000000 00000000 000003e8 '................'
07-07 21:58:00.160   711   711 I         :   0x00000020: 000000f8 00000000 8e152198 8e152290 '.........!..."..'
07-07 21:58:00.160   711   711 I         :   BR_NOOP
07-07 21:58:00.160   711   711 I         :   BR_REPLY: target.desc=0 (cookie 0)
07-07 21:58:00.160   711   711 I         :     code=0x00000000, flags=0x0
07-07 21:58:00.160   711   711 I         :     data=2383749528 (0xf8 bytes)
07-07 21:58:00.160   711   711 I         :     offsets=2383749776 (0x0 bytes)
07-07 21:58:00.160   498  1441 I         : Processing waitForResponse Command: BR_TRANSACTION_COMPLETE
07-07 21:58:00.160   711   711 I         : Processing waitForResponse Command: BR_NOOP
07-07 21:58:00.160   711   711 I         : Size of receive buffer: 0, needRead: false, doReceive: true
07-07 21:58:00.160   711   711 I         : Processing waitForResponse Command: BR_REPLY
07-07 21:58:00.160   711   711 I IPCThreadState: waitForResponse reply 0x8bcdabb0:778 (pid=711) Entry
07-07 21:58:00.160   498  1441 I         : BC_REPLY thr 0x85b06970 / obj 2377208320: Parcel(
07-07 21:58:00.160   498  1441 I         :     0x00000000: 00000000 00000001 00000000 00000002 '................'
07-07 21:58:00.160   498  1441 I         :     0x00000010: 4e3b673a 00000000 ffffffff 00000013 ':g;N............'
07-07 21:58:00.160   498  1441 I         :     0x00000020: 00000000 00000000 00000000 298f4dee '.............M.)'
07-07 21:58:00.160   498  1441 I         :     0x00000030: 00000173 00000055 0061006e 00650068 's...U...n.a.h.e.'
07-07 21:58:00.160   498  1441 I         :     0x00000040: 00610066 0066002f 006c0075 005f006c 'f.a./.f.u.l.l._.'
07-07 21:58:00.160   498  1441 I         :     0x00000050: 00690061 00380076 00360031 00730037 'a.i.v.8.1.6.7.s.'
07-07 21:58:00.160   498  1441 I         :     0x00000060: 0033006d 0062005f 00700073 0061002f 'm.3._.b.s.p./.a.'
07-07 21:58:00.160   498  1441 I         :     0x00000070: 00760069 00310038 00370036 006d0073 'i.v.8.1.6.7.s.m.'
07-07 21:58:00.160   498  1441 I         :     0x00000080: 005f0033 00730062 003a0070 002e0038 '3._.b.s.p.:.8...'
07-07 21:58:00.160   498  1441 I         :     0x00000090: 002e0031 002f0030 0031004f 00300031 '1...0./.O.1.1.0.'
07-07 21:58:00.160   498  1441 I         :     0x000000a0: 00390031 0031002f 00380035 00390038 '1.9./.1.5.8.8.9.'
07-07 21:58:00.160   498  1441 I         :     0x000000b0: 00330034 00340038 003a0036 00730075 '4.3.8.4.6.:.u.s.'
07-07 21:58:00.160   498  1441 I         :     0x000000c0: 00720065 00650064 00750062 002f0067 'e.r.d.e.b.u.g./.'
07-07 21:58:00.160   498  1441 I         :     0x000000d0: 00650074 00740073 006b002d 0079006
07-07 21:58:00.160   711   711 I Parcel  : freeDataNoInit 0x8bcdabb0:2540 (pid=711) mOwner is Null Entry
07-07 21:58:00.160   498  1441 I Parcel  : ~Parcel 0x85b067dc:363 (pid=498) Entry
07-07 21:58:00.160   711   711 I Parcel  : setDataReference Setting data size of 0x8bcdabb0 to 248 (pid=711)
07-07 21:58:00.160   498  1441 I Parcel  : freeDataNoInit 0x85b067dc:2540 (pid=498) mOwner is Null Entry
07-07 21:58:00.160   498  1441 I Parcel  : ~Parcel 0x85b06810:363 (pid=498) Entry
07-07 21:58:00.160   498  1441 I Parcel  : freeDataNoInit 0x85b06810:2535 (pid=498) mOwner isNot Null Entry
07-07 21:58:00.161   498  1441 I         : Writing BC_FREE_BUFFER for 
07-07 21:58:00.161   711   711 I         : BR_REPLY thr 0xaa31b4a4 / hand 1: Parcel(
07-07 21:58:00.161   711   711 I         :     0x00000000: 00000000 00000001 00000000 00000002 '................'
07-07 21:58:00.161   711   711 I         :     0x00000010: 4e3b673a 00000000 ffffffff 00000013 ':g;N............'
07-07 21:58:00.161   711   711 I         :     0x00000020: 00000000 00000000 00000000 298f4dee '.............M.)'
07-07 21:58:00.161   711   711 I         :     0x00000030: 00000173 00000055 0061006e 00650068 's...U...n.a.h.e.'
07-07 21:58:00.161   711   711 I         :     0x00000040: 00610066 0066002f 006c0075 005f006c 'f.a./.f.u.l.l._.'
07-07 21:58:00.161   711   711 I         :     0x00000050: 00690061 00380076 00360031 00730037 'a.i.v.8.1.6.7.s.'
07-07 21:58:00.161   711   711 I         :     0x00000060: 0033006d 0062005f 00700073 0061002f 'm.3._.b.s.p./.a.'
07-07 21:58:00.161   711   711 I         :     0x00000070: 00760069 00310038 00370036 006d0073 'i.v.8.1.6.7.s.m.'
07-07 21:58:00.161   711   711 I         :     0x00000080: 005f0033 00730062 003a0070 002e0038 '3._.b.s.p.:.8...'
07-07 21:58:00.161   711   711 I         :     0x00000090: 002e0031 002f0030 0031004f 00300031 '1...0./.O.1.1.0.'
07-07 21:58:00.161   711   711 I         :     0x000000a0: 00390031 0031002f 00380035 00390038 '1.9./.1.5.8.8.9.'
07-07 21:58:00.161   711   711 I         :     0x000000b0: 00330034 00340038 003a0036 00730075 '4.3.8.4.6.:.u.s.'
07-07 21:58:00.161   711   711 I         :     0x000000c0: 00720065 00650064 00750062 002f0067 'e.r.d.e.b.u.g./.'
07-07 21:58:00.161   711   711 I         :     0x000000d0: 00650074 00740073 006b002d 00790065 't.e.s
07-07 21:58:00.161   498  1441 D threadpool: **** do THREAD 0x85b06970 (PID 498) IS JOINING THE THREAD POOL
07-07 21:58:00.161   711   711 I Parcel  : freeData 0x8bcdabb0:2526 (pid=711) Entry
07-07 21:58:00.161   711   711 I Parcel  : freeDataNoInit 0x8bcdabb0:2535 (pid=711) mOwner isNot Null Entry
07-07 21:58:00.161   498  1441 I         : Sending commands to driver: 40046303 9224f00c   '.c.@..$.'
07-07 21:58:00.161   498  1441 I         :   BC_FREE_BUFFER: buffer=0x9224f00c
07-07 21:58:00.161   498  1441 I         : Size of receive buffer: 256, needRead: true, doReceive: true
07-07 21:58:00.161   711   711 I         : Writing BC_FREE_BUFFER for 
07-07 21:58:00.161   498  1441 I         : About to read/write, write size = 8
07-07 21:58:00.161   711   711 I Parcel  : freeData 0x8bcdab78:2526 (pid=711) Entry
07-07 21:58:00.161   711   711 I Parcel  : freeDataNoInit 0x8bcdab78:2540 (pid=711) mOwner is Null Entry
07-07 21:58:00.162   711   711 I Parcel  : Parcel constructing 0xbef1e39c:357 (pid=711) Entry
07-07 21:58:00.162   711   711 I Parcel  : Parcel constructing 0xbef1e368:357 (pid=711) Entry
07-07 21:58:00.162   711   711 I         : BC_TRANSACTION thr 0xaa31b4a4 / hand 41 / code 0x00000003: Parcel(
07-07 21:58:00.162   711   711 I         :     0x00000000: 01600004 00000022 006e0061 00720064 '..`."...a.n.d.r.'
07-07 21:58:00.162   711   711 I         :     0x00000010: 0069006f 002e0064 00750067 002e0069 'o.i.d...g.u.i...'
07-07 21:58:00.162   711   711 I         :     0x00000020: 00690044 00700073 0061006c 00450079 'D.i.s.p.l.a.y.E.'
07-07 21:58:00.162   711   711 I         :     0x00000030: 00650076 0074006e 006f0043 006e006e 'v.e.n.t.C.o.n.n.'
07-07 21:58:00.162   711   711 I         :     0x00000040: 00630065 00690074 006e006f 00000000 'e.c.t.i.o.n.....')
07-07 21:58:00.162   711  1072 I Parcel  : freeDataNoInit 0x8ba82810:2535 (pid=711) mOwner isNot Null Entry
07-07 21:58:00.162   711   711 D ipc     : >>>> SEND from pid 711 uid 10014 ONE WAY
07-07 21:58:00.162   711  1072 I         : Writing BC_FREE_BUFFER for 
07-07 21:58:00.162   711  1072 D threadpool: **** do THREAD 0x8ba82970 (PID 711) IS JOINING THE THREAD POOL
07-07 21:58:00.162   711  1072 I         : Sending commands to driver: 40046303 8e152054   '.c.@T ..'
07-07 21:58:00.162   711  1072 I         :   BC_FREE_BUFFER: buffer=0x8e152054
07-07 21:58:00.162   711  1072 I         : Size of receive buffer: 256, needRead: true, doReceive: true
07-07 21:58:00.162   711  1072 I         : About to read/write, write size = 8
07-07 21:58:00.162   711   711 I         : Sending commands to driver: 
07-07 21:58:00.162   711   711 I         :   0x00000000: 40046303 8e152198 40286300 00000029 '.c.@.!...c(@)...'
07-07 21:58:00.162   711   711 I         :   0x00000010: 00000000 00000003 00000011 00000000 '................'
07-07 21:58:00.162   711   711 I         :   0x00000020: 00000000 00000050 00000000 8a4b5200 '....P........RK.'
07-07 21:58:00.162   711   711 I         :   0x00000030: 00000000                            '....            '
07-07 21:58:00.162   711   711 I         :   BC_FREE_BUFFER: buffer=0x8e152198
07-07 21:58:00.162   711   711 I         :   BC_TRANSACTION: target.desc=41 (cookie 0)
07-07 21:58:00.162   711   711 I         :     code=0x00000003, flags=0x11
07-07 21:58:00.162   711   711 I         :     data=2320192000 (0x50 bytes)
07-07 21:58:00.162   711   711 I         :     offsets=0 (0x0 bytes)
07-07 21:58:00.162   711   711 I         : Size of receive buffer: 256, needRead: true, doReceive: true
07-07 21:58:00.160   711  1103 D ipc     : >>>> SEND from pid 711 uid 10014 ONE WAY
07-07 21:58:00.162   711   711 I         : About to read/write, write size = 52
07-07 21:58:00.163   269   306 I         : Finished read/write, write size = 8
07-07 21:58:00.163   711  1103 I         : Sending commands to driver: 
07-07 21:58:00.163   711  1103 I         :   0x00000000: 40286300 00000001 00000000 0000000a '.c(@............'
07-07 21:58:00.163   711  1103 I         :   0x00000010: 00000011 00000000 00000000 00000068 '............h...'
07-07 21:58:00.163   711  1103 I         :   0x00000020: 00000004 8bf438c0 8bf4f700          '.....8......    '
07-07 21:58:00.163   711  1103 I         :   BC_TRANSACTION: target.desc=1 (cookie 0)
07-07 21:58:00.163   711  1103 I         :     code=0x0000000a, flags=0x11
07-07 21:58:00.163   711  1103 I         :     data=2348038336 (0x68 bytes)
07-07 21:58:00.163   711  1103 I         :     offsets=2348087040 (0x4 bytes)
07-07 21:58:00.163   711  1103 I         : Size of receive buffer: 256, needRead: true, doReceive: true
07-07 21:58:00.163   269   306 I         : Our err: 0x0, write consumed: 8 (of 8), read consumed: 48
07-07 21:58:00.163   711  1103 I         : About to read/write, write size = 44
07-07 21:58:00.163   269   306 I         : Remaining data size: 0
07-07 21:58:00.163   269   306 I         : Received commands from driver: 
07-07 21:58:00.163   269   306 I         :   0x00000000: 0000720c 80287202 aad709c0 ad91c9bc '.r...r(.........'
07-07 21:58:00.163   269   306 I         :   0x00000010: 00000003 00000011 00000000 0000271e '.............'..'
07-07 21:58:00.163   269   306 I         :   0x00000020: 00000050 00000000 ad5df000 ad5df050 'P.........].P.].'
07-07 21:58:00.163   269   306 I         :   BR_NOOP
07-07 21:58:00.163   269   306 I         :   BR_TRANSACTION: target.ptr=2866219456 (cookie 2912012732)
07-07 21:58:00.163   269   306 I         :     code=0x00000003, flags=0x11
07-07 21:58:00.163   269   306 I         :     data=2908614656 (0x50 bytes)
07-07 21:58:00.163   269   306 I         :     offsets=2908614736 (0x0 bytes)
07-07 21:58:00.163   498  1441 I         : Finished read/write, write size = 8
07-07 21:58:00.163   269   306 I         : Processing top-level Command: BR_NOOP
07-07 21:58:00.163   269   306 D threadpool: **** do THREAD 0xad5de970 (PID 269) IS JOINING THE THREAD POOL
07-07 21:58:00.163   498  1441 I         : Our err: 0x0, write consumed: 8 (of 8), read consumed: 48
07-07 21:58:00.163   269   306 I         : Size of receive buffer: 0, needRead: false, doReceive: true
07-07 21:58:00.163   269   306 I         : Processing top-level Command: BR_TRANSACTION
07-07 21:58:00.163   498  1441 I         : Remaining data size: 0
07-07 21:58:00.163   498  1441 I         : Received commands from driver: 
07-07 21:58:00.163   498  1441 I         :   0x00000000: 0000720c 80287202 8db15200 9c6c5780 '.r...r(..R...Wl.'
07-07 21:58:00.163   498  1441 I         :   0x00000010: 0000000a 00000011 00000000 0000271e '.............'..'
07-07 21:58:00.163   498  1441 I         :   0x00000020: 00000068 00000004 9224f05c 9224f0c4 'h.......\.$...$.'
07-07 21:58:00.163   498  1441 I         :   BR_NOOP
07-07 21:58:00.163   498  1441 I         :   BR_TRANSACTION: target.ptr=2377208320 (cookie 2624345984)
07-07 21:58:00.163   498  1441 I         :     code=0x0000000a, flags=0x11
07-07 21:58:00.163   498  1441 I         :     data=2451894364 (0x68 bytes)
07-07 21:58:00.163   498  1441 I         :     offsets=2451894468 (0x4 bytes)
07-07 21:58:00.163   269   306 I Parcel  : Parcel constructing 0xad5de838:357 (pid=269) Entry
07-07 21:58:00.163   269   306 I Parcel  : freeDataNoInit 0xad5de838:2540 (pid=269) mOwner is Null Entry
07-07 21:58:00.163   498  1441 I         : Processing top-level Command: BR_NOOP
07-07 21:58:00.163   269   306 I Parcel  : setDataReference Setting data size of 0xad5de838 to 80 (pid=269)
07-07 21:58:00.163   498  1441 D threadpool: **** do THREAD 0x85b06970 (PID 498) IS JOINING THE THREAD POOL
07-07 21:58:00.163   269   306 I Parcel  : Parcel constructing 0xad5de804:357 (pid=269) Entry
07-07 21:58:00.163   498  1441 I         : Size of receive buffer: 0, needRead: false, doReceive: true
07-07 21:58:00.163   498  1441 I         : Processing top-level Command: BR_TRANSACTION
07-07 21:58:00.163   269   306 I         : BR_TRANSACTION thr 0xad5de970 / obj 2866219456 / code 0x00000003: Parcel(
07-07 21:58:00.163   269   306 I         :     0x00000000: 01600004 00000022 006e0061 00720064 '..`."...a.n.d.r.'
07-07 21:58:00.163   269   306 I         :     0x00000010: 0069006f 002e0064 00750067 002e0069 'o.i.d...g.u.i...'
07-07 21:58:00.163   269   306 I         :     0x00000020: 00690044 00700073 0061006c 00450079 'D.i.s.p.l.a.y.E.'
07-07 21:58:00.163   269   306 I         :     0x00000030: 00650076 0074006e 006f0043 006e006e 'v.e.n.t.C.o.n.n.'
07-07 21:58:00.163   269   306 I         :     0x00000040: 00630065 00690074 006e006f 00000000 'e.c.t.i.o.n.....')
07-07 21:58:00.163   269   306 I         : Data addr = , offsets addr=0xad5df050
07-07 21:58:00.163   498  1441 I Parcel  : Parcel constructing 0x85b06810:357 (pid=498) Entry
07-07 21:58:00.163   498  1441 I Parcel  : freeDataNoInit 0x85b06810:2540 (pid=498) mOwner is Null Entry
07-07 21:58:00.163   498  1441 I Parcel  : setDataReference Setting data size of 0x85b06810 to 104 (pid=498)
07-07 21:58:00.163   498  1441 I Parcel  : Parcel constructing 0x85b067dc:357 (pid=498) Entry
07-07 21:58:00.164   498  1441 I         : BR_TRANSACTION thr 0x85b06970 / obj 2377208320 / code 0x0000000a: Parcel(
07-07 21:58:00.164   498  1441 I         :     0x00000000: 00400000 0000001c 006e0061 00720064 '..@.....a.n.d.r.'
07-07 21:58:00.164   498  1441 I         :     0x00000010: 0069006f 002e0064 00700061 002e0070 'o.i.d...a.p.p...'
07-07 21:58:00.164   498  1441 I         :     0x00000020: 00410049 00740063 00760069 00740069 'I.A.c.t.i.v.i.t.'
07-07 21:58:00.164   498  1441 I         :     0x00000030: 004d0079 006e0061 00670061 00720065 'y.M.a.n.a.g.e.r.'
07-07 21:58:00.164   498  1441 I         :     0x00000040: 00000000 73682a85 00000113 00000129 '.....*hs....)...'
07-07 21:58:00.164   498  1441 I         :     0x00000050: 00000000 00000000 ffffffff 00000000 '................'
07-07 21:58:00.164   498  1441 I         :     0x00000060: 00000000 50200014                   '...... P        '
07-07 21:58:00.164   498  1441 I         :   Object #0 @ 0x44: 'sh*' = 297)
07-07 21:58:00.164   498  1441 I         : Data addr = , offsets addr=0x9224f0c4
07-07 21:58:00.164   498  1441 I         : BC_TRANSACTION thr 0x85b06970 / hand 26 / code 0x00000016: Parcel(
07-07 21:58:00.164   498  1441 I         :     0x00000000: 00400000 0000001e 006e0061 00720064 '..@.....a.n.d.r.'
07-07 21:58:00.164   498  1441 I         :     0x00000010: 0069006f 002e0064 00700061 002e0070 'o.i.d...a.p.p...'
07-07 21:58:00.164   498  1441 I         :     0x00000020: 00410049 00700070 0069006c 00610063 'I.A.p.p.l.i.c.a.'
07-07 21:58:00.164   498  1441 I         :     0x00000030: 00690074 006e006f 00680054 00650072 't.i.o.n.T.h.r.e.'
07-07 21:58:00.164   498  1441 I         :     0x00000040: 00640061 00000000 73682a85 00000100 'a.d......*hs....'
07-07 21:58:00.164   498  1441 I         :     0x00000050: 0000012b 00000000 00000001 0000001f '+...............'
07-07 21:58:00.164   498  1441 I         :     0x00000060: 006e0061 00720064 0069006f 002e0064 'a.n.d.r.o.i.d...'
07-07 21:58:00.164   498  1441 I         :     0x00000070: 006e0069 00650074 0074006e 0061002e 'i.n.t.e.n.t...a.'
07-07 21:58:00.164   498  1441 I         :     0x00000080: 00740063 006f0069 002e006e 00490054 'c.t.i.o.n...T.I.'
07-07 21:58:00.164   498  1441 I         :     0x00000090: 0045004d 0054005f 00430049 0000004b 'M.E._.T.I.C.K...'
07-07 21:58:00.164   498  1441 I         :     0x000000a0: 00000000 ffffffff 50200014 ffffffff '.......... P....'
07-07 21:58:00.164   498  1441 I         :     0x000000b0: ffffffff 00000000 00000000 00000000 '................'
07-07 21:58:00.164   498  1441 I         :     0x000000c0: 00000000 fffffffe 00000054 4c444e42 '........T...BNDL'
07-07 21:58:00.164   498  1441 I         :     0x000000d0: 00000001 00000020
07-07 21:58:00.164   498  1441 D ipc     : >>>> SEND from pid 498 uid 1000 ONE WAY
07-07 21:58:00.164   269   317 I Parcel  : Parcel constructing 0xabd02788:357 (pid=269) Entry
07-07 21:58:00.164   269   306 D ipc     : NOT sending reply to 0!
07-07 21:58:00.165   269   317 I Parcel  : Parcel constructing 0xabd02754:357 (pid=269) Entry
07-07 21:58:00.165   498  1441 I         : Sending commands to driver: 
07-07 21:58:00.165   498  1441 I         :   0x00000000: 40286300 0000001a 00000000 00000016 '.c(@............'
